node.exe : - 
Building...
At line:1 char:1
+ & "C:\Program Files
\nodejs/node.exe" 
"C:\Program 
Files\nodejs/node_mo 
...
+ ~~~~~~~~~~~~~~~~~~~
~~~~~~~~~~~~~~~~~~~~~
~~~~~~~~~~~~~~~~~~~~~
~~~~~~~~
    + CategoryInfo   
           : NotSpe  
  cified: (- Build   
 ing...:String) [    
], RemoteExcepti    
on
    + FullyQualified 
   ErrorId : Native  
  CommandError
 

fatal error: 
runtime: cannot 
allocate memory

runtime stack:
runtime.throw({0x1393
08b?, 0xb076bffcc8?})
	runtime/panic.go:104
7 +0x65 
fp=0xb076bffc88 
sp=0xb076bffc58 
pc=0xdf8865
runtime.persistentall
oc1(0x1018, 
0xc0000569c0?, 
0x1769e58)
	runtime/malloc.go:14
40 +0x24f 
fp=0xb076bffcd0 
sp=0xb076bffc88 
pc=0xdce5af
runtime.persistentall
oc.func1()
	runtime/malloc.go:13
93 +0x2e 
fp=0xb076bffd00 
sp=0xb076bffcd0 
pc=0xdce32e
runtime.systemstack()
	runtime/asm_amd64.s:
496 +0x48 
fp=0xb076bffd08 
sp=0xb076bffd00 
pc=0xe291a8

goroutine 3 
[running]:
runtime.systemstack_s
witch()
	runtime/asm_amd64.s:
463 fp=0xc00005bd68 
sp=0xc00005bd60 
pc=0xe29140
runtime.persistentall
oc(0x800?, 0x40?, 
0xc0000569c0?)
	runtime/malloc.go:13
92 +0x66 
fp=0xc00005bdb0 
sp=0xc00005bd68 
pc=0xdce2a6
runtime.(*spanSetBloc
kAlloc).alloc(0x1bc61
b30000?)
	runtime/mspanset.go:
316 +0x76 
fp=0xc00005bdd8 
sp=0xc00005bdb0 
pc=0xdf04d6
runtime.(*spanSet).pu
sh(0x173b058, 
0x1bc5bb64078)
	runtime/mspanset.go:
125 +0x126 
fp=0xc00005be40 
sp=0xc00005bdd8 
pc=0xdf0126
runtime.(*sweepLocked
).sweep(0x1726980?, 
0x0)
	runtime/mgcsweep.go:
751 +0x736 
fp=0xc00005bf30 
sp=0xc00005be40 
pc=0xde4fd6
runtime.sweepone()
	runtime/mgcsweep.go:
391 +0xf9 
fp=0xc00005bf80 
sp=0xc00005bf30 
pc=0xde45b9
runtime.bgsweep(0x0?)
	runtime/mgcsweep.go:
299 +0xff 
fp=0xc00005bfc8 
sp=0xc00005bf80 
pc=0xde437f
runtime.gcenable.func
1()
	runtime/mgc.go:178 
+0x26 
fp=0xc00005bfe0 
sp=0xc00005bfc8 
pc=0xdd95a6
runtime.goexit()
	runtime/asm_amd64.s:
1598 +0x1 
fp=0xc00005bfe8 
sp=0xc00005bfe0 
pc=0xe2b421
created by 
runtime.gcenable
	runtime/mgc.go:178 
+0x6b

goroutine 1 
[syscall, locked to 
thread]:
runtime.cgocall(0xe2c
d80, 0xc0006002c0)
	runtime/cgocall.go:1
57 +0x4a 
fp=0xc000503a68 
sp=0xc000503a30 
pc=0xdc456a
syscall.SyscallN(0xe7
00503af0?, 
{0xc000503b00?, 
0xde7540?, 
0x1726980?})
	runtime/syscall_wind
ows.go:557 +0x109 
fp=0xc000503ae0 
sp=0xc000503a68 
pc=0xe27fa9
syscall.Syscall6(0x1b
c61af9a60?, 0x0?, 
0x120?, 
0xc000503bb0?, 
0xdd70b3?, 0x10000?, 
0xc000160470?, 
0x503bb0?)
	runtime/syscall_wind
ows.go:501 +0x50 
fp=0xc000503b40 
sp=0xc000503ae0 
pc=0xe27df0
syscall.readFile(0xdd
6a8b?, 
{0xc000174000?, 
0x4000, 0xe82685?}, 
0x85cbfd8?, 
0x800000?)
	syscall/zsyscall_win
dows.go:1024 +0x94 
fp=0xc000503bb8 
sp=0xc000503b40 
pc=0xe66994
syscall.ReadFile(...)
	syscall/syscall_wind
ows.go:404
syscall.Read(0xc00011
e000?, 
{0xc000174000?, 
0x130e2a0?, 
0xdd9831?})
	syscall/syscall_wind
ows.go:383 +0x33 
fp=0xc000503c10 
sp=0xc000503bb8 
pc=0xe62f73
internal/poll.(*FD).R
ead(0xc00011e000, 
{0xc000174000, 
0x4000, 0x4000})
	internal/poll/fd_win
dows.go:422 +0x1c5 
fp=0xc000503cb8 
sp=0xc000503c10 
pc=0xe83f65
os.(*File).read(...)
	os/file_posix.go:31
os.(*File).Read(0xc00
000a010, 
{0xc000174000?, 
0x4000?, 0x4000?})
	os/file.go:118 
+0x5e 
fp=0xc000503d10 
sp=0xc000503cb8 
pc=0xe8859e
main.runService(0x1)
	github.com/evanw/esb
uild/cmd/esbuild/serv
ice.go:134 +0x39d 
fp=0xc000503e38 
sp=0xc000503d10 
pc=0x12b09dd
main.main()
	github.com/evanw/esb
uild/cmd/esbuild/main
.go:240 +0xa29 
fp=0xc000503f80 
sp=0xc000503e38 
pc=0x12af0a9
runtime.main()
	runtime/proc.go:250 
+0x1f7 
fp=0xc000503fe0 
sp=0xc000503f80 
pc=0xdfafd7
runtime.goexit()
	runtime/asm_amd64.s:
1598 +0x1 
fp=0xc000503fe8 
sp=0xc000503fe0 
pc=0xe2b421

goroutine 2 [force 
gc (idle), 1 
minutes]:
runtime.gopark(0x0?, 
0x0?, 0x0?, 0x0?, 
0x0?)
	runtime/proc.go:381 
+0xd6 
fp=0xc000059fb0 
sp=0xc000059f90 
pc=0xdfb3f6
runtime.goparkunlock(
...)
	runtime/proc.go:387
runtime.forcegchelper
()
	runtime/proc.go:305 
+0xb2 
fp=0xc000059fe0 
sp=0xc000059fb0 
pc=0xdfb212
runtime.goexit()
	runtime/asm_amd64.s:
1598 +0x1 
fp=0xc000059fe8 
sp=0xc000059fe0 
pc=0xe2b421
created by 
runtime.init.6
	runtime/proc.go:293 
+0x25

goroutine 4 [GC 
scavenge wait]:
runtime.gopark(0x1b97
942d89d2c?, 
0xf6504?, 0x0?, 
0x0?, 0x0?)
	runtime/proc.go:381 
+0xd6 
fp=0xc00006bf70 
sp=0xc00006bf50 
pc=0xdfb3f6
runtime.goparkunlock(
...)
	runtime/proc.go:387
runtime.(*scavengerSt
ate).park(0x170e700)
	runtime/mgcscavenge.
go:400 +0x53 
fp=0xc00006bfa0 
sp=0xc00006bf70 
pc=0xde2213
runtime.bgscavenge(0x
0?)
	runtime/mgcscavenge.
go:633 +0x65 
fp=0xc00006bfc8 
sp=0xc00006bfa0 
pc=0xde2825
runtime.gcenable.func
2()
	runtime/mgc.go:179 
+0x26 
fp=0xc00006bfe0 
sp=0xc00006bfc8 
pc=0xdd9546
runtime.goexit()
	runtime/asm_amd64.s:
1598 +0x1 
fp=0xc00006bfe8 
sp=0xc00006bfe0 
pc=0xe2b421
created by 
runtime.gcenable
	runtime/mgc.go:179 
+0xaa

goroutine 5 
[finalizer wait, 1 
minutes]:
runtime.gopark(0xdfb7
72?, 0xdfb145?, 
0x0?, 0x0?, 
0xc00005df70?)
	runtime/proc.go:381 
+0xd6 
fp=0xc00005de28 
sp=0xc00005de08 
pc=0xdfb3f6
runtime.runfinq()
	runtime/mfinal.go:19
3 +0x107 
fp=0xc00005dfe0 
sp=0xc00005de28 
pc=0xdd8607
runtime.goexit()
	runtime/asm_amd64.s:
1598 +0x1 
fp=0xc00005dfe8 
sp=0xc00005dfe0 
pc=0xe2b421
created by 
runtime.createfing
	runtime/mfinal.go:16
3 +0x45

goroutine 6 [chan 
receive]:
runtime.gopark(0xc006
3402a0?, 
0xc0014a8600?, 0x0?, 
0x0?, 0x0?)
	runtime/proc.go:381 
+0xd6 
fp=0xc00006dec8 
sp=0xc00006dea8 
pc=0xdfb3f6
runtime.chanrecv(0xc0
00032180, 
0xc00006dfb8, 0x1)
	runtime/chan.go:583 
+0x49d 
fp=0xc00006df58 
sp=0xc00006dec8 
pc=0xdc6abd
runtime.chanrecv2(0xc
00000a018?, 
0xc0014a8600?)
	runtime/chan.go:447 
+0x18 
fp=0xc00006df80 
sp=0xc00006df58 
pc=0xdc65f8
main.runService.func1
()
	github.com/evanw/esb
uild/cmd/esbuild/serv
ice.go:98 +0x4a 
fp=0xc00006dfe0 
sp=0xc00006df80 
pc=0x12b0eaa
runtime.goexit()
	runtime/asm_amd64.s:
1598 +0x1 
fp=0xc00006dfe8 
sp=0xc00006dfe0 
pc=0xe2b421
created by 
main.runService
	github.com/evanw/esb
uild/cmd/esbuild/serv
ice.go:97 +0x1ea

goroutine 7 [chan 
receive]:
runtime.gopark(0xc000
067f30?, 
0xc0063402a0?, 
0xa0?, 0xe2?, 
0xc000067ef0?)
	runtime/proc.go:381 
+0xd6 
fp=0xc000067e88 
sp=0xc000067e68 
pc=0xdfb3f6
runtime.chanrecv(0xc0
031f1e00, 
0xc000067f68, 0x1)
	runtime/chan.go:583 
+0x49d 
fp=0xc000067f18 
sp=0xc000067e88 
pc=0xdc6abd
runtime.chanrecv1(0x1
30e2a0?, 
0xc001a305d0?)
	runtime/chan.go:442 
+0x18 
fp=0xc000067f40 
sp=0xc000067f18 
pc=0xdc65b8
main.(*serviceType).s
endRequest(0xc0001604
50, {0x130e2a0, 
0xc001a305d0})
	github.com/evanw/esb
uild/cmd/esbuild/serv
ice.go:192 +0xfa 
fp=0xc000067fa0 
sp=0xc000067f40 
pc=0x12b105a
main.runService.func3
()
	github.com/evanw/esb
uild/cmd/esbuild/serv
ice.go:125 +0x39 
fp=0xc000067fe0 
sp=0xc000067fa0 
pc=0x12b0d59
runtime.goexit()
	runtime/asm_amd64.s:
1598 +0x1 
fp=0xc000067fe8 
sp=0xc000067fe0 
pc=0xe2b421
created by 
main.runService
	github.com/evanw/esb
uild/cmd/esbuild/serv
ice.go:122 +0x32a

goroutine 1256 [chan 
receive]:
runtime.gopark(0xc006
d6a1b8?, 
0xc0063402a0?, 
0xa0?, 0xe2?, 
0xc006d6a178?)
	runtime/proc.go:381 
+0xd6 
fp=0xc006d6a110 
sp=0xc006d6a0f0 
pc=0xdfb3f6
runtime.chanrecv(0xc0
01a1e540, 
0xc006d6a1f0, 0x1)
	runtime/chan.go:583 
+0x49d 
fp=0xc006d6a1a0 
sp=0xc006d6a110 
pc=0xdc6abd
runtime.chanrecv1(0x1
30e2a0?, 
0xc006d52fc0?)
	runtime/chan.go:442 
+0x18 
fp=0xc006d6a1c8 
sp=0xc006d6a1a0 
pc=0xdc65b8
main.(*serviceType).s
endRequest(0xc0001604
50, {0x130e2a0, 
0xc006d52fc0})
	github.com/evanw/esb
uild/cmd/esbuild/serv
ice.go:192 +0xfa 
fp=0xc006d6a228 
sp=0xc006d6a1c8 
pc=0x12b105a
main.(*serviceType).c
onvertPlugins.func2.4
({{0xc006d5ac40, 
0x64}, {0x137fff4, 
0x4}, {0x0, 0x0}, 
{0x0, 0x0}, 
0xc006d52f60})
	github.com/evanw/esb
uild/cmd/esbuild/serv
ice.go:1063 +0x811 
fp=0xc006d6a520 
sp=0xc006d6a228 
pc=0x12b8671
github.com/evanw/esbu
ild/pkg/api.(*pluginI
mpl).onLoad.func1({{0
x0, 0x0}, 
{{0xc006d5ac40, 
0x64}, {0x137fff4, 
0x4}, {0x0, 0x0}, 
{{0x0, 0x0}}, ...}})
	github.com/evanw/esb
uild/pkg/api/api_impl
.go:1995 +0x266 
fp=0xc006d6a830 
sp=0xc006d6a520 
pc=0x127f486
github.com/evanw/esbu
ild/internal/bundler.
runOnLoadPlugins({0xc
0004101e0?, 0x1, 
0x0?}, 0x0?, 
{0x147b078, 
0xc0005a6120?}, 
0x0?, {0xc0005d0000, 
0xc0005ac0f0, 
0xc0005ac108, ...}, 
...)
	github.com/evanw/esb
uild/internal/bundler
/bundler.go:1009 
+0x15b8 
fp=0xc006d6af48 
sp=0xc006d6a830 
pc=0x11d6118
github.com/evanw/esbu
ild/internal/bundler.
parseFile({{0x147b078
, 0xc0005a6120}, 
{0xc0005d0000, 
0xc0005ac0f0, 
0xc0005ac108, 
0xc0005a6100, 0x6, 
0xc00040a1b0}, 
0xc0005ce480, 
0xc000410180, ...})
	github.com/evanw/esb
uild/internal/bundler
/bundler.go:144 
+0x25f 
fp=0xc006d6db30 
sp=0xc006d6af48 
pc=0x11cc47f
github.com/evanw/esbu
ild/internal/bundler.
(*scanner).maybeParse
File.func1()
	github.com/evanw/esb
uild/internal/bundler
/bundler.go:1476 
+0x45 
fp=0xc006d6dfe0 
sp=0xc006d6db30 
pc=0x11d8da5
runtime.goexit()
	runtime/asm_amd64.s:
1598 +0x1 
fp=0xc006d6dfe8 
sp=0xc006d6dfe0 
pc=0xe2b421
created by github.com
/evanw/esbuild/intern
al/bundler.(*scanner)
.maybeParseFile
	github.com/evanw/esb
uild/internal/bundler
/bundler.go:1476 
+0xaeb

goroutine 11 [chan 
receive, 1 minutes]:
runtime.gopark(0x11aa
105?, 0xc0022ee4a3?, 
0xf0?, 0x15?, 
0xc00051f958?)
	runtime/proc.go:381 
+0xd6 
fp=0xc00051f8d8 
sp=0xc00051f8b8 
pc=0xdfb3f6
runtime.chanrecv(0xc0
001ca1e0, 
0xc00051fd70, 0x1)
	runtime/chan.go:583 
+0x49d 
fp=0xc00051f968 
sp=0xc00051f8d8 
pc=0xdc6abd
runtime.chanrecv1(0xc
0022ee480?, 0x51?)
	runtime/chan.go:442 
+0x18 
fp=0xc00051f990 
sp=0xc00051f968 
pc=0xdc65b8
github.com/evanw/esbu
ild/internal/bundler.
(*scanner).scanAllDep
endencies(0xc0000e600
0)
	github.com/evanw/esb
uild/internal/bundler
/bundler.go:2004 
+0x239 
fp=0xc00051feb0 
sp=0xc00051f990 
pc=0x11ddeb9
github.com/evanw/esbu
ild/internal/bundler.
ScanBundle(_, {_, _, 
_, _, _, _}, {_, _}, 
0xc0003d81e0, ...)
	github.com/evanw/esb
uild/internal/bundler
/bundler.go:1353 
+0xb36 
fp=0xc000520570 
sp=0xc00051feb0 
pc=0x11d74f6
github.com/evanw/esbu
ild/pkg/api.rebuildIm
pl({0xc0003d81e0, 
{0x0, 0x0, 0x0}, 
{0x0, 0x0, 0x0}, 
{0x0, 0x1, 0x0, 
...}, ...}, ...)
	github.com/evanw/esb
uild/pkg/api/api_impl
.go:1506 +0x2e5 
fp=0xc000521708 
sp=0xc000520570 
pc=0x127a825
github.com/evanw/esbu
ild/pkg/api.(*interna
lContext).rebuild(_)
	github.com/evanw/esb
uild/pkg/api/api_impl
.go:1025 +0x2a5 
fp=0xc000522c30 
sp=0xc000521708 
pc=0x1276b45
github.com/evanw/esbu
ild/pkg/api.(*interna
lContext).Rebuild(...
)
	github.com/evanw/esb
uild/pkg/api/api_impl
.go:1086
github.com/evanw/esbu
ild/pkg/api.Build({0x
0, 0x0, 0x0, 
0xc0003d00c0, 0x2, 
{0x0, 0x0}, 0x0, 
0x0, {0xc0003ce300, 
...}, ...})
	github.com/evanw/esb
uild/pkg/api/api.go:3
84 +0xb6 
fp=0xc0005234c8 
sp=0xc000522c30 
pc=0x126ee56
main.(*serviceType).h
andleBuildRequest(0xc
000160450, 0x0?, 
0xc00030c3c0?)
	github.com/evanw/esb
uild/cmd/esbuild/serv
ice.go:763 +0xe58 
fp=0xc000523f78 
sp=0xc0005234c8 
pc=0x12b63b8
main.(*serviceType).h
andleIncomingPacket.f
unc2()
	github.com/evanw/esb
uild/cmd/esbuild/serv
ice.go:235 +0x68 
fp=0xc000523fe0 
sp=0xc000523f78 
pc=0x12b5288
runtime.goexit()
	runtime/asm_amd64.s:
1598 +0x1 
fp=0xc000523fe8 
sp=0xc000523fe0 
pc=0xe2b421
created by main.(*ser
viceType).handleIncom
ingPacket
	github.com/evanw/esb
uild/cmd/esbuild/serv
ice.go:233 +0x1c5

goroutine 12 [chan 
receive]:
runtime.gopark(0x11aa
105?, 0xc006dd91a3?, 
0x0?, 0x20?, 
0xc000535958?)
	runtime/proc.go:381 
+0xd6 
fp=0xc0005358d8 
sp=0xc0005358b8 
pc=0xdfb3f6
runtime.chanrecv(0xc0
004e8060, 
0xc000535d70, 0x1)
	runtime/chan.go:583 
+0x49d 
fp=0xc000535968 
sp=0xc0005358d8 
pc=0xdc6abd
runtime.chanrecv1(0xc
006dd9180?, 0x6a?)
	runtime/chan.go:442 
+0x18 
fp=0xc000535990 
sp=0xc000535968 
pc=0xdc65b8
github.com/evanw/esbu
ild/internal/bundler.
(*scanner).scanAllDep
endencies(0xc00025000
0)
	github.com/evanw/esb
uild/internal/bundler
/bundler.go:2004 
+0x239 
fp=0xc000535eb0 
sp=0xc000535990 
pc=0x11ddeb9
github.com/evanw/esbu
ild/internal/bundler.
ScanBundle(_, {_, _, 
_, _, _, _}, {_, _}, 
0xc000410180, ...)
	github.com/evanw/esb
uild/internal/bundler
/bundler.go:1353 
+0xb36 
fp=0xc000536570 
sp=0xc000535eb0 
pc=0x11d74f6
github.com/evanw/esbu
ild/pkg/api.rebuildIm
pl({0xc000410180, 
{0x0, 0x0, 0x0}, 
{0x0, 0x0, 0x0}, 
{0x0, 0x1, 0x0, 
...}, ...}, ...)
	github.com/evanw/esb
uild/pkg/api/api_impl
.go:1506 +0x2e5 
fp=0xc000537708 
sp=0xc000536570 
pc=0x127a825
github.com/evanw/esbu
ild/pkg/api.(*interna
lContext).rebuild(_)
	github.com/evanw/esb
uild/pkg/api/api_impl
.go:1025 +0x2a5 
fp=0xc000538c30 
sp=0xc000537708 
pc=0x1276b45
github.com/evanw/esbu
ild/pkg/api.(*interna
lContext).Rebuild(...
)
	github.com/evanw/esb
uild/pkg/api/api_impl
.go:1086
github.com/evanw/esbu
ild/pkg/api.Build({0x
0, 0x0, 0x0, 
0xc00040a0c0, 0x2, 
{0x0, 0x0}, 0x0, 
0x0, {0xc000408300, 
...}, ...})
	github.com/evanw/esb
uild/pkg/api/api.go:3
84 +0xb6 
fp=0xc0005394c8 
sp=0xc000538c30 
pc=0x126ee56
main.(*serviceType).h
andleBuildRequest(0xc
000160450, 0x0?, 
0x0?)
	github.com/evanw/esb
uild/cmd/esbuild/serv
ice.go:763 +0xe58 
fp=0xc000539f78 
sp=0xc0005394c8 
pc=0x12b63b8
main.(*serviceType).h
andleIncomingPacket.f
unc2()
	github.com/evanw/esb
uild/cmd/esbuild/serv
ice.go:235 +0x68 
fp=0xc000539fe0 
sp=0xc000539f78 
pc=0x12b5288
runtime.goexit()
	runtime/asm_amd64.s:
1598 +0x1 
fp=0xc000539fe8 
sp=0xc000539fe0 
pc=0xe2b421
created by main.(*ser
viceType).handleIncom
ingPacket
	github.com/evanw/esb
uild/cmd/esbuild/serv
ice.go:233 +0x1c5

goroutine 50 [GC 
worker (idle), 1 
minutes]:
runtime.gopark(0xc000
2e4ae9?, 0x14751a0?, 
0x80?, 0x50?, 
0xc00030bfd0?)
	runtime/proc.go:381 
+0xd6 
fp=0xc00030bf50 
sp=0xc00030bf30 
pc=0xdfb3f6
runtime.gcBgMarkWorke
r()
	runtime/mgc.go:1275 
+0xf1 
fp=0xc00030bfe0 
sp=0xc00030bf50 
pc=0xddb211
runtime.goexit()
	runtime/asm_amd64.s:
1598 +0x1 
fp=0xc00030bfe8 
sp=0xc00030bfe0 
pc=0xe2b421
created by runtime.gc
BgMarkStartWorkers
	runtime/mgc.go:1199 
+0x25

goroutine 14 [GC 
worker (idle), 1 
minutes]:
runtime.gopark(0x1b97
961b624f8?, 0x3?, 
0xc?, 0x1d?, 
0xc000307fd0?)
	runtime/proc.go:381 
+0xd6 
fp=0xc000307f50 
sp=0xc000307f30 
pc=0xdfb3f6
runtime.gcBgMarkWorke
r()
	runtime/mgc.go:1275 
+0xf1 
fp=0xc000307fe0 
sp=0xc000307f50 
pc=0xddb211
runtime.goexit()
	runtime/asm_amd64.s:
1598 +0x1 
fp=0xc000307fe8 
sp=0xc000307fe0 
pc=0xe2b421
created by runtime.gc
BgMarkStartWorkers
	runtime/mgc.go:1199 
+0x25

goroutine 66 [GC 
worker (idle)]:
runtime.gopark(0x1b99
0c8589aa8?, 0x3?, 
0xe4?, 0x3d?, 0x0?)
	runtime/proc.go:381 
+0xd6 
fp=0xc000505f50 
sp=0xc000505f30 
pc=0xdfb3f6
runtime.gcBgMarkWorke
r()
	runtime/mgc.go:1275 
+0xf1 
fp=0xc000505fe0 
sp=0xc000505f50 
pc=0xddb211
runtime.goexit()
	runtime/asm_amd64.s:
1598 +0x1 
fp=0xc000505fe8 
sp=0xc000505fe0 
pc=0xe2b421
created by runtime.gc
BgMarkStartWorkers
	runtime/mgc.go:1199 
+0x25

goroutine 20 [GC 
worker (idle)]:
runtime.gopark(0x1b99
0c8777900?, 0x1?, 
0x8?, 0x4f?, 0x0?)
	runtime/proc.go:381 
+0xd6 
fp=0xc0001d5f50 
sp=0xc0001d5f30 
pc=0xdfb3f6
runtime.gcBgMarkWorke
r()
	runtime/mgc.go:1275 
+0xf1 
fp=0xc0001d5fe0 
sp=0xc0001d5f50 
pc=0xddb211
runtime.goexit()
	runtime/asm_amd64.s:
1598 +0x1 
fp=0xc0001d5fe8 
sp=0xc0001d5fe0 
pc=0xe2b421
created by runtime.gc
BgMarkStartWorkers
	runtime/mgc.go:1199 
+0x25

goroutine 36 [GC 
worker (idle)]:
runtime.gopark(0x1b99
0ca0c2964?, 0x3?, 
0x0?, 0x0?, 
0xc0001d3fd0?)
	runtime/proc.go:381 
+0xd6 
fp=0xc0001d3f50 
sp=0xc0001d3f30 
pc=0xdfb3f6
runtime.gcBgMarkWorke
r()
	runtime/mgc.go:1275 
+0xf1 
fp=0xc0001d3fe0 
sp=0xc0001d3f50 
pc=0xddb211
runtime.goexit()
	runtime/asm_amd64.s:
1598 +0x1 
fp=0xc0001d3fe8 
sp=0xc0001d3fe0 
pc=0xe2b421
created by runtime.gc
BgMarkStartWorkers
	runtime/mgc.go:1199 
+0x25

goroutine 21 [GC 
worker (idle), 1 
minutes]:
runtime.gopark(0x1b97
757c99364?, 0x0?, 
0x0?, 0x0?, 0x0?)
	runtime/proc.go:381 
+0xd6 
fp=0xc0001d7f50 
sp=0xc0001d7f30 
pc=0xdfb3f6
runtime.gcBgMarkWorke
r()
	runtime/mgc.go:1275 
+0xf1 
fp=0xc0001d7fe0 
sp=0xc0001d7f50 
pc=0xddb211
runtime.goexit()
	runtime/asm_amd64.s:
1598 +0x1 
fp=0xc0001d7fe8 
sp=0xc0001d7fe0 
pc=0xe2b421
created by runtime.gc
BgMarkStartWorkers
	runtime/mgc.go:1199 
+0x25

goroutine 37 [GC 
worker (idle)]:
runtime.gopark(0x13c9
540?, 0xc0003f40e0?, 
0x1a?, 0x14?, 0x0?)
	runtime/proc.go:381 
+0xd6 
fp=0xc000069f50 
sp=0xc000069f30 
pc=0xdfb3f6
runtime.gcBgMarkWorke
r()
	runtime/mgc.go:1275 
+0xf1 
fp=0xc000069fe0 
sp=0xc000069f50 
pc=0xddb211
runtime.goexit()
	runtime/asm_amd64.s:
1598 +0x1 
fp=0xc000069fe8 
sp=0xc000069fe0 
pc=0xe2b421
created by runtime.gc
BgMarkStartWorkers
	runtime/mgc.go:1199 
+0x25

goroutine 22 [GC 
worker (idle)]:
runtime.gopark(0x1b99
0c8777900?, 0x1?, 
0x0?, 0x2?, 0x0?)
	runtime/proc.go:381 
+0xd6 
fp=0xc0001d9f50 
sp=0xc0001d9f30 
pc=0xdfb3f6
runtime.gcBgMarkWorke
r()
	runtime/mgc.go:1275 
+0xf1 
fp=0xc0001d9fe0 
sp=0xc0001d9f50 
pc=0xddb211
runtime.goexit()
	runtime/asm_amd64.s:
1598 +0x1 
fp=0xc0001d9fe8 
sp=0xc0001d9fe0 
pc=0xe2b421
created by runtime.gc
BgMarkStartWorkers
	runtime/mgc.go:1199 
+0x25

goroutine 562 [chan 
receive, 1 minutes]:
runtime.gopark(0xc000
5401b8?, 
0xc001100000?, 
0xa0?, 0xe2?, 
0xc000540178?)
	runtime/proc.go:381 
+0xd6 
fp=0xc000540110 
sp=0xc0005400f0 
pc=0xdfb3f6
runtime.chanrecv(0xc0
002de6c0, 
0xc0005401f0, 0x1)
	runtime/chan.go:583 
+0x49d 
fp=0xc0005401a0 
sp=0xc000540110 
pc=0xdc6abd
runtime.chanrecv1(0x1
30e2a0?, 
0xc00028bd70?)
	runtime/chan.go:442 
+0x18 
fp=0xc0005401c8 
sp=0xc0005401a0 
pc=0xdc65b8
main.(*serviceType).s
endRequest(0xc0001604
50, {0x130e2a0, 
0xc00028bd70})
	github.com/evanw/esb
uild/cmd/esbuild/serv
ice.go:192 +0xfa 
fp=0xc000540228 
sp=0xc0005401c8 
pc=0x12b105a
main.(*serviceType).c
onvertPlugins.func2.4
({{0xc0031f02a0, 
0x51}, {0x137fff4, 
0x4}, {0x0, 0x0}, 
{0x0, 0x0}, 
0xc00028bc20})
	github.com/evanw/esb
uild/cmd/esbuild/serv
ice.go:1063 +0x811 
fp=0xc000540520 
sp=0xc000540228 
pc=0x12b8671
github.com/evanw/esbu
ild/pkg/api.(*pluginI
mpl).onLoad.func1({{0
x0, 0x0}, 
{{0xc0031f02a0, 
0x51}, {0x137fff4, 
0x4}, {0x0, 0x0}, 
{{0x0, 0x0}}, ...}})
	github.com/evanw/esb
uild/pkg/api/api_impl
.go:1995 +0x266 
fp=0xc000540830 
sp=0xc000540520 
pc=0x127f486
github.com/evanw/esbu
ild/internal/bundler.
runOnLoadPlugins({0xc
0004101e0?, 0x1, 
0x10c0570?}, 
0x130db20?, 
{0x147b078, 
0xc0005a6120?}, 
0x1?, {0xc0005d0000, 
0xc0005ac0f0, 
0xc0005ac108, ...}, 
...)
	github.com/evanw/esb
uild/internal/bundler
/bundler.go:1009 
+0x15b8 
fp=0xc000540f48 
sp=0xc000540830 
pc=0x11d6118
github.com/evanw/esbu
ild/internal/bundler.
parseFile({{0x147b078
, 0xc0005a6120}, 
{0xc0005d0000, 
0xc0005ac0f0, 
0xc0005ac108, 
0xc0005a6100, 0x6, 
0xc00040a1b0}, 
0xc0005ce480, 
0xc000410180, ...})
	github.com/evanw/esb
uild/internal/bundler
/bundler.go:144 
+0x25f 
fp=0xc000543b30 
sp=0xc000540f48 
pc=0x11cc47f
github.com/evanw/esbu
ild/internal/bundler.
(*scanner).maybeParse
File.func1()
	github.com/evanw/esb
uild/internal/bundler
/bundler.go:1476 
+0x45 
fp=0xc000543fe0 
sp=0xc000543b30 
pc=0x11d8da5
runtime.goexit()
	runtime/asm_amd64.s:
1598 +0x1 
fp=0xc000543fe8 
sp=0xc000543fe0 
pc=0xe2b421
created by github.com
/evanw/esbuild/intern
al/bundler.(*scanner)
.maybeParseFile
	github.com/evanw/esb
uild/internal/bundler
/bundler.go:1476 
+0xaeb

goroutine 464 
[runnable]:
runtime.gcTrigger.tes
t({0x0?, 0x0?, 0x0?})
	runtime/mgc.go:547 
+0xfb 
fp=0xc00282f4a8 
sp=0xc00282f4a0 
pc=0xdd985b
runtime.mallocgc(0x50
, 0x0, 0x0)
	runtime/malloc.go:11
71 +0x768 
fp=0xc00282f510 
sp=0xc00282f4a8 
pc=0xdcdc88
runtime.rawstring(...
)
	
runtime/string.go:267
runtime.rawstringtmp(
0xffffffffffffffff?, 
0x50)
	runtime/string.go:13
1 +0x46 
fp=0xc00282f538 
sp=0xc00282f510 
pc=0xe11e66
runtime.concatstrings
(0x4f?, 
{0xc00282f5c8?, 0x2, 
0x0?})
	
runtime/string.go:51 
+0xe9 
fp=0xc00282f5a8 
sp=0xc00282f538 
pc=0xe11809
runtime.concatstring2
(0xc0003fc0c0?, 
{0xc001b24240?, 
0xc001b24291?}, 
{0xc001b24242?, 
0x4f?})
	
runtime/string.go:60 
+0x50 
fp=0xc00282f5f8 
sp=0xc00282f5a8 
pc=0xe119b0
github.com/evanw/esbu
ild/internal/fs.goFil
epath.dir({{0xc0003fc
0c0?, 
0xc001b24240?}, 
0x5a?, 0x0?}, 
{0xc001b24240, 0x5a})
	github.com/evanw/esb
uild/internal/fs/file
path.go:493 +0x126 
fp=0xc00282f650 
sp=0xc00282f5f8 
pc=0x1185826
github.com/evanw/esbu
ild/internal/fs.(*rea
lFS).Dir(0xc001b24240
?, {0xc001b24240?, 
0x1?})
	github.com/evanw/esb
uild/internal/fs/fs_r
eal.go:317 +0x3e 
fp=0xc00282f688 
sp=0xc00282f650 
pc=0x118aa7e
github.com/evanw/esbu
ild/internal/fs.(*zip
FS).Dir(0xc0003e6140,
 {0xc001b24240, 
0x5a})
	github.com/evanw/esb
uild/internal/fs/fs_z
ip.go:302 +0x5e 
fp=0xc00282f6b0 
sp=0xc00282f688 
pc=0x118e47e
github.com/evanw/esbu
ild/internal/resolver
.resolverQuery.resolv
eWithoutSymlinks({0xc
000128d80?, 
0xc0063f55e0?, 0x0?, 
0x0?}, 
{0xc000443c20, 
0x47}, 0xc006475680, 
{0xc0025fcbc0, 0x1f})
	github.com/evanw/esb
uild/internal/resolve
r/resolver.go:990 
+0xa27 
fp=0xc002830088 
sp=0xc00282f6b0 
pc=0x11a8fa7
github.com/evanw/esbu
ild/internal/resolver
.(*Resolver).Resolve(
0xc000128d80, 
{0xc000443c20, 
0x47}, 
{0xc0025fcbc0, 
0x1f}, 0x1)
	github.com/evanw/esb
uild/internal/resolve
r/resolver.go:541 
+0x167e 
fp=0xc0028309e0 
sp=0xc002830088 
pc=0x11a2f5e
github.com/evanw/esbu
ild/internal/bundler.
RunOnResolvePlugins({
_, _, _}, _, 
{0xc0003ecb60, 
0xc0003d62d0, 
0xc0003d62e8, 
0xc0003e6120, 0x6, 
0xc0003d0420}, ...)
	github.com/evanw/esb
uild/internal/bundler
/bundler.go:961 
+0x35a 
fp=0xc002830f48 
sp=0xc0028309e0 
pc=0x11d3dfa
github.com/evanw/esbu
ild/internal/bundler.
parseFile({{0x147b078
, 0xc0003e6140}, 
{0xc0003ecb60, 
0xc0003d62d0, 
0xc0003d62e8, 
0xc0003e6120, 0x6, 
0xc0003d0420}, 
0xc000128d80, 
0xc0003d81e0, ...})
	github.com/evanw/esb
uild/internal/bundler
/bundler.go:455 
+0x3675 
fp=0xc002833b30 
sp=0xc002830f48 
pc=0x11cf895
github.com/evanw/esbu
ild/internal/bundler.
(*scanner).maybeParse
File.func1()
	github.com/evanw/esb
uild/internal/bundler
/bundler.go:1476 
+0x45 
fp=0xc002833fe0 
sp=0xc002833b30 
pc=0x11d8da5
runtime.goexit()
	runtime/asm_amd64.s:
1598 +0x1 
fp=0xc002833fe8 
sp=0xc002833fe0 
pc=0xe2b421
created by github.com
/evanw/esbuild/intern
al/bundler.(*scanner)
.maybeParseFile
	github.com/evanw/esb
uild/internal/bundler
/bundler.go:1476 
+0xaeb

goroutine 546 [chan 
receive, 1 minutes]:
runtime.gopark(0xc001
748c00?, 0x12be4a3?, 
0xa0?, 0xe2?, 
0xc003a7b4d0?)
	runtime/proc.go:381 
+0xd6 
fp=0xc003bf8110 
sp=0xc003bf80f0 
pc=0xdfb3f6
runtime.chanrecv(0xc0
00747620, 
0xc003bf81f0, 0x1)
	runtime/chan.go:583 
+0x49d 
fp=0xc003bf81a0 
sp=0xc003bf8110 
pc=0xdc6abd
runtime.chanrecv1(0x1
30e2a0?, 
0xc003a7b4d0?)
	runtime/chan.go:442 
+0x18 
fp=0xc003bf81c8 
sp=0xc003bf81a0 
pc=0xdc65b8
main.(*serviceType).s
endRequest(0xc0001604
50, {0x130e2a0, 
0xc003a7b4d0})
	github.com/evanw/esb
uild/cmd/esbuild/serv
ice.go:192 +0xfa 
fp=0xc003bf8228 
sp=0xc003bf81c8 
pc=0x12b105a
main.(*serviceType).c
onvertPlugins.func2.4
({{0xc0000f1650, 
0x65}, {0x137fff4, 
0x4}, {0x0, 0x0}, 
{0x0, 0x0}, 
0xc003a7b470})
	github.com/evanw/esb
uild/cmd/esbuild/serv
ice.go:1063 +0x811 
fp=0xc003bf8520 
sp=0xc003bf8228 
pc=0x12b8671
github.com/evanw/esbu
ild/pkg/api.(*pluginI
mpl).onLoad.func1({{0
x0, 0x0}, 
{{0xc0000f1650, 
0x65}, {0x137fff4, 
0x4}, {0x0, 0x0}, 
{{0x0, 0x0}}, ...}})
	github.com/evanw/esb
uild/pkg/api/api_impl
.go:1995 +0x266 
fp=0xc003bf8830 
sp=0xc003bf8520 
pc=0x127f486
github.com/evanw/esbu
ild/internal/bundler.
runOnLoadPlugins({0xc
0003d8240?, 0x1, 
0x0?}, 0x0?, 
{0x147b078, 
0xc0003e6140?}, 
0x0?, {0xc0003ecb60, 
0xc0003d62d0, 
0xc0003d62e8, ...}, 
...)
	github.com/evanw/esb
uild/internal/bundler
/bundler.go:1009 
+0x15b8 
fp=0xc003bf8f48 
sp=0xc003bf8830 
pc=0x11d6118
github.com/evanw/esbu
ild/internal/bundler.
parseFile({{0x147b078
, 0xc0003e6140}, 
{0xc0003ecb60, 
0xc0003d62d0, 
0xc0003d62e8, 
0xc0003e6120, 0x6, 
0xc0003d0420}, 
0xc000128d80, 
0xc0003d81e0, ...})
	github.com/evanw/esb
uild/internal/bundler
/bundler.go:144 
+0x25f 
fp=0xc003bfbb30 
sp=0xc003bf8f48 
pc=0x11cc47f
github.com/evanw/esbu
ild/internal/bundler.
(*scanner).maybeParse
File.func1()
	github.com/evanw/esb
uild/internal/bundler
/bundler.go:1476 
+0x45 
fp=0xc003bfbfe0 
sp=0xc003bfbb30 
pc=0x11d8da5
runtime.goexit()
	runtime/asm_amd64.s:
1598 +0x1 
fp=0xc003bfbfe8 
sp=0xc003bfbfe0 
pc=0xe2b421
created by github.com
/evanw/esbuild/intern
al/bundler.(*scanner)
.maybeParseFile
	github.com/evanw/esb
uild/internal/bundler
/bundler.go:1476 
+0xaeb

goroutine 607 
[sync.Mutex.Lock]:
runtime.gopark(0x11a6
285?, 0xc000128d80?, 
0x20?, 0xdc?, 0x0?)
	runtime/proc.go:381 
+0xd6 
fp=0xc001ebbf98 
sp=0xc001ebbf78 
pc=0xdfb3f6
runtime.goparkunlock(
...)
	runtime/proc.go:387
runtime.semacquire1(0
xc0001291cc, 0x50?, 
0x3, 0x1, 0xfc?)
	runtime/sema.go:160 
+0x21c 
fp=0xc001ebc000 
sp=0xc001ebbf98 
pc=0xe0c07c
sync.runtime_Semacqui
reMutex(0xc001c60800?
, 0xeb?, 
0xc0018bf160?)
	runtime/sema.go:77 
+0x26 
fp=0xc001ebc038 
sp=0xc001ebc000 
pc=0xe26866
sync.(*Mutex).lockSlo
w(0xc0001291c8)
	sync/mutex.go:171 
+0x165 
fp=0xc001ebc088 
sp=0xc001ebc038 
pc=0xe47465
sync.(*Mutex).Lock(..
.)
	sync/mutex.go:90
github.com/evanw/esbu
ild/internal/resolver
.(*Resolver).Resolve(
0xc000128d80, 
{0xc0008c8180, 
0x3b}, 
{0xc0018bf160, 0xb}, 
0x2)
	github.com/evanw/esb
uild/internal/resolve
r/resolver.go:505 
+0xf85 
fp=0xc001ebc9e0 
sp=0xc001ebc088 
pc=0x11a2865
github.com/evanw/esbu
ild/internal/bundler.
RunOnResolvePlugins({
_, _, _}, _, 
{0xc0003ecb60, 
0xc0003d62d0, 
0xc0003d62e8, 
0xc0003e6120, 0x6, 
0xc0003d0420}, ...)
	github.com/evanw/esb
uild/internal/bundler
/bundler.go:961 
+0x35a 
fp=0xc001ebcf48 
sp=0xc001ebc9e0 
pc=0x11d3dfa
github.com/evanw/esbu
ild/internal/bundler.
parseFile({{0x147b078
, 0xc0003e6140}, 
{0xc0003ecb60, 
0xc0003d62d0, 
0xc0003d62e8, 
0xc0003e6120, 0x6, 
0xc0003d0420}, 
0xc000128d80, 
0xc0003d81e0, ...})
	github.com/evanw/esb
uild/internal/bundler
/bundler.go:455 
+0x3675 
fp=0xc001ebfb30 
sp=0xc001ebcf48 
pc=0x11cf895
github.com/evanw/esbu
ild/internal/bundler.
(*scanner).maybeParse
File.func1()
	github.com/evanw/esb
uild/internal/bundler
/bundler.go:1476 
+0x45 
fp=0xc001ebffe0 
sp=0xc001ebfb30 
pc=0x11d8da5
runtime.goexit()
	runtime/asm_amd64.s:
1598 +0x1 
fp=0xc001ebffe8 
sp=0xc001ebffe0 
pc=0xe2b421
created by github.com
/evanw/esbuild/intern
al/bundler.(*scanner)
.maybeParseFile
	github.com/evanw/esb
uild/internal/bundler
/bundler.go:1476 
+0xaeb

goroutine 563 [chan 
receive, 1 minutes]:
runtime.gopark(0xc000
5481b8?, 
0xc001100000?, 
0xa0?, 0xe2?, 
0xc000548178?)
	runtime/proc.go:381 
+0xd6 
fp=0xc000548110 
sp=0xc0005480f0 
pc=0xdfb3f6
runtime.chanrecv(0xc0
002de720, 
0xc0005481f0, 0x1)
	runtime/chan.go:583 
+0x49d 
fp=0xc0005481a0 
sp=0xc000548110 
pc=0xdc6abd
runtime.chanrecv1(0x1
30e2a0?, 
0xc00028be00?)
	runtime/chan.go:442 
+0x18 
fp=0xc0005481c8 
sp=0xc0005481a0 
pc=0xdc65b8
main.(*serviceType).s
endRequest(0xc0001604
50, {0x130e2a0, 
0xc00028be00})
	github.com/evanw/esb
uild/cmd/esbuild/serv
ice.go:192 +0xfa 
fp=0xc000548228 
sp=0xc0005481c8 
pc=0x12b105a
main.(*serviceType).c
onvertPlugins.func2.4
({{0xc0031f07e0, 
0x53}, {0x137fff4, 
0x4}, {0x0, 0x0}, 
{0x0, 0x0}, 
0xc00028bda0})
	github.com/evanw/esb
uild/cmd/esbuild/serv
ice.go:1063 +0x811 
fp=0xc000548520 
sp=0xc000548228 
pc=0x12b8671
github.com/evanw/esbu
ild/pkg/api.(*pluginI
mpl).onLoad.func1({{0
x0, 0x0}, 
{{0xc0031f07e0, 
0x53}, {0x137fff4, 
0x4}, {0x0, 0x0}, 
{{0x0, 0x0}}, ...}})
	github.com/evanw/esb
uild/pkg/api/api_impl
.go:1995 +0x266 
fp=0xc000548830 
sp=0xc000548520 
pc=0x127f486
github.com/evanw/esbu
ild/internal/bundler.
runOnLoadPlugins({0xc
0004101e0?, 0x1, 
0x0?}, 0x0?, 
{0x147b078, 
0xc0005a6120?}, 
0x0?, {0xc0005d0000, 
0xc0005ac0f0, 
0xc0005ac108, ...}, 
...)
	github.com/evanw/esb
uild/internal/bundler
/bundler.go:1009 
+0x15b8 
fp=0xc000548f48 
sp=0xc000548830 
pc=0x11d6118
github.com/evanw/esbu
ild/internal/bundler.
parseFile({{0x147b078
, 0xc0005a6120}, 
{0xc0005d0000, 
0xc0005ac0f0, 
0xc0005ac108, 
0xc0005a6100, 0x6, 
0xc00040a1b0}, 
0xc0005ce480, 
0xc000410180, ...})
	github.com/evanw/esb
uild/internal/bundler
/bundler.go:144 
+0x25f 
fp=0xc00054bb30 
sp=0xc000548f48 
pc=0x11cc47f
github.com/evanw/esbu
ild/internal/bundler.
(*scanner).maybeParse
File.func1()
	github.com/evanw/esb
uild/internal/bundler
/bundler.go:1476 
+0x45 
fp=0xc00054bfe0 
sp=0xc00054bb30 
pc=0x11d8da5
runtime.goexit()
	runtime/asm_amd64.s:
1598 +0x1 
fp=0xc00054bfe8 
sp=0xc00054bfe0 
pc=0xe2b421
created by github.com
/evanw/esbuild/intern
al/bundler.(*scanner)
.maybeParseFile
	github.com/evanw/esb
uild/internal/bundler
/bundler.go:1476 
+0xaeb

goroutine 506 [chan 
receive]:
runtime.gopark(0xc004
7fa3a8?, 
0xc0063402a0?, 
0xa0?, 0xe2?, 
0xc0047fa368?)
	runtime/proc.go:381 
+0xd6 
fp=0xc0047fa300 
sp=0xc0047fa2e0 
pc=0xdfb3f6
runtime.chanrecv(0xc0
067f6660, 
0xc0047fa3e0, 0x1)
	runtime/chan.go:583 
+0x49d 
fp=0xc0047fa390 
sp=0xc0047fa300 
pc=0xdc6abd
runtime.chanrecv1(0x1
30e2a0?, 
0xc005badce0?)
	runtime/chan.go:442 
+0x18 
fp=0xc0047fa3b8 
sp=0xc0047fa390 
pc=0xdc65b8
main.(*serviceType).s
endRequest(0xc0001604
50, {0x130e2a0, 
0xc005badce0})
	github.com/evanw/esb
uild/cmd/esbuild/serv
ice.go:192 +0xfa 
fp=0xc0047fa418 
sp=0xc0047fa3b8 
pc=0x12b105a
main.(*serviceType).c
onvertPlugins.func2.3
({{0xc002c84380, 
0xe}, {0xc001a40d20, 
0x51}, {0x137fff4, 
0x4}, {0xc000ec64b0, 
0x48}, 0x2, {0x0, 
...}})
	github.com/evanw/esb
uild/cmd/esbuild/serv
ice.go:973 +0x79a 
fp=0xc0047fa688 
sp=0xc0047fa418 
pc=0x12b971a
github.com/evanw/esbu
ild/pkg/api.(*pluginI
mpl).onResolve.func1(
{{0xc002c84380, 
0xe}, {0xc000ec64b0, 
0x48}, {0x0, 0x0}, 
{{0xc001a40d20, 
0x51}, {0x137fff4, 
0x4}, ...}, ...})
	github.com/evanw/esb
uild/pkg/api/api_impl
.go:1942 +0x1f5 
fp=0xc0047fa9e0 
sp=0xc0047fa688 
pc=0x127eb95
github.com/evanw/esbu
ild/internal/bundler.
RunOnResolvePlugins({
_, _, _}, _, 
{0xc0003ecb60, 
0xc0003d62d0, 
0xc0003d62e8, 
0xc0003e6120, 0x6, 
0xc0003d0420}, ...)
	github.com/evanw/esb
uild/internal/bundler
/bundler.go:892 
+0x895 
fp=0xc0047faf48 
sp=0xc0047fa9e0 
pc=0x11d4335
github.com/evanw/esbu
ild/internal/bundler.
parseFile({{0x147b078
, 0xc0003e6140}, 
{0xc0003ecb60, 
0xc0003d62d0, 
0xc0003d62e8, 
0xc0003e6120, 0x6, 
0xc0003d0420}, 
0xc000128d80, 
0xc0003d81e0, ...})
	github.com/evanw/esb
uild/internal/bundler
/bundler.go:455 
+0x3675 
fp=0xc0047fdb30 
sp=0xc0047faf48 
pc=0x11cf895
github.com/evanw/esbu
ild/internal/bundler.
(*scanner).maybeParse
File.func1()
	github.com/evanw/esb
uild/internal/bundler
/bundler.go:1476 
+0x45 
fp=0xc0047fdfe0 
sp=0xc0047fdb30 
pc=0x11d8da5
runtime.goexit()
	runtime/asm_amd64.s:
1598 +0x1 
fp=0xc0047fdfe8 
sp=0xc0047fdfe0 
pc=0xe2b421
created by github.com
/evanw/esbuild/intern
al/bundler.(*scanner)
.maybeParseFile
	github.com/evanw/esb
uild/internal/bundler
/bundler.go:1476 
+0xaeb

goroutine 564 [chan 
receive, 1 minutes]:
runtime.gopark(0xc000
59e1b8?, 
0xc001100000?, 
0xa0?, 0xe2?, 
0xc00059e178?)
	runtime/proc.go:381 
+0xd6 
fp=0xc00059e110 
sp=0xc00059e0f0 
pc=0xdfb3f6
runtime.chanrecv(0xc0
002de780, 
0xc00059e1f0, 0x1)
	runtime/chan.go:583 
+0x49d 
fp=0xc00059e1a0 
sp=0xc00059e110 
pc=0xdc6abd
runtime.chanrecv1(0x1
30e2a0?, 
0xc00028be90?)
	runtime/chan.go:442 
+0x18 
fp=0xc00059e1c8 
sp=0xc00059e1a0 
pc=0xdc65b8
main.(*serviceType).s
endRequest(0xc0001604
50, {0x130e2a0, 
0xc00028be90})
	github.com/evanw/esb
uild/cmd/esbuild/serv
ice.go:192 +0xfa 
fp=0xc00059e228 
sp=0xc00059e1c8 
pc=0x12b105a
main.(*serviceType).c
onvertPlugins.func2.4
({{0xc0031f0ba0, 
0x53}, {0x137fff4, 
0x4}, {0x0, 0x0}, 
{0x0, 0x0}, 
0xc00028be30})
	github.com/evanw/esb
uild/cmd/esbuild/serv
ice.go:1063 +0x811 
fp=0xc00059e520 
sp=0xc00059e228 
pc=0x12b8671
github.com/evanw/esbu
ild/pkg/api.(*pluginI
mpl).onLoad.func1({{0
x0, 0x0}, 
{{0xc0031f0ba0, 
0x53}, {0x137fff4, 
0x4}, {0x0, 0x0}, 
{{0x0, 0x0}}, ...}})
	github.com/evanw/esb
uild/pkg/api/api_impl
.go:1995 +0x266 
fp=0xc00059e830 
sp=0xc00059e520 
pc=0x127f486
github.com/evanw/esbu
ild/internal/bundler.
runOnLoadPlugins({0xc
0004101e0?, 0x1, 
0x0?}, 0x0?, 
{0x147b078, 
0xc0005a6120?}, 
0x0?, {0xc0005d0000, 
0xc0005ac0f0, 
0xc0005ac108, ...}, 
...)
	github.com/evanw/esb
uild/internal/bundler
/bundler.go:1009 
+0x15b8 
fp=0xc00059ef48 
sp=0xc00059e830 
pc=0x11d6118
github.com/evanw/esbu
ild/internal/bundler.
parseFile({{0x147b078
, 0xc0005a6120}, 
{0xc0005d0000, 
0xc0005ac0f0, 
0xc0005ac108, 
0xc0005a6100, 0x6, 
0xc00040a1b0}, 
0xc0005ce480, 
0xc000410180, ...})
	github.com/evanw/esb
uild/internal/bundler
/bundler.go:144 
+0x25f 
fp=0xc0005a1b30 
sp=0xc00059ef48 
pc=0x11cc47f
github.com/evanw/esbu
ild/internal/bundler.
(*scanner).maybeParse
File.func1()
	github.com/evanw/esb
uild/internal/bundler
/bundler.go:1476 
+0x45 
fp=0xc0005a1fe0 
sp=0xc0005a1b30 
pc=0x11d8da5
runtime.goexit()
	runtime/asm_amd64.s:
1598 +0x1 
fp=0xc0005a1fe8 
sp=0xc0005a1fe0 
pc=0xe2b421
created by github.com
/evanw/esbuild/intern
al/bundler.(*scanner)
.maybeParseFile
	github.com/evanw/esb
uild/internal/bundler
/bundler.go:1476 
+0xaeb

goroutine 606 
[runnable]:
runtime.gcTrigger.tes
t({0x0?, 0x0?, 0x0?})
	runtime/mgc.go:547 
+0xfb 
fp=0xc001cc07e8 
sp=0xc001cc07e0 
pc=0xdd985b
runtime.mallocgc(0x60
00, 0x1366640, 0x1)
	runtime/malloc.go:11
71 +0x768 
fp=0xc001cc0850 
sp=0xc001cc07e8 
pc=0xdcdc88
runtime.growslice(0xc
006b51000, 
0xc0000b50c8?, 
0xc000822ca8?, 
0x11?, 0x1366640)
	
runtime/slice.go:274 
+0x4e9 
fp=0xc001cc08b0 
sp=0xc001cc0850 
pc=0xe0e009
github.com/evanw/esbu
ild/internal/js_parse
r.(*parser).newSymbol
(...)
	github.com/evanw/esb
uild/internal/js_pars
er/js_parser.go:1229
github.com/evanw/esbu
ild/internal/js_parse
r.(*parser).declareSy
mbol(0xc0000b4a80, 
0x2, {0x0?}, 
{0xc000822ca8, 0x11})
	github.com/evanw/esb
uild/internal/js_pars
er/js_parser.go:1369 
+0x105 
fp=0xc001cc0970 
sp=0xc001cc08b0 
pc=0x10d0585
github.com/evanw/esbu
ild/internal/js_parse
r.(*parser).parseFnSt
mt(0xc0000b4a80, 
{0x610016?}, {0x0, 
0x1, 0x1, 0x0, 0x0, 
0x0, 0x0, 0x0, ...}, 
...)
	github.com/evanw/esb
uild/internal/js_pars
er/js_parser.go:6569 
+0x77c 
fp=0xc001cc0c70 
sp=0xc001cc0970 
pc=0x10f759c
github.com/evanw/esbu
ild/internal/js_parse
r.(*parser).parseStmt
(0xc0000b4a80, {0x0, 
0x1, 0x1, 0x0, 0x0, 
0x0, 0x0, 0x0, 0x0, 
...})
	github.com/evanw/esb
uild/internal/js_pars
er/js_parser.go:7092 
+0x15c6 
fp=0xc001cc1950 
sp=0xc001cc0c70 
pc=0x10fa026
github.com/evanw/esbu
ild/internal/js_parse
r.(*parser).parseStmt
sUpTo(0xc0000b4a80, 
0x0, {0x0, 0x1, 0x1, 
0x0, 0x0, 0x0, 0x0, 
0x0, ...})
	github.com/evanw/esb
uild/internal/js_pars
er/js_parser.go:8061 
+0xe5 
fp=0xc001cc1a98 
sp=0xc001cc1950 
pc=0x1101785
github.com/evanw/esbu
ild/internal/js_parse
r.Parse({_, _, _, _, 
_, _}, 
{{0xc0028c9230, 
0x27}, 
{0xc000f856c0, 0x8}, 
...}, ...)
	github.com/evanw/esb
uild/internal/js_pars
er/js_parser.go:16908
 +0x386 
fp=0xc001cc2778 
sp=0xc001cc1a98 
pc=0x11413c6
github.com/evanw/esbu
ild/internal/cache.(*
JSCache).Parse(_, 
{_, _, _, _, _, _}, 
{{0xc0028c9230, 
0x27}, 
{0xc000f856c0, ...}, 
...}, ...)
	github.com/evanw/esb
uild/internal/cache/c
ache_ast.go:170 
+0x29e 
fp=0xc001cc2f48 
sp=0xc001cc2778 
pc=0x11910de
github.com/evanw/esbu
ild/internal/bundler.
parseFile({{0x147b078
, 0xc0003e6140}, 
{0xc0003ecb60, 
0xc0003d62d0, 
0xc0003d62e8, 
0xc0003e6120, 0x6, 
0xc0003d0420}, 
0xc000128d80, 
0xc0003d81e0, ...})
	github.com/evanw/esb
uild/internal/bundler
/bundler.go:206 
+0xa05 
fp=0xc001cc5b30 
sp=0xc001cc2f48 
pc=0x11ccc25
github.com/evanw/esbu
ild/internal/bundler.
(*scanner).maybeParse
File.func1()
	github.com/evanw/esb
uild/internal/bundler
/bundler.go:1476 
+0x45 
fp=0xc001cc5fe0 
sp=0xc001cc5b30 
pc=0x11d8da5
runtime.goexit()
	runtime/asm_amd64.s:
1598 +0x1 
fp=0xc001cc5fe8 
sp=0xc001cc5fe0 
pc=0xe2b421
created by github.com
/evanw/esbuild/intern
al/bundler.(*scanner)
.maybeParseFile
	github.com/evanw/esb
uild/internal/bundler
/bundler.go:1476 
+0xaeb

goroutine 1262 [chan 
receive]:
runtime.gopark(0xc001
7841b8?, 
0xc0063402a0?, 
0xa0?, 0xe2?, 
0xc001784178?)
	runtime/proc.go:381 
+0xd6 
fp=0xc001784110 
sp=0xc0017840f0 
pc=0xdfb3f6
runtime.chanrecv(0xc0
016358c0, 
0xc0017841f0, 0x1)
	runtime/chan.go:583 
+0x49d 
fp=0xc0017841a0 
sp=0xc001784110 
pc=0xdc6abd
runtime.chanrecv1(0x1
30e2a0?, 
0xc006d53440?)
	runtime/chan.go:442 
+0x18 
fp=0xc0017841c8 
sp=0xc0017841a0 
pc=0xdc65b8
main.(*serviceType).s
endRequest(0xc0001604
50, {0x130e2a0, 
0xc006d53440})
	github.com/evanw/esb
uild/cmd/esbuild/serv
ice.go:192 +0xfa 
fp=0xc001784228 
sp=0xc0017841c8 
pc=0x12b105a
main.(*serviceType).c
onvertPlugins.func2.4
({{0xc006dd8310, 
0x65}, {0x137fff4, 
0x4}, {0x0, 0x0}, 
{0x0, 0x0}, 
0xc006d533e0})
	github.com/evanw/esb
uild/cmd/esbuild/serv
ice.go:1063 +0x811 
fp=0xc001784520 
sp=0xc001784228 
pc=0x12b8671
github.com/evanw/esbu
ild/pkg/api.(*pluginI
mpl).onLoad.func1({{0
x0, 0x0}, 
{{0xc006dd8310, 
0x65}, {0x137fff4, 
0x4}, {0x0, 0x0}, 
{{0x0, 0x0}}, ...}})
	github.com/evanw/esb
uild/pkg/api/api_impl
.go:1995 +0x266 
fp=0xc001784830 
sp=0xc001784520 
pc=0x127f486
github.com/evanw/esbu
ild/internal/bundler.
runOnLoadPlugins({0xc
0004101e0?, 0x1, 
0x3?}, 0x4?, 
{0x147b078, 
0xc0005a6120?}, 
0x0?, {0xc0005d0000, 
0xc0005ac0f0, 
0xc0005ac108, ...}, 
...)
	github.com/evanw/esb
uild/internal/bundler
/bundler.go:1009 
+0x15b8 
fp=0xc001784f48 
sp=0xc001784830 
pc=0x11d6118
github.com/evanw/esbu
ild/internal/bundler.
parseFile({{0x147b078
, 0xc0005a6120}, 
{0xc0005d0000, 
0xc0005ac0f0, 
0xc0005ac108, 
0xc0005a6100, 0x6, 
0xc00040a1b0}, 
0xc0005ce480, 
0xc000410180, ...})
	github.com/evanw/esb
uild/internal/bundler
/bundler.go:144 
+0x25f 
fp=0xc001787b30 
sp=0xc001784f48 
pc=0x11cc47f
github.com/evanw/esbu
ild/internal/bundler.
(*scanner).maybeParse
File.func1()
	github.com/evanw/esb
uild/internal/bundler
/bundler.go:1476 
+0x45 
fp=0xc001787fe0 
sp=0xc001787b30 
pc=0x11d8da5
runtime.goexit()
	runtime/asm_amd64.s:
1598 +0x1 
fp=0xc001787fe8 
sp=0xc001787fe0 
pc=0xe2b421
created by github.com
/evanw/esbuild/intern
al/bundler.(*scanner)
.maybeParseFile
	github.com/evanw/esb
uild/internal/bundler
/bundler.go:1476 
+0xaeb

goroutine 819 
[runnable]:
runtime.asyncPreempt2
()
	runtime/preempt.go:3
07 +0x3f 
fp=0xc006f5dd70 
sp=0xc006f5dd50 
pc=0xdf9b1f
runtime.asyncPreempt(
)
	runtime/preempt_amd6
4.s:53 +0xdb 
fp=0xc006f5def8 
sp=0xc006f5dd70 
pc=0xe2ca5b
github.com/evanw/esbu
ild/internal/js_lexer
.(*Lexer).Next(0xc000
1370c8)
	github.com/evanw/esb
uild/internal/js_lexe
r/js_lexer.go:1085 
+0xd4d 
fp=0xc006f5e018 
sp=0xc006f5def8 
pc=0x10bfeed
github.com/evanw/esbu
ild/internal/js_parse
r.(*parser).parseStmt
(0xc000136a80, {0x0, 
0x1, 0x0, 0x0, 0x0, 
0x0, 0x0, 0x0, 0x0, 
...})
	github.com/evanw/esb
uild/internal/js_pars
er/js_parser.go:7302 
+0x2b1c 
fp=0xc006f5ecf8 
sp=0xc006f5e018 
pc=0x10fb57c
github.com/evanw/esbu
ild/internal/js_parse
r.(*parser).parseStmt
sUpTo(0xc000136a80, 
0x12, {0x0, 0x1, 
0x0, 0x0, 0x0, 0x0, 
0x0, 0x0, ...})
	github.com/evanw/esb
uild/internal/js_pars
er/js_parser.go:8061 
+0xe5 
fp=0xc006f5ee40 
sp=0xc006f5ecf8 
pc=0x1101785
github.com/evanw/esbu
ild/internal/js_parse
r.(*parser).parseFnBo
dy(0xc000136a80, 
{0x0, 0x0, {{0x0}, 
0x0}, {0x3885}, 0x0, 
0x0, 0x0, 0x1, ...})
	github.com/evanw/esb
uild/internal/js_pars
er/js_parser.go:8020 
+0x17b 
fp=0xc006f5ef20 
sp=0xc006f5ee40 
pc=0x110135b
github.com/evanw/esbu
ild/internal/js_parse
r.(*parser).parseFn(0
xc000136a80, 
0xc006f5f860?, 
{{0x10e2c36?}, 
0x0?}, 0x0, {0x0, 
0x0, {{0x0}, 0x0}, 
{0x3885}, ...})
	github.com/evanw/esb
uild/internal/js_pars
er/js_parser.go:6102 
+0x75a 
fp=0xc006f5f068 
sp=0xc006f5ef20 
pc=0x10f379a
github.com/evanw/esbu
ild/internal/js_parse
r.(*parser).parseProp
erty(0xc000136a80, 
{0x20b3701?}, 0x0, 
{{0x0, 0x0, 0x0}, 
0x0, 0x0, {{0x0}, 
0x0}, ...}, ...)
	github.com/evanw/esb
uild/internal/js_pars
er/js_parser.go:2461 
+0x28e5 
fp=0xc006f5fa68 
sp=0xc006f5f068 
pc=0x10d7aa5
github.com/evanw/esbu
ild/internal/js_parse
r.(*parser).parsePref
ix(0xc000136a80, 
0x0, 0x0, 0x10?)
	github.com/evanw/esb
uild/internal/js_pars
er/js_parser.go:3737 
+0x418c 
fp=0xc006f601d0 
sp=0xc006f5fa68 
pc=0x10e462c
github.com/evanw/esbu
ild/internal/js_parse
r.(*parser).parseExpr
Common(0xc000136a80, 
0x0, 0xc0020b3660?, 
0xb0?)
	github.com/evanw/esb
uild/internal/js_pars
er/js_parser.go:4015 
+0x3b 
fp=0xc006f60228 
sp=0xc006f601d0 
pc=0x10e53fb
github.com/evanw/esbu
ild/internal/js_parse
r.(*parser).parseExpr
(0xc0001370c8?, 
0xe0?)
	github.com/evanw/esb
uild/internal/js_pars
er/js_parser.go:4006 
+0x1d 
fp=0xc006f60258 
sp=0xc006f60228 
pc=0x10e531d
github.com/evanw/esbu
ild/internal/js_parse
r.(*parser).parseStmt
(0xc000136a80, {0x0, 
0x1, 0x0, 0x0, 0x0, 
0x0, 0x0, 0x0, 0x0, 
...})
	github.com/evanw/esb
uild/internal/js_pars
er/js_parser.go:7779 
+0x1245 
fp=0xc006f60f38 
sp=0xc006f60258 
pc=0x10f9ca5
github.com/evanw/esbu
ild/internal/js_parse
r.(*parser).parseStmt
sUpTo(0xc000136a80, 
0x12, {0x0, 0x1, 
0x0, 0x0, 0x0, 0x0, 
0x0, 0x0, ...})
	github.com/evanw/esb
uild/internal/js_pars
er/js_parser.go:8061 
+0xe5 
fp=0xc006f61080 
sp=0xc006f60f38 
pc=0x1101785
github.com/evanw/esbu
ild/internal/js_parse
r.(*parser).parseFnBo
dy(0xc000136a80, 
{0x0, 0x0, {{0x0}, 
0x0}, {0x36cc}, 0x0, 
0x0, 0x0, 0x0, ...})
	github.com/evanw/esb
uild/internal/js_pars
er/js_parser.go:8020 
+0x17b 
fp=0xc006f61160 
sp=0xc006f61080 
pc=0x110135b
github.com/evanw/esbu
ild/internal/js_parse
r.(*parser).parseArro
wBody(0xc000136a80, 
{0x1764930, 0x0, 
0x0}, {0x0, 0x0, 
{{0x0}, 0x0}, 
{0x36cc}, 0x0, ...})
	github.com/evanw/esb
uild/internal/js_pars
er/js_parser.go:2781 
+0x1aa 
fp=0xc006f61320 
sp=0xc006f61160 
pc=0x10dbe6a
github.com/evanw/esbu
ild/internal/js_parse
r.(*parser).parsePare
nExpr(0xc000136a80, 
{0x1?}, 0x1, 
{{{0x6f617f0?}, 
0x1c0?}, 0xb0?})
	github.com/evanw/esb
uild/internal/js_pars
er/js_parser.go:3112 
+0x14a5 
fp=0xc006f61778 
sp=0xc006f61320 
pc=0x10deda5
github.com/evanw/esbu
ild/internal/js_parse
r.(*parser).parsePref
ix(0xc000136a80, 
0x1, 0xc006f621b0, 
0x0?)
	github.com/evanw/esb
uild/internal/js_pars
er/js_parser.go:3341 
+0x1305 
fp=0xc006f61ee0 
sp=0xc006f61778 
pc=0x10e17a5
github.com/evanw/esbu
ild/internal/js_parse
r.(*parser).parseExpr
Common(0xc000136a80, 
0x1, 0x132bf40?, 
0x1?)
	github.com/evanw/esb
uild/internal/js_pars
er/js_parser.go:4015 
+0x3b 
fp=0xc006f61f38 
sp=0xc006f61ee0 
pc=0x10e53fb
github.com/evanw/esbu
ild/internal/js_parse
r.(*parser).parseExpr
OrBindings(0xc000136a
80?, 0x7?, 0x0?)
	github.com/evanw/esb
uild/internal/js_pars
er/js_parser.go:4002 
+0x1b 
fp=0xc006f61f68 
sp=0xc006f61f38 
pc=0x10e52bb
github.com/evanw/esbu
ild/internal/js_parse
r.(*parser).parsePare
nExpr(0xc000136a80, 
{0x6f626f0?}, 0x1, 
{{{0x0?}, 0x0?}, 
0x0?})
	github.com/evanw/esb
uild/internal/js_pars
er/js_parser.go:3011 
+0x2a8 
fp=0xc006f623c0 
sp=0xc006f61f68 
pc=0x10ddba8
github.com/evanw/esbu
ild/internal/js_parse
r.(*parser).parsePref
ix(0xc000136a80, 
0x1, 0x0, 0x0?)
	github.com/evanw/esb
uild/internal/js_pars
er/js_parser.go:3341 
+0x1305 
fp=0xc006f62b28 
sp=0xc006f623c0 
pc=0x10e17a5
github.com/evanw/esbu
ild/internal/js_parse
r.(*parser).parseExpr
Common(0xc000136a80, 
0x1, 0x100?, 0x20?)
	github.com/evanw/esb
uild/internal/js_pars
er/js_parser.go:4015 
+0x3b 
fp=0xc006f62b80 
sp=0xc006f62b28 
pc=0x10e53fb
github.com/evanw/esbu
ild/internal/js_parse
r.(*parser).parseExpr
(...)
	github.com/evanw/esb
uild/internal/js_pars
er/js_parser.go:4006
github.com/evanw/esbu
ild/internal/js_parse
r.(*parser).parseAndD
eclareDecls(0xc000136
a80, 0x16, {0x0, 
0x1, 0x1, 0x0, 0x0, 
0x0, 0x0, 0x0, ...})
	github.com/evanw/esb
uild/internal/js_pars
er/js_parser.go:5369 
+0x30b 
fp=0xc006f62c70 
sp=0xc006f62b80 
pc=0x10ef24b
github.com/evanw/esbu
ild/internal/js_parse
r.(*parser).parseStmt
(0xc000136a80, {0x0, 
0x1, 0x1, 0x0, 0x0, 
0x0, 0x0, 0x0, 0x0, 
...})
	github.com/evanw/esb
uild/internal/js_pars
er/js_parser.go:7182 
+0x41b2 
fp=0xc006f63950 
sp=0xc006f62c70 
pc=0x10fcc12
github.com/evanw/esbu
ild/internal/js_parse
r.(*parser).parseStmt
sUpTo(0xc000136a80, 
0x0, {0x0, 0x1, 0x1, 
0x0, 0x0, 0x0, 0x0, 
0x0, ...})
	github.com/evanw/esb
uild/internal/js_pars
er/js_parser.go:8061 
+0xe5 
fp=0xc006f63a98 
sp=0xc006f63950 
pc=0x1101785
github.com/evanw/esbu
ild/internal/js_parse
r.Parse({_, _, _, _, 
_, _}, 
{{0xc0019e9ac0, 
0x3a}, 
{0xc00227c900, 0x7}, 
...}, ...)
	github.com/evanw/esb
uild/internal/js_pars
er/js_parser.go:16908
 +0x386 
fp=0xc006f64778 
sp=0xc006f63a98 
pc=0x11413c6
github.com/evanw/esbu
ild/internal/cache.(*
JSCache).Parse(_, 
{_, _, _, _, _, _}, 
{{0xc0019e9ac0, 
0x3a}, 
{0xc00227c900, ...}, 
...}, ...)
	github.com/evanw/esb
uild/internal/cache/c
ache_ast.go:170 
+0x29e 
fp=0xc006f64f48 
sp=0xc006f64778 
pc=0x11910de
github.com/evanw/esbu
ild/internal/bundler.
parseFile({{0x147b078
, 0xc0003e6140}, 
{0xc0003ecb60, 
0xc0003d62d0, 
0xc0003d62e8, 
0xc0003e6120, 0x6, 
0xc0003d0420}, 
0xc000128d80, 
0xc0003d81e0, ...})
	github.com/evanw/esb
uild/internal/bundler
/bundler.go:206 
+0xa05 
fp=0xc006f67b30 
sp=0xc006f64f48 
pc=0x11ccc25
github.com/evanw/esbu
ild/internal/bundler.
(*scanner).maybeParse
File.func1()
	github.com/evanw/esb
uild/internal/bundler
/bundler.go:1476 
+0x45 
fp=0xc006f67fe0 
sp=0xc006f67b30 
pc=0x11d8da5
runtime.goexit()
	runtime/asm_amd64.s:
1598 +0x1 
fp=0xc006f67fe8 
sp=0xc006f67fe0 
pc=0xe2b421
created by github.com
/evanw/esbuild/intern
al/bundler.(*scanner)
.maybeParseFile
	github.com/evanw/esb
uild/internal/bundler
/bundler.go:1476 
+0xaeb

goroutine 1265 [chan 
receive]:
runtime.gopark(0xc001
9ae1b8?, 
0xc0063402a0?, 
0xa0?, 0xe2?, 
0xc0019ae178?)
	runtime/proc.go:381 
+0xd6 
fp=0xc0019ae110 
sp=0xc0019ae0f0 
pc=0xdfb3f6
runtime.chanrecv(0xc0
02024960, 
0xc0019ae1f0, 0x1)
	runtime/chan.go:583 
+0x49d 
fp=0xc0019ae1a0 
sp=0xc0019ae110 
pc=0xdc6abd
runtime.chanrecv1(0x1
30e2a0?, 
0xc006d535f0?)
	runtime/chan.go:442 
+0x18 
fp=0xc0019ae1c8 
sp=0xc0019ae1a0 
pc=0xdc65b8
main.(*serviceType).s
endRequest(0xc0001604
50, {0x130e2a0, 
0xc006d535f0})
	github.com/evanw/esb
uild/cmd/esbuild/serv
ice.go:192 +0xfa 
fp=0xc0019ae228 
sp=0xc0019ae1c8 
pc=0x12b105a
main.(*serviceType).c
onvertPlugins.func2.4
({{0xc006d5a460, 
0x63}, {0x137fff4, 
0x4}, {0x0, 0x0}, 
{0x0, 0x0}, 
0xc006d53590})
	github.com/evanw/esb
uild/cmd/esbuild/serv
ice.go:1063 +0x811 
fp=0xc0019ae520 
sp=0xc0019ae228 
pc=0x12b8671
github.com/evanw/esbu
ild/pkg/api.(*pluginI
mpl).onLoad.func1({{0
x0, 0x0}, 
{{0xc006d5a460, 
0x63}, {0x137fff4, 
0x4}, {0x0, 0x0}, 
{{0x0, 0x0}}, ...}})
	github.com/evanw/esb
uild/pkg/api/api_impl
.go:1995 +0x266 
fp=0xc0019ae830 
sp=0xc0019ae520 
pc=0x127f486
github.com/evanw/esbu
ild/internal/bundler.
runOnLoadPlugins({0xc
0004101e0?, 0x1, 
0x6?}, 
0xffffffffffffffff?, 
{0x147b078, 
0xc0005a6120?}, 
0x0?, {0xc0005d0000, 
0xc0005ac0f0, 
0xc0005ac108, ...}, 
...)
	github.com/evanw/esb
uild/internal/bundler
/bundler.go:1009 
+0x15b8 
fp=0xc0019aef48 
sp=0xc0019ae830 
pc=0x11d6118
github.com/evanw/esbu
ild/internal/bundler.
parseFile({{0x147b078
, 0xc0005a6120}, 
{0xc0005d0000, 
0xc0005ac0f0, 
0xc0005ac108, 
0xc0005a6100, 0x6, 
0xc00040a1b0}, 
0xc0005ce480, 
0xc000410180, ...})
	github.com/evanw/esb
uild/internal/bundler
/bundler.go:144 
+0x25f 
fp=0xc0019b1b30 
sp=0xc0019aef48 
pc=0x11cc47f
github.com/evanw/esbu
ild/internal/bundler.
(*scanner).maybeParse
File.func1()
	github.com/evanw/esb
uild/internal/bundler
/bundler.go:1476 
+0x45 
fp=0xc0019b1fe0 
sp=0xc0019b1b30 
pc=0x11d8da5
runtime.goexit()
	runtime/asm_amd64.s:
1598 +0x1 
fp=0xc0019b1fe8 
sp=0xc0019b1fe0 
pc=0xe2b421
created by github.com
/evanw/esbuild/intern
al/bundler.(*scanner)
.maybeParseFile
	github.com/evanw/esb
uild/internal/bundler
/bundler.go:1476 
+0xaeb

goroutine 463 [chan 
receive, 1 minutes]:
runtime.gopark(0xc000
4841b8?, 
0xc001100000?, 
0xa0?, 0xe2?, 
0xc000484178?)
	runtime/proc.go:381 
+0xd6 
fp=0xc000484110 
sp=0xc0004840f0 
pc=0xdfb3f6
runtime.chanrecv(0xc0
00032de0, 
0xc0004841f0, 0x1)
	runtime/chan.go:583 
+0x49d 
fp=0xc0004841a0 
sp=0xc000484110 
pc=0xdc6abd
runtime.chanrecv1(0x1
30e2a0?, 
0xc0002a2660?)
	runtime/chan.go:442 
+0x18 
fp=0xc0004841c8 
sp=0xc0004841a0 
pc=0xdc65b8
main.(*serviceType).s
endRequest(0xc0001604
50, {0x130e2a0, 
0xc0002a2660})
	github.com/evanw/esb
uild/cmd/esbuild/serv
ice.go:192 +0xfa 
fp=0xc000484228 
sp=0xc0004841c8 
pc=0x12b105a
main.(*serviceType).c
onvertPlugins.func2.4
({{0xc000032c00, 
0x53}, {0x137fff4, 
0x4}, {0x0, 0x0}, 
{0x0, 0x0}, 
0xc0002a22a0})
	github.com/evanw/esb
uild/cmd/esbuild/serv
ice.go:1063 +0x811 
fp=0xc000484520 
sp=0xc000484228 
pc=0x12b8671
github.com/evanw/esbu
ild/pkg/api.(*pluginI
mpl).onLoad.func1({{0
x0, 0x0}, 
{{0xc000032c00, 
0x53}, {0x137fff4, 
0x4}, {0x0, 0x0}, 
{{0x0, 0x0}}, ...}})
	github.com/evanw/esb
uild/pkg/api/api_impl
.go:1995 +0x266 
fp=0xc000484830 
sp=0xc000484520 
pc=0x127f486
github.com/evanw/esbu
ild/internal/bundler.
runOnLoadPlugins({0xc
0003d8240?, 0x1, 
0x0?}, 0x0?, 
{0x147b078, 
0xc0003e6140?}, 
0x0?, {0xc0003ecb60, 
0xc0003d62d0, 
0xc0003d62e8, ...}, 
...)
	github.com/evanw/esb
uild/internal/bundler
/bundler.go:1009 
+0x15b8 
fp=0xc000484f48 
sp=0xc000484830 
pc=0x11d6118
github.com/evanw/esbu
ild/internal/bundler.
parseFile({{0x147b078
, 0xc0003e6140}, 
{0xc0003ecb60, 
0xc0003d62d0, 
0xc0003d62e8, 
0xc0003e6120, 0x6, 
0xc0003d0420}, 
0xc000128d80, 
0xc0003d81e0, ...})
	github.com/evanw/esb
uild/internal/bundler
/bundler.go:144 
+0x25f 
fp=0xc000487b30 
sp=0xc000484f48 
pc=0x11cc47f
github.com/evanw/esbu
ild/internal/bundler.
(*scanner).maybeParse
File.func1()
	github.com/evanw/esb
uild/internal/bundler
/bundler.go:1476 
+0x45 
fp=0xc000487fe0 
sp=0xc000487b30 
pc=0x11d8da5
runtime.goexit()
	runtime/asm_amd64.s:
1598 +0x1 
fp=0xc000487fe8 
sp=0xc000487fe0 
pc=0xe2b421
created by github.com
/evanw/esbuild/intern
al/bundler.(*scanner)
.maybeParseFile
	github.com/evanw/esb
uild/internal/bundler
/bundler.go:1476 
+0xaeb

goroutine 476 
[runnable]:
runtime.gcTrigger.tes
t({0x0?, 0x0?, 0x0?})
	runtime/mgc.go:547 
+0xfb 
fp=0xc003bf0498 
sp=0xc003bf0490 
pc=0xdd985b
runtime.mallocgc(0x4b
a90, 0x0, 0x0)
	runtime/malloc.go:11
71 +0x768 
fp=0xc003bf0500 
sp=0xc003bf0498 
pc=0xdcdc88
runtime.slicebytetost
ring(0xc003801860?, 
0xc0036c2000, 
0x4ba90)
	runtime/string.go:11
2 +0x85 
fp=0xc003bf0530 
sp=0xc003bf0500 
pc=0xe11d85
github.com/evanw/esbu
ild/internal/fs.(*rea
lFS).ReadFile(0xc0003
e4240, 
{0xc003801860, 0x53})
	github.com/evanw/esb
uild/internal/fs/fs_r
eal.go:206 +0xe7 
fp=0xc003bf0668 
sp=0xc003bf0530 
pc=0x1189c27
github.com/evanw/esbu
ild/internal/fs.(*zip
FS).ReadFile(0xc0003e
6140, {0xc003801860, 
0x53})
	github.com/evanw/esb
uild/internal/fs/fs_z
ip.go:232 +0xbe 
fp=0xc003bf0740 
sp=0xc003bf0668 
pc=0x118db9e
github.com/evanw/esbu
ild/internal/cache.(*
FSCache).ReadFile(0xc
0003d81e0, 
{0x147b078, 
0xc0003e6140}, 
{0xc003801860, 0x53})
	github.com/evanw/esb
uild/internal/cache/c
ache_fs.go:39 +0x1c2 
fp=0xc003bf0830 
sp=0xc003bf0740 
pc=0x11919e2
github.com/evanw/esbu
ild/internal/bundler.
runOnLoadPlugins({0xc
0003d8240?, 0x1, 
0x0?}, 0x0?, 
{0x147b078, 
0xc0003e6140?}, 
0x0?, {0xc0003ecb60, 
0xc0003d62d0, 
0xc0003d62e8, ...}, 
...)
	github.com/evanw/esb
uild/internal/bundler
/bundler.go:1018 
+0x1785 
fp=0xc003bf0f48 
sp=0xc003bf0830 
pc=0x11d62e5
github.com/evanw/esbu
ild/internal/bundler.
parseFile({{0x147b078
, 0xc0003e6140}, 
{0xc0003ecb60, 
0xc0003d62d0, 
0xc0003d62e8, 
0xc0003e6120, 0x6, 
0xc0003d0420}, 
0xc000128d80, 
0xc0003d81e0, ...})
	github.com/evanw/esb
uild/internal/bundler
/bundler.go:144 
+0x25f 
fp=0xc003bf3b30 
sp=0xc003bf0f48 
pc=0x11cc47f
github.com/evanw/esbu
ild/internal/bundler.
(*scanner).maybeParse
File.func1()
	github.com/evanw/esb
uild/internal/bundler
/bundler.go:1476 
+0x45 
fp=0xc003bf3fe0 
sp=0xc003bf3b30 
pc=0x11d8da5
runtime.goexit()
	runtime/asm_amd64.s:
1598 +0x1 
fp=0xc003bf3fe8 
sp=0xc003bf3fe0 
pc=0xe2b421
created by github.com
/evanw/esbuild/intern
al/bundler.(*scanner)
.maybeParseFile
	github.com/evanw/esb
uild/internal/bundler
/bundler.go:1476 
+0xaeb

goroutine 752 
[sync.Mutex.Lock]:
runtime.gopark(0xc001
b36780?, 
0xc000128d80?, 
0x80?, 0x67?, 0x0?)
	runtime/proc.go:381 
+0xd6 
fp=0xc000579f98 
sp=0xc000579f78 
pc=0xdfb3f6
runtime.goparkunlock(
...)
	runtime/proc.go:387
runtime.semacquire1(0
xc0001291cc, 0x50?, 
0x3, 0x1, 0x1e?)
	runtime/sema.go:160 
+0x21c 
fp=0xc00057a000 
sp=0xc000579f98 
pc=0xe0c07c
sync.runtime_Semacqui
reMutex(0xc000080000?
, 0xeb?, 
0xc005e623e0?)
	runtime/sema.go:77 
+0x26 
fp=0xc00057a038 
sp=0xc00057a000 
pc=0xe26866
sync.(*Mutex).lockSlo
w(0xc0001291c8)
	sync/mutex.go:171 
+0x165 
fp=0xc00057a088 
sp=0xc00057a038 
pc=0xe47465
sync.(*Mutex).Lock(..
.)
	sync/mutex.go:90
github.com/evanw/esbu
ild/internal/resolver
.(*Resolver).Resolve(
0xc000128d80, 
{0xc001842e00, 
0x3d}, 
{0xc005e623e0, 
0x15}, 0x1)
	github.com/evanw/esb
uild/internal/resolve
r/resolver.go:505 
+0xf85 
fp=0xc00057a9e0 
sp=0xc00057a088 
pc=0x11a2865
github.com/evanw/esbu
ild/internal/bundler.
RunOnResolvePlugins({
_, _, _}, _, 
{0xc0003ecb60, 
0xc0003d62d0, 
0xc0003d62e8, 
0xc0003e6120, 0x6, 
0xc0003d0420}, ...)
	github.com/evanw/esb
uild/internal/bundler
/bundler.go:961 
+0x35a 
fp=0xc00057af48 
sp=0xc00057a9e0 
pc=0x11d3dfa
github.com/evanw/esbu
ild/internal/bundler.
parseFile({{0x147b078
, 0xc0003e6140}, 
{0xc0003ecb60, 
0xc0003d62d0, 
0xc0003d62e8, 
0xc0003e6120, 0x6, 
0xc0003d0420}, 
0xc000128d80, 
0xc0003d81e0, ...})
	github.com/evanw/esb
uild/internal/bundler
/bundler.go:455 
+0x3675 
fp=0xc00057db30 
sp=0xc00057af48 
pc=0x11cf895
github.com/evanw/esbu
ild/internal/bundler.
(*scanner).maybeParse
File.func1()
	github.com/evanw/esb
uild/internal/bundler
/bundler.go:1476 
+0x45 
fp=0xc00057dfe0 
sp=0xc00057db30 
pc=0x11d8da5
runtime.goexit()
	runtime/asm_amd64.s:
1598 +0x1 
fp=0xc00057dfe8 
sp=0xc00057dfe0 
pc=0xe2b421
created by github.com
/evanw/esbuild/intern
al/bundler.(*scanner)
.maybeParseFile
	github.com/evanw/esb
uild/internal/bundler
/bundler.go:1476 
+0xaeb

goroutine 505 [chan 
receive, 1 minutes]:
runtime.gopark(0xc000
7f01b8?, 
0xc001100000?, 
0xa0?, 0xe2?, 
0xc0007f0178?)
	runtime/proc.go:381 
+0xd6 
fp=0xc0007f0110 
sp=0xc0007f00f0 
pc=0xdfb3f6
runtime.chanrecv(0xc0
00033800, 
0xc0007f01f0, 0x1)
	runtime/chan.go:583 
+0x49d 
fp=0xc0007f01a0 
sp=0xc0007f0110 
pc=0xdc6abd
runtime.chanrecv1(0x1
30e2a0?, 
0xc0001e29f0?)
	runtime/chan.go:442 
+0x18 
fp=0xc0007f01c8 
sp=0xc0007f01a0 
pc=0xdc65b8
main.(*serviceType).s
endRequest(0xc0001604
50, {0x130e2a0, 
0xc0001e29f0})
	github.com/evanw/esb
uild/cmd/esbuild/serv
ice.go:192 +0xfa 
fp=0xc0007f0228 
sp=0xc0007f01c8 
pc=0x12b105a
main.(*serviceType).c
onvertPlugins.func2.4
({{0xc000033440, 
0x51}, {0x137fff4, 
0x4}, {0x0, 0x0}, 
{0x0, 0x0}, 
0xc0001e2990})
	github.com/evanw/esb
uild/cmd/esbuild/serv
ice.go:1063 +0x811 
fp=0xc0007f0520 
sp=0xc0007f0228 
pc=0x12b8671
github.com/evanw/esbu
ild/pkg/api.(*pluginI
mpl).onLoad.func1({{0
x0, 0x0}, 
{{0xc000033440, 
0x51}, {0x137fff4, 
0x4}, {0x0, 0x0}, 
{{0x0, 0x0}}, ...}})
	github.com/evanw/esb
uild/pkg/api/api_impl
.go:1995 +0x266 
fp=0xc0007f0830 
sp=0xc0007f0520 
pc=0x127f486
github.com/evanw/esbu
ild/internal/bundler.
runOnLoadPlugins({0xc
0003d8240?, 0x1, 
0x0?}, 0x0?, 
{0x147b078, 
0xc0003e6140?}, 
0x0?, {0xc0003ecb60, 
0xc0003d62d0, 
0xc0003d62e8, ...}, 
...)
	github.com/evanw/esb
uild/internal/bundler
/bundler.go:1009 
+0x15b8 
fp=0xc0007f0f48 
sp=0xc0007f0830 
pc=0x11d6118
github.com/evanw/esbu
ild/internal/bundler.
parseFile({{0x147b078
, 0xc0003e6140}, 
{0xc0003ecb60, 
0xc0003d62d0, 
0xc0003d62e8, 
0xc0003e6120, 0x6, 
0xc0003d0420}, 
0xc000128d80, 
0xc0003d81e0, ...})
	github.com/evanw/esb
uild/internal/bundler
/bundler.go:144 
+0x25f 
fp=0xc0007f3b30 
sp=0xc0007f0f48 
pc=0x11cc47f
github.com/evanw/esbu
ild/internal/bundler.
(*scanner).maybeParse
File.func1()
	github.com/evanw/esb
uild/internal/bundler
/bundler.go:1476 
+0x45 
fp=0xc0007f3fe0 
sp=0xc0007f3b30 
pc=0x11d8da5
runtime.goexit()
	runtime/asm_amd64.s:
1598 +0x1 
fp=0xc0007f3fe8 
sp=0xc0007f3fe0 
pc=0xe2b421
created by github.com
/evanw/esbuild/intern
al/bundler.(*scanner)
.maybeParseFile
	github.com/evanw/esb
uild/internal/bundler
/bundler.go:1476 
+0xaeb

goroutine 1260 [chan 
receive]:
runtime.gopark(0xc001
20c1b8?, 
0xc0063402a0?, 
0xa0?, 0xe2?, 
0xc00120c178?)
	runtime/proc.go:381 
+0xd6 
fp=0xc00120c110 
sp=0xc00120c0f0 
pc=0xdfb3f6
runtime.chanrecv(0xc0
01635800, 
0xc00120c1f0, 0x1)
	runtime/chan.go:583 
+0x49d 
fp=0xc00120c1a0 
sp=0xc00120c110 
pc=0xdc6abd
runtime.chanrecv1(0x1
30e2a0?, 
0xc006d53320?)
	runtime/chan.go:442 
+0x18 
fp=0xc00120c1c8 
sp=0xc00120c1a0 
pc=0xdc65b8
main.(*serviceType).s
endRequest(0xc0001604
50, {0x130e2a0, 
0xc006d53320})
	github.com/evanw/esb
uild/cmd/esbuild/serv
ice.go:192 +0xfa 
fp=0xc00120c228 
sp=0xc00120c1c8 
pc=0x12b105a
main.(*serviceType).c
onvertPlugins.func2.4
({{0xc006cc1f80, 
0x62}, {0x137fff4, 
0x4}, {0x0, 0x0}, 
{0x0, 0x0}, 
0xc006d532c0})
	github.com/evanw/esb
uild/cmd/esbuild/serv
ice.go:1063 +0x811 
fp=0xc00120c520 
sp=0xc00120c228 
pc=0x12b8671
github.com/evanw/esbu
ild/pkg/api.(*pluginI
mpl).onLoad.func1({{0
x0, 0x0}, 
{{0xc006cc1f80, 
0x62}, {0x137fff4, 
0x4}, {0x0, 0x0}, 
{{0x0, 0x0}}, ...}})
	github.com/evanw/esb
uild/pkg/api/api_impl
.go:1995 +0x266 
fp=0xc00120c830 
sp=0xc00120c520 
pc=0x127f486
github.com/evanw/esbu
ild/internal/bundler.
runOnLoadPlugins({0xc
0004101e0?, 0x1, 
0x0?}, 
0xc003d823d1?, 
{0x147b078, 
0xc0005a6120?}, 
0x0?, {0xc0005d0000, 
0xc0005ac0f0, 
0xc0005ac108, ...}, 
...)
	github.com/evanw/esb
uild/internal/bundler
/bundler.go:1009 
+0x15b8 
fp=0xc00120cf48 
sp=0xc00120c830 
pc=0x11d6118
github.com/evanw/esbu
ild/internal/bundler.
parseFile({{0x147b078
, 0xc0005a6120}, 
{0xc0005d0000, 
0xc0005ac0f0, 
0xc0005ac108, 
0xc0005a6100, 0x6, 
0xc00040a1b0}, 
0xc0005ce480, 
0xc000410180, ...})
	github.com/evanw/esb
uild/internal/bundler
/bundler.go:144 
+0x25f 
fp=0xc00120fb30 
sp=0xc00120cf48 
pc=0x11cc47f
github.com/evanw/esbu
ild/internal/bundler.
(*scanner).maybeParse
File.func1()
	github.com/evanw/esb
uild/internal/bundler
/bundler.go:1476 
+0x45 
fp=0xc00120ffe0 
sp=0xc00120fb30 
pc=0x11d8da5
runtime.goexit()
	runtime/asm_amd64.s:
1598 +0x1 
fp=0xc00120ffe8 
sp=0xc00120ffe0 
pc=0xe2b421
created by github.com
/evanw/esbuild/intern
al/bundler.(*scanner)
.maybeParseFile
	github.com/evanw/esb
uild/internal/bundler
/bundler.go:1476 
+0xaeb

goroutine 1263 [chan 
receive]:
runtime.gopark(0xc006
340540?, 0x12be4a3?, 
0xa0?, 0xe2?, 
0xc006d534d0?)
	runtime/proc.go:381 
+0xd6 
fp=0xc00199e110 
sp=0xc00199e0f0 
pc=0xdfb3f6
runtime.chanrecv(0xc0
01635920, 
0xc00199e1f0, 0x1)
	runtime/chan.go:583 
+0x49d 
fp=0xc00199e1a0 
sp=0xc00199e110 
pc=0xdc6abd
runtime.chanrecv1(0x1
30e2a0?, 
0xc006d534d0?)
	runtime/chan.go:442 
+0x18 
fp=0xc00199e1c8 
sp=0xc00199e1a0 
pc=0xdc65b8
main.(*serviceType).s
endRequest(0xc0001604
50, {0x130e2a0, 
0xc006d534d0})
	github.com/evanw/esb
uild/cmd/esbuild/serv
ice.go:192 +0xfa 
fp=0xc00199e228 
sp=0xc00199e1c8 
pc=0x12b105a
main.(*serviceType).c
onvertPlugins.func2.4
({{0xc006da7ce0, 
0x59}, {0x137fff4, 
0x4}, {0x0, 0x0}, 
{0x0, 0x0}, 
0xc006d53470})
	github.com/evanw/esb
uild/cmd/esbuild/serv
ice.go:1063 +0x811 
fp=0xc00199e520 
sp=0xc00199e228 
pc=0x12b8671
github.com/evanw/esbu
ild/pkg/api.(*pluginI
mpl).onLoad.func1({{0
x0, 0x0}, 
{{0xc006da7ce0, 
0x59}, {0x137fff4, 
0x4}, {0x0, 0x0}, 
{{0x0, 0x0}}, ...}})
	github.com/evanw/esb
uild/pkg/api/api_impl
.go:1995 +0x266 
fp=0xc00199e830 
sp=0xc00199e520 
pc=0x127f486
github.com/evanw/esbu
ild/internal/bundler.
runOnLoadPlugins({0xc
0004101e0?, 0x1, 
0x0?}, 
0xc003d823d1?, 
{0x147b078, 
0xc0005a6120?}, 
0x0?, {0xc0005d0000, 
0xc0005ac0f0, 
0xc0005ac108, ...}, 
...)
	github.com/evanw/esb
uild/internal/bundler
/bundler.go:1009 
+0x15b8 
fp=0xc00199ef48 
sp=0xc00199e830 
pc=0x11d6118
github.com/evanw/esbu
ild/internal/bundler.
parseFile({{0x147b078
, 0xc0005a6120}, 
{0xc0005d0000, 
0xc0005ac0f0, 
0xc0005ac108, 
0xc0005a6100, 0x6, 
0xc00040a1b0}, 
0xc0005ce480, 
0xc000410180, ...})
	github.com/evanw/esb
uild/internal/bundler
/bundler.go:144 
+0x25f 
fp=0xc0019a1b30 
sp=0xc00199ef48 
pc=0x11cc47f
github.com/evanw/esbu
ild/internal/bundler.
(*scanner).maybeParse
File.func1()
	github.com/evanw/esb
uild/internal/bundler
/bundler.go:1476 
+0x45 
fp=0xc0019a1fe0 
sp=0xc0019a1b30 
pc=0x11d8da5
runtime.goexit()
	runtime/asm_amd64.s:
1598 +0x1 
fp=0xc0019a1fe8 
sp=0xc0019a1fe0 
pc=0xe2b421
created by github.com
/evanw/esbuild/intern
al/bundler.(*scanner)
.maybeParseFile
	github.com/evanw/esb
uild/internal/bundler
/bundler.go:1476 
+0xaeb

goroutine 1298 [chan 
receive]:
runtime.gopark(0xc001
9a61b8?, 
0xc0063402a0?, 
0xa0?, 0xe2?, 
0xc0019a6178?)
	runtime/proc.go:381 
+0xd6 
fp=0xc0019a6110 
sp=0xc0019a60f0 
pc=0xdfb3f6
runtime.chanrecv(0xc0
02024900, 
0xc0019a61f0, 0x1)
	runtime/chan.go:583 
+0x49d 
fp=0xc0019a61a0 
sp=0xc0019a6110 
pc=0xdc6abd
runtime.chanrecv1(0x1
30e2a0?, 
0xc006d53560?)
	runtime/chan.go:442 
+0x18 
fp=0xc0019a61c8 
sp=0xc0019a61a0 
pc=0xdc65b8
main.(*serviceType).s
endRequest(0xc0001604
50, {0x130e2a0, 
0xc006d53560})
	github.com/evanw/esb
uild/cmd/esbuild/serv
ice.go:192 +0xfa 
fp=0xc0019a6228 
sp=0xc0019a61c8 
pc=0x12b105a
main.(*serviceType).c
onvertPlugins.func2.4
({{0xc001a40f60, 
0x5b}, {0x137fff4, 
0x4}, {0x0, 0x0}, 
{0x0, 0x0}, 
0xc006d53500})
	github.com/evanw/esb
uild/cmd/esbuild/serv
ice.go:1063 +0x811 
fp=0xc0019a6520 
sp=0xc0019a6228 
pc=0x12b8671
github.com/evanw/esbu
ild/pkg/api.(*pluginI
mpl).onLoad.func1({{0
x0, 0x0}, 
{{0xc001a40f60, 
0x5b}, {0x137fff4, 
0x4}, {0x0, 0x0}, 
{{0x0, 0x0}}, ...}})
	github.com/evanw/esb
uild/pkg/api/api_impl
.go:1995 +0x266 
fp=0xc0019a6830 
sp=0xc0019a6520 
pc=0x127f486
github.com/evanw/esbu
ild/internal/bundler.
runOnLoadPlugins({0xc
0004101e0?, 0x1, 
0x0?}, 
0x2000000000000?, 
{0x147b078, 
0xc0005a6120?}, 
0x5?, {0xc0005d0000, 
0xc0005ac0f0, 
0xc0005ac108, ...}, 
...)
	github.com/evanw/esb
uild/internal/bundler
/bundler.go:1009 
+0x15b8 
fp=0xc0019a6f48 
sp=0xc0019a6830 
pc=0x11d6118
github.com/evanw/esbu
ild/internal/bundler.
parseFile({{0x147b078
, 0xc0005a6120}, 
{0xc0005d0000, 
0xc0005ac0f0, 
0xc0005ac108, 
0xc0005a6100, 0x6, 
0xc00040a1b0}, 
0xc0005ce480, 
0xc000410180, ...})
	github.com/evanw/esb
uild/internal/bundler
/bundler.go:144 
+0x25f 
fp=0xc0019a9b30 
sp=0xc0019a6f48 
pc=0x11cc47f
github.com/evanw/esbu
ild/internal/bundler.
(*scanner).maybeParse
File.func1()
	github.com/evanw/esb
uild/internal/bundler
/bundler.go:1476 
+0x45 
fp=0xc0019a9fe0 
sp=0xc0019a9b30 
pc=0x11d8da5
runtime.goexit()
	runtime/asm_amd64.s:
1598 +0x1 
fp=0xc0019a9fe8 
sp=0xc0019a9fe0 
pc=0xe2b421
created by github.com
/evanw/esbuild/intern
al/bundler.(*scanner)
.maybeParseFile
	github.com/evanw/esb
uild/internal/bundler
/bundler.go:1476 
+0xaeb

goroutine 1254 [chan 
receive]:
runtime.gopark(0xc006
d621b8?, 
0xc0063402a0?, 
0xa0?, 0xe2?, 
0xc006d62178?)
	runtime/proc.go:381 
+0xd6 
fp=0xc006d62110 
sp=0xc006d620f0 
pc=0xdfb3f6
runtime.chanrecv(0xc0
0276dda0, 
0xc006d621f0, 0x1)
	runtime/chan.go:583 
+0x49d 
fp=0xc006d621a0 
sp=0xc006d62110 
pc=0xdc6abd
runtime.chanrecv1(0x1
30e2a0?, 
0xc006d52f30?)
	runtime/chan.go:442 
+0x18 
fp=0xc006d621c8 
sp=0xc006d621a0 
pc=0xdc65b8
main.(*serviceType).s
endRequest(0xc0001604
50, {0x130e2a0, 
0xc006d52f30})
	github.com/evanw/esb
uild/cmd/esbuild/serv
ice.go:192 +0xfa 
fp=0xc006d62228 
sp=0xc006d621c8 
pc=0x12b105a
main.(*serviceType).c
onvertPlugins.func2.4
({{0xc00276c780, 
0x59}, {0x137fff4, 
0x4}, {0x0, 0x0}, 
{0x0, 0x0}, 
0xc006d52ed0})
	github.com/evanw/esb
uild/cmd/esbuild/serv
ice.go:1063 +0x811 
fp=0xc006d62520 
sp=0xc006d62228 
pc=0x12b8671
github.com/evanw/esbu
ild/pkg/api.(*pluginI
mpl).onLoad.func1({{0
x0, 0x0}, 
{{0xc00276c780, 
0x59}, {0x137fff4, 
0x4}, {0x0, 0x0}, 
{{0x0, 0x0}}, ...}})
	github.com/evanw/esb
uild/pkg/api/api_impl
.go:1995 +0x266 
fp=0xc006d62830 
sp=0xc006d62520 
pc=0x127f486
github.com/evanw/esbu
ild/internal/bundler.
runOnLoadPlugins({0xc
0004101e0?, 0x1, 
0x0?}, 0x0?, 
{0x147b078, 
0xc0005a6120?}, 
0x0?, {0xc0005d0000, 
0xc0005ac0f0, 
0xc0005ac108, ...}, 
...)
	github.com/evanw/esb
uild/internal/bundler
/bundler.go:1009 
+0x15b8 
fp=0xc006d62f48 
sp=0xc006d62830 
pc=0x11d6118
github.com/evanw/esbu
ild/internal/bundler.
parseFile({{0x147b078
, 0xc0005a6120}, 
{0xc0005d0000, 
0xc0005ac0f0, 
0xc0005ac108, 
0xc0005a6100, 0x6, 
0xc00040a1b0}, 
0xc0005ce480, 
0xc000410180, ...})
	github.com/evanw/esb
uild/internal/bundler
/bundler.go:144 
+0x25f 
fp=0xc006d65b30 
sp=0xc006d62f48 
pc=0x11cc47f
github.com/evanw/esbu
ild/internal/bundler.
(*scanner).maybeParse
File.func1()
	github.com/evanw/esb
uild/internal/bundler
/bundler.go:1476 
+0x45 
fp=0xc006d65fe0 
sp=0xc006d65b30 
pc=0x11d8da5
runtime.goexit()
	runtime/asm_amd64.s:
1598 +0x1 
fp=0xc006d65fe8 
sp=0xc006d65fe0 
pc=0xe2b421
created by github.com
/evanw/esbuild/intern
al/bundler.(*scanner)
.maybeParseFile
	github.com/evanw/esb
uild/internal/bundler
/bundler.go:1476 
+0xaeb

goroutine 851 [chan 
receive]:
runtime.gopark(0xc006
f961b8?, 
0xc0063402a0?, 
0xa0?, 0xe2?, 
0xc006f96178?)
	runtime/proc.go:381 
+0xd6 
fp=0xc006f96110 
sp=0xc006f960f0 
pc=0xdfb3f6
runtime.chanrecv(0xc0
001ca660, 
0xc006f961f0, 0x1)
	runtime/chan.go:583 
+0x49d 
fp=0xc006f961a0 
sp=0xc006f96110 
pc=0xdc6abd
runtime.chanrecv1(0x1
30e2a0?, 
0xc0065a2b10?)
	runtime/chan.go:442 
+0x18 
fp=0xc006f961c8 
sp=0xc006f961a0 
pc=0xdc65b8
main.(*serviceType).s
endRequest(0xc0001604
50, {0x130e2a0, 
0xc0065a2b10})
	github.com/evanw/esb
uild/cmd/esbuild/serv
ice.go:192 +0xfa 
fp=0xc006f96228 
sp=0xc006f961c8 
pc=0x12b105a
main.(*serviceType).c
onvertPlugins.func2.4
({{0xc006dd8d20, 
0x65}, {0x137fff4, 
0x4}, {0x0, 0x0}, 
{0x0, 0x0}, 
0xc0065a2ab0})
	github.com/evanw/esb
uild/cmd/esbuild/serv
ice.go:1063 +0x811 
fp=0xc006f96520 
sp=0xc006f96228 
pc=0x12b8671
github.com/evanw/esbu
ild/pkg/api.(*pluginI
mpl).onLoad.func1({{0
x0, 0x0}, 
{{0xc006dd8d20, 
0x65}, {0x137fff4, 
0x4}, {0x0, 0x0}, 
{{0x0, 0x0}}, ...}})
	github.com/evanw/esb
uild/pkg/api/api_impl
.go:1995 +0x266 
fp=0xc006f96830 
sp=0xc006f96520 
pc=0x127f486
github.com/evanw/esbu
ild/internal/bundler.
runOnLoadPlugins({0xc
0004101e0?, 0x1, 
0x0?}, 0x0?, 
{0x147b078, 
0xc0005a6120?}, 
0x0?, {0xc0005d0000, 
0xc0005ac0f0, 
0xc0005ac108, ...}, 
...)
	github.com/evanw/esb
uild/internal/bundler
/bundler.go:1009 
+0x15b8 
fp=0xc006f96f48 
sp=0xc006f96830 
pc=0x11d6118
github.com/evanw/esbu
ild/internal/bundler.
parseFile({{0x147b078
, 0xc0005a6120}, 
{0xc0005d0000, 
0xc0005ac0f0, 
0xc0005ac108, 
0xc0005a6100, 0x6, 
0xc00040a1b0}, 
0xc0005ce480, 
0xc000410180, ...})
	github.com/evanw/esb
uild/internal/bundler
/bundler.go:144 
+0x25f 
fp=0xc006f99b30 
sp=0xc006f96f48 
pc=0x11cc47f
github.com/evanw/esbu
ild/internal/bundler.
(*scanner).maybeParse
File.func1()
	github.com/evanw/esb
uild/internal/bundler
/bundler.go:1476 
+0x45 
fp=0xc006f99fe0 
sp=0xc006f99b30 
pc=0x11d8da5
runtime.goexit()
	runtime/asm_amd64.s:
1598 +0x1 
fp=0xc006f99fe8 
sp=0xc006f99fe0 
pc=0xe2b421
created by github.com
/evanw/esbuild/intern
al/bundler.(*scanner)
.maybeParseFile
	github.com/evanw/esb
uild/internal/bundler
/bundler.go:1476 
+0xaeb

goroutine 1261 [chan 
receive]:
runtime.gopark(0xc001
2a81b8?, 
0xc0063402a0?, 
0xa0?, 0xe2?, 
0xc0012a8178?)
	runtime/proc.go:381 
+0xd6 
fp=0xc0012a8110 
sp=0xc0012a80f0 
pc=0xdfb3f6
runtime.chanrecv(0xc0
01635860, 
0xc0012a81f0, 0x1)
	runtime/chan.go:583 
+0x49d 
fp=0xc0012a81a0 
sp=0xc0012a8110 
pc=0xdc6abd
runtime.chanrecv1(0x1
30e2a0?, 
0xc006d533b0?)
	runtime/chan.go:442 
+0x18 
fp=0xc0012a81c8 
sp=0xc0012a81a0 
pc=0xdc65b8
main.(*serviceType).s
endRequest(0xc0001604
50, {0x130e2a0, 
0xc006d533b0})
	github.com/evanw/esb
uild/cmd/esbuild/serv
ice.go:192 +0xfa 
fp=0xc0012a8228 
sp=0xc0012a81c8 
pc=0x12b105a
main.(*serviceType).c
onvertPlugins.func2.4
({{0xc006da7aa0, 
0x5e}, {0x137fff4, 
0x4}, {0x0, 0x0}, 
{0x0, 0x0}, 
0xc006d53350})
	github.com/evanw/esb
uild/cmd/esbuild/serv
ice.go:1063 +0x811 
fp=0xc0012a8520 
sp=0xc0012a8228 
pc=0x12b8671
github.com/evanw/esbu
ild/pkg/api.(*pluginI
mpl).onLoad.func1({{0
x0, 0x0}, 
{{0xc006da7aa0, 
0x5e}, {0x137fff4, 
0x4}, {0x0, 0x0}, 
{{0x0, 0x0}}, ...}})
	github.com/evanw/esb
uild/pkg/api/api_impl
.go:1995 +0x266 
fp=0xc0012a8830 
sp=0xc0012a8520 
pc=0x127f486
github.com/evanw/esbu
ild/internal/bundler.
runOnLoadPlugins({0xc
0004101e0?, 0x1, 
0xc003175a40?}, 
0x20?, {0x147b078, 
0xc0005a6120?}, 
0xc0028caec0?, 
{0xc0005d0000, 
0xc0005ac0f0, 
0xc0005ac108, ...}, 
...)
	github.com/evanw/esb
uild/internal/bundler
/bundler.go:1009 
+0x15b8 
fp=0xc0012a8f48 
sp=0xc0012a8830 
pc=0x11d6118
github.com/evanw/esbu
ild/internal/bundler.
parseFile({{0x147b078
, 0xc0005a6120}, 
{0xc0005d0000, 
0xc0005ac0f0, 
0xc0005ac108, 
0xc0005a6100, 0x6, 
0xc00040a1b0}, 
0xc0005ce480, 
0xc000410180, ...})
	github.com/evanw/esb
uild/internal/bundler
/bundler.go:144 
+0x25f 
fp=0xc0012abb30 
sp=0xc0012a8f48 
pc=0x11cc47f
github.com/evanw/esbu
ild/internal/bundler.
(*scanner).maybeParse
File.func1()
	github.com/evanw/esb
uild/internal/bundler
/bundler.go:1476 
+0x45 
fp=0xc0012abfe0 
sp=0xc0012abb30 
pc=0x11d8da5
runtime.goexit()
	runtime/asm_amd64.s:
1598 +0x1 
fp=0xc0012abfe8 
sp=0xc0012abfe0 
pc=0xe2b421
created by github.com
/evanw/esbuild/intern
al/bundler.(*scanner)
.maybeParseFile
	github.com/evanw/esb
uild/internal/bundler
/bundler.go:1476 
+0xaeb

goroutine 1255 [chan 
receive]:
runtime.gopark(0xc000
5561b8?, 
0xc0063402a0?, 
0xa0?, 0xe2?, 
0xc000556178?)
	runtime/proc.go:381 
+0xd6 
fp=0xc000556110 
sp=0xc0005560f0 
pc=0xdfb3f6
runtime.chanrecv(0xc0
016345a0, 
0xc0005561f0, 0x1)
	runtime/chan.go:583 
+0x49d 
fp=0xc0005561a0 
sp=0xc000556110 
pc=0xdc6abd
runtime.chanrecv1(0x1
30e2a0?, 
0xc006d530e0?)
	runtime/chan.go:442 
+0x18 
fp=0xc0005561c8 
sp=0xc0005561a0 
pc=0xdc65b8
main.(*serviceType).s
endRequest(0xc0001604
50, {0x130e2a0, 
0xc006d530e0})
	github.com/evanw/esb
uild/cmd/esbuild/serv
ice.go:192 +0xfa 
fp=0xc000556228 
sp=0xc0005561c8 
pc=0x12b105a
main.(*serviceType).c
onvertPlugins.func2.4
({{0xc006f29da0, 
0x5a}, {0x137fff4, 
0x4}, {0x0, 0x0}, 
{0x0, 0x0}, 
0xc006d53080})
	github.com/evanw/esb
uild/cmd/esbuild/serv
ice.go:1063 +0x811 
fp=0xc000556520 
sp=0xc000556228 
pc=0x12b8671
github.com/evanw/esbu
ild/pkg/api.(*pluginI
mpl).onLoad.func1({{0
x0, 0x0}, 
{{0xc006f29da0, 
0x5a}, {0x137fff4, 
0x4}, {0x0, 0x0}, 
{{0x0, 0x0}}, ...}})
	github.com/evanw/esb
uild/pkg/api/api_impl
.go:1995 +0x266 
fp=0xc000556830 
sp=0xc000556520 
pc=0x127f486
github.com/evanw/esbu
ild/internal/bundler.
runOnLoadPlugins({0xc
0004101e0?, 0x1, 
0x0?}, 0x0?, 
{0x147b078, 
0xc0005a6120?}, 
0x0?, {0xc0005d0000, 
0xc0005ac0f0, 
0xc0005ac108, ...}, 
...)
	github.com/evanw/esb
uild/internal/bundler
/bundler.go:1009 
+0x15b8 
fp=0xc000556f48 
sp=0xc000556830 
pc=0x11d6118
github.com/evanw/esbu
ild/internal/bundler.
parseFile({{0x147b078
, 0xc0005a6120}, 
{0xc0005d0000, 
0xc0005ac0f0, 
0xc0005ac108, 
0xc0005a6100, 0x6, 
0xc00040a1b0}, 
0xc0005ce480, 
0xc000410180, ...})
	github.com/evanw/esb
uild/internal/bundler
/bundler.go:144 
+0x25f 
fp=0xc000559b30 
sp=0xc000556f48 
pc=0x11cc47f
github.com/evanw/esbu
ild/internal/bundler.
(*scanner).maybeParse
File.func1()
	github.com/evanw/esb
uild/internal/bundler
/bundler.go:1476 
+0x45 
fp=0xc000559fe0 
sp=0xc000559b30 
pc=0x11d8da5
runtime.goexit()
	runtime/asm_amd64.s:
1598 +0x1 
fp=0xc000559fe8 
sp=0xc000559fe0 
pc=0xe2b421
created by github.com
/evanw/esbuild/intern
al/bundler.(*scanner)
.maybeParseFile
	github.com/evanw/esb
uild/internal/bundler
/bundler.go:1476 
+0xaeb

goroutine 1264 [chan 
receive]:
runtime.gopark(0xc000
50c1b8?, 
0xc0063402a0?, 
0xa0?, 0xe2?, 
0xc00050c178?)
	runtime/proc.go:381 
+0xd6 
fp=0xc00050c110 
sp=0xc00050c0f0 
pc=0xdfb3f6
runtime.chanrecv(0xc0
00d5ac00, 
0xc00050c1f0, 0x1)
	runtime/chan.go:583 
+0x49d 
fp=0xc00050c1a0 
sp=0xc00050c110 
pc=0xdc6abd
runtime.chanrecv1(0x1
30e2a0?, 
0xc006d53050?)
	runtime/chan.go:442 
+0x18 
fp=0xc00050c1c8 
sp=0xc00050c1a0 
pc=0xdc65b8
main.(*serviceType).s
endRequest(0xc0001604
50, {0x130e2a0, 
0xc006d53050})
	github.com/evanw/esb
uild/cmd/esbuild/serv
ice.go:192 +0xfa 
fp=0xc00050c228 
sp=0xc00050c1c8 
pc=0x12b105a
main.(*serviceType).c
onvertPlugins.func2.4
({{0xc006dd8620, 
0x63}, {0x137fff4, 
0x4}, {0x0, 0x0}, 
{0x0, 0x0}, 
0xc006d52ff0})
	github.com/evanw/esb
uild/cmd/esbuild/serv
ice.go:1063 +0x811 
fp=0xc00050c520 
sp=0xc00050c228 
pc=0x12b8671
github.com/evanw/esbu
ild/pkg/api.(*pluginI
mpl).onLoad.func1({{0
x0, 0x0}, 
{{0xc006dd8620, 
0x63}, {0x137fff4, 
0x4}, {0x0, 0x0}, 
{{0x0, 0x0}}, ...}})
	github.com/evanw/esb
uild/pkg/api/api_impl
.go:1995 +0x266 
fp=0xc00050c830 
sp=0xc00050c520 
pc=0x127f486
github.com/evanw/esbu
ild/internal/bundler.
runOnLoadPlugins({0xc
0004101e0?, 0x1, 
0x0?}, 0x0?, 
{0x147b078, 
0xc0005a6120?}, 
0x0?, {0xc0005d0000, 
0xc0005ac0f0, 
0xc0005ac108, ...}, 
...)
	github.com/evanw/esb
uild/internal/bundler
/bundler.go:1009 
+0x15b8 
fp=0xc00050cf48 
sp=0xc00050c830 
pc=0x11d6118
github.com/evanw/esbu
ild/internal/bundler.
parseFile({{0x147b078
, 0xc0005a6120}, 
{0xc0005d0000, 
0xc0005ac0f0, 
0xc0005ac108, 
0xc0005a6100, 0x6, 
0xc00040a1b0}, 
0xc0005ce480, 
0xc000410180, ...})
	github.com/evanw/esb
uild/internal/bundler
/bundler.go:144 
+0x25f 
fp=0xc00050fb30 
sp=0xc00050cf48 
pc=0x11cc47f
github.com/evanw/esbu
ild/internal/bundler.
(*scanner).maybeParse
File.func1()
	github.com/evanw/esb
uild/internal/bundler
/bundler.go:1476 
+0x45 
fp=0xc00050ffe0 
sp=0xc00050fb30 
pc=0x11d8da5
runtime.goexit()
	runtime/asm_amd64.s:
1598 +0x1 
fp=0xc00050ffe8 
sp=0xc00050ffe0 
pc=0xe2b421
created by github.com
/evanw/esbuild/intern
al/bundler.(*scanner)
.maybeParseFile
	github.com/evanw/esb
uild/internal/bundler
/bundler.go:1476 
+0xaeb

goroutine 1257 [chan 
receive]:
runtime.gopark(0xc000
5ec1b8?, 
0xc0063402a0?, 
0xa0?, 0xe2?, 
0xc0005ec178?)
	runtime/proc.go:381 
+0xd6 
fp=0xc0005ec110 
sp=0xc0005ec0f0 
pc=0xdfb3f6
runtime.chanrecv(0xc0
016355c0, 
0xc0005ec1f0, 0x1)
	runtime/chan.go:583 
+0x49d 
fp=0xc0005ec1a0 
sp=0xc0005ec110 
pc=0xdc6abd
runtime.chanrecv1(0x1
30e2a0?, 
0xc006d53170?)
	runtime/chan.go:442 
+0x18 
fp=0xc0005ec1c8 
sp=0xc0005ec1a0 
pc=0xdc65b8
main.(*serviceType).s
endRequest(0xc0001604
50, {0x130e2a0, 
0xc006d53170})
	github.com/evanw/esb
uild/cmd/esbuild/serv
ice.go:192 +0xfa 
fp=0xc0005ec228 
sp=0xc0005ec1c8 
pc=0x12b105a
main.(*serviceType).c
onvertPlugins.func2.4
({{0xc006daa320, 
0x43}, {0x137fff4, 
0x4}, {0x0, 0x0}, 
{0x0, 0x0}, 
0xc006d53110})
	github.com/evanw/esb
uild/cmd/esbuild/serv
ice.go:1063 +0x811 
fp=0xc0005ec520 
sp=0xc0005ec228 
pc=0x12b8671
github.com/evanw/esbu
ild/pkg/api.(*pluginI
mpl).onLoad.func1({{0
x0, 0x0}, 
{{0xc006daa320, 
0x43}, {0x137fff4, 
0x4}, {0x0, 0x0}, 
{{0x0, 0x0}}, ...}})
	github.com/evanw/esb
uild/pkg/api/api_impl
.go:1995 +0x266 
fp=0xc0005ec830 
sp=0xc0005ec520 
pc=0x127f486
github.com/evanw/esbu
ild/internal/bundler.
runOnLoadPlugins({0xc
0004101e0?, 0x1, 
0x1c000a59f1?}, 
0x19000a5b60?, 
{0x147b078, 
0xc0005a6120?}, 
0x53000a5e83?, 
{0xc0005d0000, 
0xc0005ac0f0, 
0xc0005ac108, ...}, 
...)
	github.com/evanw/esb
uild/internal/bundler
/bundler.go:1009 
+0x15b8 
fp=0xc0005ecf48 
sp=0xc0005ec830 
pc=0x11d6118
github.com/evanw/esbu
ild/internal/bundler.
parseFile({{0x147b078
, 0xc0005a6120}, 
{0xc0005d0000, 
0xc0005ac0f0, 
0xc0005ac108, 
0xc0005a6100, 0x6, 
0xc00040a1b0}, 
0xc0005ce480, 
0xc000410180, ...})
	github.com/evanw/esb
uild/internal/bundler
/bundler.go:144 
+0x25f 
fp=0xc0005efb30 
sp=0xc0005ecf48 
pc=0x11cc47f
github.com/evanw/esbu
ild/internal/bundler.
(*scanner).maybeParse
File.func1()
	github.com/evanw/esb
uild/internal/bundler
/bundler.go:1476 
+0x45 
fp=0xc0005effe0 
sp=0xc0005efb30 
pc=0x11d8da5
runtime.goexit()
	runtime/asm_amd64.s:
1598 +0x1 
fp=0xc0005effe8 
sp=0xc0005effe0 
pc=0xe2b421
created by github.com
/evanw/esbuild/intern
al/bundler.(*scanner)
.maybeParseFile
	github.com/evanw/esb
uild/internal/bundler
/bundler.go:1476 
+0xaeb

goroutine 1143 
[runnable, locked to 
thread]:
runtime.cgocall(0xe2c
d80, 0x170f060)
	runtime/cgocall.go:1
57 +0x4a 
fp=0xc005b78ae0 
sp=0xc005b78aa8 
pc=0xdc456a
syscall.SyscallN(0x7f
faed4c7300?, 
{0xc005b78b78?, 
0x3?, 0x0?})
	runtime/syscall_wind
ows.go:557 +0x109 
fp=0xc005b78b58 
sp=0xc005b78ae0 
pc=0xe27fa9
syscall.Syscall(0x170
eda0?, 
0xc005b78be0?, 
0xe8ceec?, 
0xc0032cce70?, 0xdd?)
	runtime/syscall_wind
ows.go:495 +0x3b 
fp=0xc005b78ba0 
sp=0xc005b78b58 
pc=0xe27d7b
syscall.GetFileAttrib
utesEx(0xc006f2b260?,
 0x0, 0xc006f2b260?)
	syscall/zsyscall_win
dows.go:750 +0x72 
fp=0xc005b78bf0 
sp=0xc005b78ba0 
pc=0xe65ff2
os.stat({0x13803fb, 
0x5}, {0xc006f2b260, 
0x6e}, 0x12f6640?)
	os/stat_windows.go:3
5 +0x2a5 
fp=0xc005b78f20 
sp=0xc005b78bf0 
pc=0xe8bfa5
os.lstatNolog(...)
	os/stat_windows.go:1
05
os.Lstat({0xc006f2b26
0, 0x6e})
	os/stat.go:22 +0x45 
fp=0xc005b78f58 
sp=0xc005b78f20 
pc=0xe8bc45
github.com/evanw/esbu
ild/internal/fs.(*rea
lFS).kind(0xc0005aa14
0, {0xc002ecc320?, 
0x1d?}, 
{0xc0025fc580?, 
0x1186dcb?})
	github.com/evanw/esb
uild/internal/fs/fs_r
eal.go:408 +0xea 
fp=0xc005b78ff8 
sp=0xc005b78f58 
pc=0x118b26a
github.com/evanw/esbu
ild/internal/fs.(*zip
FS).kind(0xc001b297c0
?, {0xc002ecc320?, 
0x1d?}, 
{0xc0025fc580?, 
0xc0005aa140?})
	github.com/evanw/esb
uild/internal/fs/fs_z
ip.go:326 +0x2e 
fp=0xc005b79030 
sp=0xc005b78ff8 
pc=0x118e6ce
github.com/evanw/esbu
ild/internal/fs.(*Ent
ry).Kind(0xc0030c7e00
, {0x147b078?, 
0xc0005a6120?})
	github.com/evanw/esb
uild/internal/fs/fs.g
o:37 +0xd3 
fp=0xc005b79090 
sp=0xc005b79030 
pc=0x11869b3
github.com/evanw/esbu
ild/internal/resolver
.resolverQuery.loadAs
File.func1({0xc001b29
7a0, 0x1d})
	github.com/evanw/esb
uild/internal/resolve
r/resolver.go:1673 
+0x247 
fp=0xc005b79198 
sp=0xc005b79090 
pc=0x11b09e7
github.com/evanw/esbu
ild/internal/resolver
.resolverQuery.loadAs
File({0xc0005ce480?, 
0xc005e65900?, 0x0?, 
0xa0?}, 
{0xc006f2b1f0, 
0x6b}, 
{0xc0005aa1c0, 0x4, 
0x1185253?})
	github.com/evanw/esb
uild/internal/resolve
r/resolver.go:1737 
+0x97a 
fp=0xc005b79478 
sp=0xc005b79198 
pc=0x11b025a
github.com/evanw/esbu
ild/internal/resolver
.resolverQuery.loadAs
FileOrDirectory({0xc0
005ce480?, 
0xc005e65900?, 0x0?, 
0x10?}, 
{0xc006f2b1f0, 0x6b})
	github.com/evanw/esb
uild/internal/resolve
r/resolver.go:1844 
+0x1b3 
fp=0xc005b796b0 
sp=0xc005b79478 
pc=0x11b1e33
github.com/evanw/esbu
ild/internal/resolver
.resolverQuery.resolv
eWithoutSymlinks({0xc
0005ce480?, 
0xc005e65900?, 0x0?, 
0x0?}, 
{0xc000ec6f50, 
0x50}, 0xc0030fb700, 
{0xc005e62020, 0x1c})
	github.com/evanw/esb
uild/internal/resolve
r/resolver.go:1004 
+0xd4d 
fp=0xc005b7a088 
sp=0xc005b796b0 
pc=0x11a92cd
github.com/evanw/esbu
ild/internal/resolver
.(*Resolver).Resolve(
0xc0005ce480, 
{0xc000ec6f50, 
0x50}, 
{0xc005e62020, 
0x1c}, 0x1)
	github.com/evanw/esb
uild/internal/resolve
r/resolver.go:541 
+0x167e 
fp=0xc005b7a9e0 
sp=0xc005b7a088 
pc=0x11a2f5e
github.com/evanw/esbu
ild/internal/bundler.
RunOnResolvePlugins({
_, _, _}, _, 
{0xc0005d0000, 
0xc0005ac0f0, 
0xc0005ac108, 
0xc0005a6100, 0x6, 
0xc00040a1b0}, ...)
	github.com/evanw/esb
uild/internal/bundler
/bundler.go:961 
+0x35a 
fp=0xc005b7af48 
sp=0xc005b7a9e0 
pc=0x11d3dfa
github.com/evanw/esbu
ild/internal/bundler.
parseFile({{0x147b078
, 0xc0005a6120}, 
{0xc0005d0000, 
0xc0005ac0f0, 
0xc0005ac108, 
0xc0005a6100, 0x6, 
0xc00040a1b0}, 
0xc0005ce480, 
0xc000410180, ...})
	github.com/evanw/esb
uild/internal/bundler
/bundler.go:455 
+0x3675 
fp=0xc005b7db30 
sp=0xc005b7af48 
pc=0x11cf895
github.com/evanw/esbu
ild/internal/bundler.
(*scanner).maybeParse
File.func1()
	github.com/evanw/esb
uild/internal/bundler
/bundler.go:1476 
+0x45 
fp=0xc005b7dfe0 
sp=0xc005b7db30 
pc=0x11d8da5
runtime.goexit()
	runtime/asm_amd64.s:
1598 +0x1 
fp=0xc005b7dfe8 
sp=0xc005b7dfe0 
pc=0xe2b421
created by github.com
/evanw/esbuild/intern
al/bundler.(*scanner)
.maybeParseFile
	github.com/evanw/esb
uild/internal/bundler
/bundler.go:1476 
+0xaeb

goroutine 1258 [chan 
receive]:
runtime.gopark(0xc000
7301b8?, 
0xc0063402a0?, 
0xa0?, 0xe2?, 
0xc000730178?)
	runtime/proc.go:381 
+0xd6 
fp=0xc000730110 
sp=0xc0007300f0 
pc=0xdfb3f6
runtime.chanrecv(0xc0
01635620, 
0xc0007301f0, 0x1)
	runtime/chan.go:583 
+0x49d 
fp=0xc0007301a0 
sp=0xc000730110 
pc=0xdc6abd
runtime.chanrecv1(0x1
30e2a0?, 
0xc006d53200?)
	runtime/chan.go:442 
+0x18 
fp=0xc0007301c8 
sp=0xc0007301a0 
pc=0xdc65b8
main.(*serviceType).s
endRequest(0xc0001604
50, {0x130e2a0, 
0xc006d53200})
	github.com/evanw/esb
uild/cmd/esbuild/serv
ice.go:192 +0xfa 
fp=0xc000730228 
sp=0xc0007301c8 
pc=0x12b105a
main.(*serviceType).c
onvertPlugins.func2.4
({{0xc006da7440, 
0x5a}, {0x137fff4, 
0x4}, {0x0, 0x0}, 
{0x0, 0x0}, 
0xc006d531a0})
	github.com/evanw/esb
uild/cmd/esbuild/serv
ice.go:1063 +0x811 
fp=0xc000730520 
sp=0xc000730228 
pc=0x12b8671
github.com/evanw/esbu
ild/pkg/api.(*pluginI
mpl).onLoad.func1({{0
x0, 0x0}, 
{{0xc006da7440, 
0x5a}, {0x137fff4, 
0x4}, {0x0, 0x0}, 
{{0x0, 0x0}}, ...}})
	github.com/evanw/esb
uild/pkg/api/api_impl
.go:1995 +0x266 
fp=0xc000730830 
sp=0xc000730520 
pc=0x127f486
github.com/evanw/esbu
ild/internal/bundler.
runOnLoadPlugins({0xc
0004101e0?, 0x1, 
0x0?}, 0x0?, 
{0x147b078, 
0xc0005a6120?}, 
0x0?, {0xc0005d0000, 
0xc0005ac0f0, 
0xc0005ac108, ...}, 
...)
	github.com/evanw/esb
uild/internal/bundler
/bundler.go:1009 
+0x15b8 
fp=0xc000730f48 
sp=0xc000730830 
pc=0x11d6118
github.com/evanw/esbu
ild/internal/bundler.
parseFile({{0x147b078
, 0xc0005a6120}, 
{0xc0005d0000, 
0xc0005ac0f0, 
0xc0005ac108, 
0xc0005a6100, 0x6, 
0xc00040a1b0}, 
0xc0005ce480, 
0xc000410180, ...})
	github.com/evanw/esb
uild/internal/bundler
/bundler.go:144 
+0x25f 
fp=0xc000733b30 
sp=0xc000730f48 
pc=0x11cc47f
github.com/evanw/esbu
ild/internal/bundler.
(*scanner).maybeParse
File.func1()
	github.com/evanw/esb
uild/internal/bundler
/bundler.go:1476 
+0x45 
fp=0xc000733fe0 
sp=0xc000733b30 
pc=0x11d8da5
runtime.goexit()
	runtime/asm_amd64.s:
1598 +0x1 
fp=0xc000733fe8 
sp=0xc000733fe0 
pc=0xe2b421
created by github.com
/evanw/esbuild/intern
al/bundler.(*scanner)
.maybeParseFile
	github.com/evanw/esb
uild/internal/bundler
/bundler.go:1476 
+0xaeb

goroutine 1259 [chan 
receive]:
runtime.gopark(0xc000
b741b8?, 
0xc0063402a0?, 
0xa0?, 0xe2?, 
0xc000b74178?)
	runtime/proc.go:381 
+0xd6 
fp=0xc000b74110 
sp=0xc000b740f0 
pc=0xdfb3f6
runtime.chanrecv(0xc0
016357a0, 
0xc000b741f0, 0x1)
	runtime/chan.go:583 
+0x49d 
fp=0xc000b741a0 
sp=0xc000b74110 
pc=0xdc6abd
runtime.chanrecv1(0x1
30e2a0?, 
0xc006d53290?)
	runtime/chan.go:442 
+0x18 
fp=0xc000b741c8 
sp=0xc000b741a0 
pc=0xdc65b8
main.(*serviceType).s
endRequest(0xc0001604
50, {0x130e2a0, 
0xc006d53290})
	github.com/evanw/esb
uild/cmd/esbuild/serv
ice.go:192 +0xfa 
fp=0xc000b74228 
sp=0xc000b741c8 
pc=0x12b105a
main.(*serviceType).c
onvertPlugins.func2.4
({{0xc006da7620, 
0x58}, {0x137fff4, 
0x4}, {0x0, 0x0}, 
{0x0, 0x0}, 
0xc006d53230})
	github.com/evanw/esb
uild/cmd/esbuild/serv
ice.go:1063 +0x811 
fp=0xc000b74520 
sp=0xc000b74228 
pc=0x12b8671
github.com/evanw/esbu
ild/pkg/api.(*pluginI
mpl).onLoad.func1({{0
x0, 0x0}, 
{{0xc006da7620, 
0x58}, {0x137fff4, 
0x4}, {0x0, 0x0}, 
{{0x0, 0x0}}, ...}})
	github.com/evanw/esb
uild/pkg/api/api_impl
.go:1995 +0x266 
fp=0xc000b74830 
sp=0xc000b74520 
pc=0x127f486
github.com/evanw/esbu
ild/internal/bundler.
runOnLoadPlugins({0xc
0004101e0?, 0x1, 
0x0?}, 0x0?, 
{0x147b078, 
0xc0005a6120?}, 
0x0?, {0xc0005d0000, 
0xc0005ac0f0, 
0xc0005ac108, ...}, 
...)
	github.com/evanw/esb
uild/internal/bundler
/bundler.go:1009 
+0x15b8 
fp=0xc000b74f48 
sp=0xc000b74830 
pc=0x11d6118
github.com/evanw/esbu
ild/internal/bundler.
parseFile({{0x147b078
, 0xc0005a6120}, 
{0xc0005d0000, 
0xc0005ac0f0, 
0xc0005ac108, 
0xc0005a6100, 0x6, 
0xc00040a1b0}, 
0xc0005ce480, 
0xc000410180, ...})
	github.com/evanw/esb
uild/internal/bundler
/bundler.go:144 
+0x25f 
fp=0xc000b77b30 
sp=0xc000b74f48 
pc=0x11cc47f
github.com/evanw/esbu
ild/internal/bundler.
(*scanner).maybeParse
File.func1()
	github.com/evanw/esb
uild/internal/bundler
/bundler.go:1476 
+0x45 
fp=0xc000b77fe0 
sp=0xc000b77b30 
pc=0x11d8da5
runtime.goexit()
	runtime/asm_amd64.s:
1598 +0x1 
fp=0xc000b77fe8 
sp=0xc000b77fe0 
pc=0xe2b421
created by github.com
/evanw/esbuild/intern
al/bundler.(*scanner)
.maybeParseFile
	github.com/evanw/esb
uild/internal/bundler
/bundler.go:1476 
+0xaeb
An unhandled 
exception occurred: 
The service was 
stopped: write EPIPE
See "C:\Users\Hari\Ap
pData\Local\Temp\ng-3
NLm0R\angular-errors.
log" for further 
details.
