2026-05-08T13:13:18.887Z - POST /register - 201 - 2905ms
2026-05-08T13:13:19.787Z - POST /login - 200 - 851ms
2026-05-08T13:16:20.515Z - GET / - 200 - 258ms
2026-05-08T13:16:21.344Z - GET / - 200 - 141ms
2026-05-08T13:16:21.845Z - GET / - 200 - 167ms
2026-05-08T13:16:22.188Z - GET / - 304 - 185ms
2026-05-08T13:16:43.629Z - POST /login - 200 - 1214ms
2026-05-08T13:16:43.821Z - GET / - 200 - 111ms
2026-05-08T13:16:43.976Z - GET /conversations - 200 - 146ms
2026-05-08T13:16:44.191Z - GET / - 304 - 343ms
2026-05-08T13:16:44.264Z - GET /admin - 200 - 406ms
2026-05-08T13:16:45.410Z - GET / - 304 - 1099ms
2026-05-08T13:16:45.927Z - GET /user-stats - 200 - 2052ms
2026-05-08T13:16:45.971Z - GET /me - 200 - 1962ms
2026-05-08T13:16:46.394Z - GET / - 304 - 399ms
2026-05-08T13:16:46.407Z - GET /conversations - 304 - 397ms
2026-05-08T13:16:46.684Z - GET /analytics?range=1week - 200 - 2806ms
2026-05-08T13:16:47.385Z - GET /analytics?range=1week - 304 - 688ms
2026-05-08T13:16:47.745Z - GET / - 304 - 1730ms
2026-05-08T13:16:47.759Z - GET /admin - 304 - 1741ms
2026-05-08T13:16:47.798Z - GET /user-stats - 304 - 1385ms
2026-05-08T13:16:48.020Z - GET / - 304 - 253ms
2026-05-08T13:16:49.463Z - GET /users - 200 - 5613ms
2026-05-08T13:16:54.062Z - GET /users - 200 - 4584ms
2026-05-08T13:17:30.713Z - POST /login - 200 - 2405ms
2026-05-08T13:17:30.930Z - GET / - 200 - 71ms
2026-05-08T13:17:30.941Z - GET /conversations - 200 - 72ms
2026-05-08T13:17:31.025Z - GET /conversations - 304 - 73ms
2026-05-08T13:17:31.209Z - GET /matches - 500 - 109ms
2026-05-08T13:17:31.293Z - GET /available - 200 - 63ms
2026-05-08T13:17:31.330Z - GET /volunteer/69d88f69b3060c2bfa29e45e - 200 - 104ms
2026-05-08T13:17:31.415Z - GET /volunteer - 200 - 194ms
2026-05-08T13:17:31.542Z - GET /volunteer/69d88f69b3060c2bfa29e45e - 304 - 178ms
2026-05-08T13:17:32.082Z - GET /volunteer/69d88f69b3060c2bfa29e45e - 304 - 521ms
2026-05-08T13:17:39.755Z - GET /69d88c18b3060c2bfa29e408 - 200 - 72ms
2026-05-08T13:17:39.774Z - PUT /read/69d88c18b3060c2bfa29e408 - 200 - 106ms
2026-05-08T13:17:39.860Z - GET /conversations - 304 - 74ms
2026-05-08T13:17:42.695Z - GET /matches - 500 - 8ms
2026-05-08T13:17:42.717Z - GET /conversations - 304 - 71ms
2026-05-08T13:17:42.774Z - GET /volunteer/69d88f69b3060c2bfa29e45e - 304 - 66ms
2026-05-08T13:17:42.782Z - GET /available - 304 - 70ms
2026-05-08T13:17:43.096Z - GET /volunteer - 304 - 394ms
2026-05-08T13:17:43.102Z - GET /volunteer/69d88f69b3060c2bfa29e45e - 304 - 313ms
2026-05-08T13:17:43.285Z - GET /volunteer/69d88f69b3060c2bfa29e45e - 304 - 173ms
2026-05-08T13:18:01.219Z - GET /matches - 500 - 6ms
2026-05-08T13:18:01.349Z - GET /volunteer/69d88f69b3060c2bfa29e45e - 304 - 122ms
2026-05-08T13:18:01.363Z - GET /conversations - 304 - 134ms
2026-05-08T13:18:01.771Z - GET /volunteer - 304 - 549ms
2026-05-08T13:18:05.204Z - GET /69d88c18b3060c2bfa29e408 - 304 - 73ms
2026-05-08T13:18:05.304Z - PUT /read/69d88c18b3060c2bfa29e408 - 200 - 85ms
2026-05-08T13:18:05.396Z - GET /conversations - 304 - 80ms
2026-05-08T13:18:07.639Z - GET /69d88bc1b3060c2bfa29e3c5 - 200 - 230ms
2026-05-08T13:18:07.887Z - PUT /read/69d88bc1b3060c2bfa29e3c5 - 200 - 236ms
2026-05-08T13:18:08.206Z - GET /conversations - 304 - 306ms
2026-05-08T13:18:10.748Z - GET /69d88bc1b3060c2bfa29e3c5 - 304 - 226ms
2026-05-08T13:18:11.203Z - PUT /read/69d88bc1b3060c2bfa29e3c5 - 200 - 442ms
2026-05-08T13:18:12.166Z - GET /69d88c18b3060c2bfa29e408 - 304 - 167ms
2026-05-08T13:18:12.171Z - GET /conversations - 304 - 159ms
2026-05-08T13:18:12.319Z - PUT /read/69d88c18b3060c2bfa29e408 - 200 - 140ms
2026-05-08T13:18:12.405Z - GET /conversations - 304 - 77ms
2026-05-08T13:18:13.610Z - GET /matches - 500 - 6ms
2026-05-08T13:18:13.696Z - GET /volunteer/69d88f69b3060c2bfa29e45e - 304 - 79ms
2026-05-08T13:18:13.755Z - GET /volunteer - 304 - 143ms
2026-05-08T13:18:18.897Z - GET /matches - 500 - 9ms
2026-05-08T13:18:18.925Z - GET /conversations - 304 - 111ms
2026-05-08T13:18:18.982Z - GET /available - 304 - 62ms
2026-05-08T13:18:18.993Z - GET /volunteer/69d88f69b3060c2bfa29e45e - 304 - 77ms
2026-05-08T13:18:19.356Z - GET /volunteer - 304 - 451ms
2026-05-08T13:18:19.363Z - GET /volunteer/69d88f69b3060c2bfa29e45e - 304 - 326ms
2026-05-08T13:18:19.567Z - GET /volunteer/69d88f69b3060c2bfa29e45e - 304 - 191ms
2026-05-08T13:18:31.485Z - GET /matches - 500 - 5ms
2026-05-08T13:18:31.818Z - GET /volunteer/69d88f69b3060c2bfa29e45e - 304 - 326ms
2026-05-08T13:18:32.143Z - GET /volunteer - 304 - 655ms
2026-05-08T13:18:43.496Z - GET /matches - 500 - 6ms
2026-05-08T13:18:43.756Z - GET /volunteer/69d88f69b3060c2bfa29e45e - 304 - 228ms
2026-05-08T13:18:44.130Z - GET /volunteer - 304 - 606ms
2026-05-08T13:18:49.485Z - GET /matches - 500 - 7ms
2026-05-08T13:18:49.864Z - GET /volunteer/69d88f69b3060c2bfa29e45e - 304 - 368ms
2026-05-08T13:18:49.869Z - GET /available - 304 - 357ms
2026-05-08T13:18:49.984Z - GET /volunteer - 304 - 493ms
2026-05-08T13:18:49.989Z - GET /volunteer/69d88f69b3060c2bfa29e45e - 304 - 93ms
2026-05-08T13:18:50.398Z - GET /volunteer/69d88f69b3060c2bfa29e45e - 304 - 392ms
2026-05-08T13:19:01.483Z - GET /matches - 500 - 5ms
2026-05-08T13:19:01.582Z - GET /volunteer/69d88f69b3060c2bfa29e45e - 304 - 60ms
2026-05-08T13:19:01.727Z - GET /volunteer - 304 - 221ms
2026-05-08T13:19:13.490Z - GET /matches - 500 - 5ms
2026-05-08T13:19:13.876Z - GET /volunteer/69d88f69b3060c2bfa29e45e - 304 - 365ms
2026-05-08T13:19:14.249Z - GET /volunteer - 304 - 749ms
2026-05-08T13:19:19.498Z - GET /matches - 500 - 8ms
2026-05-08T13:19:19.920Z - GET /volunteer/69d88f69b3060c2bfa29e45e - 304 - 378ms
2026-05-08T13:19:19.924Z - GET /available - 304 - 374ms
2026-05-08T13:19:20.168Z - GET /volunteer - 304 - 664ms
2026-05-08T13:19:20.174Z - GET /volunteer/69d88f69b3060c2bfa29e45e - 304 - 231ms
2026-05-08T13:19:20.639Z - GET /volunteer/69d88f69b3060c2bfa29e45e - 304 - 451ms
2026-05-08T13:19:31.481Z - GET /matches - 500 - 5ms
2026-05-08T13:19:32.081Z - GET /volunteer/69d88f69b3060c2bfa29e45e - 304 - 591ms
2026-05-08T13:19:32.297Z - GET /volunteer - 304 - 810ms
2026-05-08T13:19:43.492Z - GET /matches - 500 - 6ms
2026-05-08T13:19:43.729Z - GET /volunteer/69d88f69b3060c2bfa29e45e - 304 - 229ms
2026-05-08T13:19:43.887Z - GET /volunteer - 304 - 390ms
2026-05-08T13:19:49.581Z - GET /matches - 500 - 6ms
2026-05-08T13:19:49.908Z - GET /volunteer/69d88f69b3060c2bfa29e45e - 304 - 317ms
2026-05-08T13:19:49.911Z - GET /available - 304 - 315ms
2026-05-08T13:19:50.331Z - GET /volunteer - 304 - 744ms
2026-05-08T13:19:50.337Z - GET /volunteer/69d88f69b3060c2bfa29e45e - 304 - 411ms
2026-05-08T13:19:50.488Z - GET /volunteer/69d88f69b3060c2bfa29e45e - 304 - 135ms
2026-05-08T13:20:01.491Z - GET /matches - 500 - 11ms
2026-05-08T13:20:01.728Z - GET /volunteer/69d88f69b3060c2bfa29e45e - 304 - 205ms
2026-05-08T13:20:01.888Z - GET /volunteer - 304 - 389ms
2026-05-08T13:20:19.493Z - GET /matches - 500 - 4ms
2026-05-08T13:20:20.301Z - GET /available - 304 - 800ms
2026-05-08T13:20:20.309Z - GET /volunteer/69d88f69b3060c2bfa29e45e - 304 - 811ms
2026-05-08T13:20:21.157Z - GET /volunteer - 304 - 1661ms
2026-05-08T13:20:21.169Z - GET /volunteer/69d88f69b3060c2bfa29e45e - 304 - 829ms
2026-05-08T13:20:21.816Z - GET /volunteer/69d88f69b3060c2bfa29e45e - 304 - 636ms
2026-05-08T13:20:49.484Z - GET /matches - 500 - 6ms
2026-05-08T13:20:49.556Z - GET /available - 304 - 63ms
2026-05-08T13:20:49.562Z - GET /volunteer/69d88f69b3060c2bfa29e45e - 304 - 71ms
2026-05-08T13:20:49.639Z - GET /volunteer/69d88f69b3060c2bfa29e45e - 304 - 63ms
2026-05-08T13:20:49.644Z - GET /volunteer - 304 - 157ms
2026-05-08T13:20:49.728Z - GET /volunteer/69d88f69b3060c2bfa29e45e - 304 - 75ms
2026-05-08T13:20:53.491Z - GET /matches - 500 - 4ms
2026-05-08T13:20:53.533Z - GET /matches - 500 - 3ms
2026-05-08T13:20:53.682Z - GET /volunteer/69d88f69b3060c2bfa29e45e - 304 - 164ms
2026-05-08T13:20:54.025Z - GET /volunteer - 304 - 511ms
2026-05-08T13:20:54.030Z - GET /volunteer/69d88f69b3060c2bfa29e45e - 304 - 335ms
2026-05-08T13:20:54.705Z - GET /volunteer - 304 - 665ms
2026-05-08T13:21:26.406Z - GET / - 200 - 377ms
2026-05-08T13:21:26.838Z - GET / - 304 - 252ms
2026-05-08T13:21:27.262Z - GET /matches - 500 - 5ms
2026-05-08T13:21:27.455Z - GET / - 304 - 606ms
2026-05-08T13:21:27.564Z - GET /conversations - 304 - 411ms
2026-05-08T13:21:28.056Z - GET / - 304 - 972ms
2026-05-08T13:21:28.096Z - GET /conversations - 304 - 525ms
2026-05-08T13:21:28.215Z - GET /volunteer - 304 - 949ms
2026-05-08T13:21:31.189Z - GET /volunteer/69d88f69b3060c2bfa29e45e - 304 - 3907ms
2026-05-08T13:21:31.233Z - GET /available - 304 - 3910ms
2026-05-08T13:21:32.115Z - GET /volunteer/69d88f69b3060c2bfa29e45e - 304 - 798ms
2026-05-08T13:21:33.069Z - GET /matches - 500 - 6ms
2026-05-08T13:21:34.814Z - GET /volunteer/69d88f69b3060c2bfa29e45e - 304 - 2689ms
2026-05-08T13:21:35.135Z - GET / - 304 - 2259ms
2026-05-08T13:21:35.165Z - GET /volunteer/69d88f69b3060c2bfa29e45e - 200 - 2108ms
2026-05-08T13:21:35.174Z - GET /conversations - 304 - 2171ms
2026-05-08T13:21:35.876Z - GET / - 200 - 3202ms
2026-05-08T13:21:36.100Z - GET /volunteer/69d88f69b3060c2bfa29e45e - 304 - 916ms
2026-05-08T13:21:36.679Z - GET /volunteer/69d88f69b3060c2bfa29e45e - 304 - 568ms
2026-05-08T13:21:36.779Z - GET / - 304 - 686ms
2026-05-08T13:21:37.510Z - GET / - 304 - 1308ms
2026-05-08T13:22:08.332Z - GET /matches - 500 - 13ms
2026-05-08T13:22:10.234Z - GET /available - 200 - 1884ms
2026-05-08T13:22:10.346Z - GET /volunteer - 304 - 37275ms
2026-05-08T13:22:10.468Z - GET /volunteer - 200 - 2130ms
2026-05-08T13:22:10.645Z - GET /available - 304 - 37565ms
2026-05-08T13:22:10.651Z - GET /volunteer/69d88f69b3060c2bfa29e45e - 304 - 2334ms
2026-05-08T13:22:11.542Z - GET /volunteer/69d88f69b3060c2bfa29e45e - 304 - 518ms
2026-05-08T13:22:12.203Z - GET /volunteer/69d88f69b3060c2bfa29e45e - 304 - 650ms
2026-05-08T13:22:33.491Z - GET /matches - 500 - 8ms
2026-05-08T13:22:34.170Z - GET /volunteer/69d88f69b3060c2bfa29e45e - 304 - 647ms
2026-05-08T13:22:34.174Z - GET /available - 304 - 648ms
2026-05-08T13:22:34.416Z - GET /volunteer/69d88f69b3060c2bfa29e45e - 304 - 225ms
2026-05-08T13:22:34.421Z - GET /volunteer - 304 - 901ms
2026-05-08T13:22:34.627Z - GET /volunteer/69d88f69b3060c2bfa29e45e - 304 - 195ms
2026-05-08T13:23:03.507Z - GET /matches - 500 - 26ms
2026-05-08T13:23:04.820Z - GET /volunteer/69d88f69b3060c2bfa29e45e - 304 - 1283ms
2026-05-08T13:23:04.826Z - GET /available - 304 - 1287ms
2026-05-08T13:23:05.857Z - GET /volunteer - 304 - 2339ms
2026-05-08T13:23:05.865Z - GET /volunteer/69d88f69b3060c2bfa29e45e - 304 - 1029ms
2026-05-08T13:23:07.404Z - GET /volunteer/69d88f69b3060c2bfa29e45e - 304 - 1525ms
2026-05-08T13:23:33.504Z - GET /matches - 500 - 4ms
2026-05-08T13:23:34.540Z - GET /volunteer/69d88f69b3060c2bfa29e45e - 304 - 1026ms
2026-05-08T13:23:34.550Z - GET /available - 304 - 1034ms
2026-05-08T13:23:35.314Z - GET /volunteer - 304 - 1804ms
2026-05-08T13:23:35.329Z - GET /volunteer/69d88f69b3060c2bfa29e45e - 304 - 774ms
2026-05-08T13:23:36.543Z - GET /volunteer/69d88f69b3060c2bfa29e45e - 304 - 1202ms
2026-05-08T13:24:03.512Z - GET /matches - 500 - 8ms
2026-05-08T13:24:04.735Z - GET /volunteer/69d88f69b3060c2bfa29e45e - 304 - 1203ms
2026-05-08T13:24:04.740Z - GET /available - 304 - 1202ms
2026-05-08T13:24:06.101Z - GET /volunteer - 304 - 2586ms
2026-05-08T13:24:06.115Z - GET /volunteer/69d88f69b3060c2bfa29e45e - 304 - 1364ms
2026-05-08T13:24:06.205Z - GET /volunteer/69d88f69b3060c2bfa29e45e - 200 - 963ms
2026-05-08T13:24:06.502Z - GET /matches - 500 - 3ms
2026-05-08T13:24:07.583Z - GET / - 304 - 1597ms
2026-05-08T13:24:07.601Z - GET / - 200 - 2479ms
2026-05-08T13:24:07.946Z - GET /conversations - 304 - 1550ms
2026-05-08T13:24:10.003Z - GET /available - 304 - 3492ms
2026-05-08T13:24:10.575Z - GET /volunteer/69d88f69b3060c2bfa29e45e - 200 - 4068ms
2026-05-08T13:24:13.265Z - GET / - 304 - 5395ms
2026-05-08T13:24:14.963Z - GET /volunteer/69d88f69b3060c2bfa29e45e - 304 - 4377ms
2026-05-08T13:24:16.904Z - GET /volunteer/69d88f69b3060c2bfa29e45e - 304 - 1929ms
2026-05-08T13:24:25.115Z - GET /volunteer - 200 - 18610ms
2026-05-08T13:24:26.370Z - GET / - 304 - 18339ms
2026-05-08T13:24:37.485Z - GET /matches - 500 - 6ms
2026-05-08T13:24:39.032Z - GET /volunteer/69d88f69b3060c2bfa29e45e - 304 - 1497ms
2026-05-08T13:24:39.040Z - GET /available - 304 - 1503ms
2026-05-08T13:24:40.818Z - GET /volunteer - 304 - 3307ms
2026-05-08T13:24:40.839Z - GET /volunteer/69d88f69b3060c2bfa29e45e - 304 - 1795ms
2026-05-08T13:24:42.388Z - GET /volunteer/69d88f69b3060c2bfa29e45e - 304 - 1540ms
2026-05-08T13:25:07.509Z - GET /matches - 500 - 6ms
2026-05-08T13:25:08.333Z - GET /available - 304 - 816ms
2026-05-08T13:25:08.339Z - GET /volunteer/69d88f69b3060c2bfa29e45e - 304 - 819ms
2026-05-08T13:25:10.528Z - GET /volunteer - 304 - 3015ms
2026-05-08T13:25:10.538Z - GET /volunteer/69d88f69b3060c2bfa29e45e - 304 - 2180ms
2026-05-08T13:25:11.967Z - GET /volunteer/69d88f69b3060c2bfa29e45e - 304 - 1418ms
2026-05-08T13:25:36.630Z - GET /matches - 500 - 16ms
2026-05-08T13:25:37.799Z - GET /volunteer/69d88f69b3060c2bfa29e45e - 304 - 1157ms
2026-05-08T13:25:37.809Z - GET /available - 304 - 1165ms
2026-05-08T13:25:38.414Z - GET /volunteer - 304 - 1779ms
2026-05-08T13:25:38.424Z - GET /volunteer/69d88f69b3060c2bfa29e45e - 304 - 607ms
2026-05-08T13:25:38.519Z - GET /volunteer/69d88f69b3060c2bfa29e45e - 304 - 86ms
2026-05-08T13:25:49.940Z - GET /available - 304 - 1269ms
2026-05-08T13:25:51.499Z - GET /volunteer - 304 - 2836ms
2026-05-08T13:26:07.515Z - GET /matches - 500 - 3ms
2026-05-08T13:26:09.059Z - GET /volunteer/69d88f69b3060c2bfa29e45e - 304 - 1539ms
2026-05-08T13:26:10.448Z - GET /volunteer - 304 - 2931ms
2026-05-08T13:26:19.825Z - GET /available - 304 - 315ms
2026-05-08T13:26:20.138Z - GET /volunteer - 304 - 632ms
2026-05-08T13:26:37.514Z - GET /matches - 500 - 4ms
2026-05-08T13:26:37.838Z - GET /volunteer/69d88f69b3060c2bfa29e45e - 304 - 321ms
2026-05-08T13:26:38.062Z - GET /volunteer - 304 - 543ms
2026-05-08T13:26:49.799Z - GET /available - 304 - 320ms
2026-05-08T13:26:50.252Z - GET /volunteer - 304 - 776ms
2026-05-08T13:27:07.481Z - GET /matches - 500 - 4ms
2026-05-08T13:27:07.803Z - GET /volunteer/69d88f69b3060c2bfa29e45e - 304 - 312ms
2026-05-08T13:27:08.209Z - GET /volunteer - 304 - 723ms
2026-05-08T13:27:19.599Z - GET /available - 304 - 104ms
2026-05-08T13:27:19.656Z - GET /volunteer - 304 - 170ms
2026-05-08T13:27:36.509Z - GET /matches - 500 - 4ms
2026-05-08T13:27:37.139Z - GET /volunteer/69d88f69b3060c2bfa29e45e - 304 - 622ms
2026-05-08T13:27:38.280Z - GET /volunteer - 304 - 1767ms
2026-05-08T13:27:49.821Z - GET /available - 304 - 321ms
2026-05-08T13:27:50.146Z - GET /volunteer - 304 - 657ms
2026-05-08T13:28:07.483Z - GET /matches - 500 - 5ms
2026-05-08T13:28:07.809Z - GET /volunteer/69d88f69b3060c2bfa29e45e - 304 - 316ms
2026-05-08T13:28:08.357Z - GET /volunteer - 304 - 868ms
2026-05-08T13:28:19.710Z - GET /available - 304 - 228ms
2026-05-08T13:28:20.256Z - GET /volunteer - 304 - 777ms
2026-05-08T13:28:37.495Z - GET /matches - 500 - 5ms
2026-05-08T13:28:37.673Z - GET /volunteer/69d88f69b3060c2bfa29e45e - 304 - 170ms
2026-05-08T13:28:37.989Z - GET /volunteer - 304 - 489ms
2026-05-08T13:28:50.838Z - GET /available - 304 - 1358ms
2026-05-08T13:28:52.354Z - GET /volunteer - 304 - 2876ms
2026-05-08T13:29:07.490Z - GET /matches - 500 - 4ms
2026-05-08T13:29:09.071Z - GET /volunteer/69d88f69b3060c2bfa29e45e - 304 - 1575ms
2026-05-08T13:29:10.057Z - GET /volunteer - 304 - 2564ms
2026-05-08T13:29:20.850Z - GET /available - 304 - 1357ms
2026-05-08T13:29:22.317Z - GET /volunteer - 304 - 2827ms
2026-05-08T13:29:37.498Z - GET /matches - 500 - 9ms
2026-05-08T13:29:39.088Z - GET /volunteer/69d88f69b3060c2bfa29e45e - 304 - 1564ms
2026-05-08T13:29:40.142Z - GET /volunteer - 304 - 2638ms
2026-05-08T13:29:50.913Z - GET /available - 304 - 1434ms
2026-05-08T13:29:52.432Z - GET /volunteer - 304 - 2955ms
2026-05-08T13:30:05.967Z - GET / - 304 - 1502ms
2026-05-08T13:30:06.736Z - GET /available - 304 - 1839ms
2026-05-08T13:30:07.702Z - GET / - 200 - 3800ms
2026-05-08T13:30:09.482Z - GET /volunteer - 304 - 4592ms
2026-05-08T13:30:10.746Z - GET / - 304 - 2647ms
2026-05-08T13:30:10.948Z - GET /conversations - 304 - 6184ms
2026-05-08T13:30:19.044Z - GET / - 304 - 10783ms
2026-05-08T13:30:36.761Z - GET /available - 304 - 1277ms
2026-05-08T13:30:36.974Z - GET /volunteer - 304 - 1495ms
2026-05-08T13:30:54.579Z - GET / - 304 - 1518ms
2026-05-08T13:30:55.347Z - GET /conversations - 304 - 2009ms
2026-05-08T13:30:55.874Z - GET /available - 304 - 2355ms
2026-05-08T13:30:58.865Z - GET /volunteer - 304 - 5351ms
2026-05-08T13:31:26.050Z - GET /available - 304 - 1565ms
2026-05-08T13:31:29.190Z - GET /volunteer - 304 - 4702ms
2026-05-08T13:31:55.928Z - GET /available - 304 - 2017ms
2026-05-08T13:31:56.580Z - GET /volunteer - 304 - 2720ms
2026-05-08T13:31:59.256Z - GET / - 304 - 1942ms
2026-05-08T13:31:59.342Z - GET /conversations - 304 - 1798ms
2026-05-08T13:31:59.350Z - GET /available - 304 - 1740ms
2026-05-08T13:32:02.660Z - GET /volunteer - 304 - 5052ms
2026-05-08T13:32:29.986Z - GET /available - 304 - 1473ms
2026-05-08T13:32:31.012Z - GET /volunteer - 304 - 2507ms
2026-05-08T13:32:51.395Z - GET / - 304 - 1518ms
2026-05-08T13:32:52.773Z - GET /available - 304 - 2683ms
2026-05-08T13:32:53.437Z - GET /conversations - 304 - 3434ms
2026-05-08T13:32:55.382Z - GET /volunteer - 304 - 5297ms
2026-05-08T13:33:13.561Z - GET /conversations - 304 - 1625ms
2026-05-08T13:33:14.628Z - GET /available - 304 - 2634ms
2026-05-08T13:33:14.705Z - GET / - 304 - 2892ms
2026-05-08T13:33:15.570Z - GET /volunteer - 304 - 3584ms
2026-05-08T13:33:44.034Z - GET /available - 304 - 1553ms
2026-05-08T13:33:45.529Z - GET /volunteer - 304 - 3051ms
2026-05-08T13:34:07.700Z - GET /available - 304 - 1563ms
2026-05-08T13:34:09.638Z - GET / - 304 - 3690ms
2026-05-08T13:34:11.086Z - GET /conversations - 304 - 5026ms
2026-05-08T13:34:11.597Z - GET /volunteer - 304 - 5480ms
2026-05-08T13:34:37.690Z - GET /available - 304 - 1203ms
2026-05-08T13:34:38.784Z - GET /volunteer - 304 - 2301ms
2026-05-08T13:34:57.242Z - GET / - 304 - 1454ms
2026-05-08T13:34:57.615Z - GET /conversations - 304 - 1697ms
2026-05-08T13:34:58.190Z - GET /available - 304 - 2206ms
2026-05-08T13:35:00.460Z - GET /volunteer - 304 - 4478ms
2026-05-08T13:35:22.196Z - GET / - 304 - 2212ms
2026-05-08T13:35:23.180Z - GET /conversations - 304 - 3070ms
2026-05-08T13:35:23.969Z - GET /available - 304 - 3799ms
2026-05-08T13:35:25.525Z - GET /volunteer - 304 - 5358ms
2026-05-08T13:35:51.704Z - GET /available - 304 - 1198ms
2026-05-08T13:35:52.999Z - GET /volunteer - 304 - 2495ms
2026-05-08T13:36:22.391Z - GET /available - 304 - 1865ms
2026-05-08T13:36:24.871Z - GET /volunteer - 304 - 4352ms
2026-05-08T13:36:52.078Z - GET /available - 304 - 1554ms
2026-05-08T13:36:52.978Z - GET /volunteer - 304 - 2458ms
2026-05-08T13:37:21.827Z - GET /available - 304 - 1251ms
2026-05-08T13:37:25.521Z - GET / - 304 - 1945ms
2026-05-08T13:37:25.607Z - GET /volunteer - 304 - 5035ms
2026-05-08T13:37:27.225Z - GET /conversations - 304 - 3293ms
2026-05-08T13:37:29.538Z - GET /available - 304 - 5421ms
2026-05-08T13:37:29.825Z - GET /volunteer - 200 - 5712ms
2026-05-08T13:37:55.739Z - GET /available - 304 - 1260ms
2026-05-08T13:37:56.427Z - GET /volunteer - 304 - 1952ms
2026-05-08T13:38:24.643Z - GET /available - 304 - 123ms
2026-05-08T13:38:24.785Z - GET /volunteer - 304 - 268ms
2026-05-08T13:38:55.525Z - GET /available - 304 - 1040ms
2026-05-08T13:38:56.465Z - GET /volunteer - 304 - 1984ms
2026-05-08T13:39:26.526Z - GET /available - 304 - 2001ms
2026-05-08T13:39:30.341Z - GET /volunteer - 304 - 5819ms
2026-05-08T13:40:07.005Z - GET /volunteer - 304 - 12471ms
2026-05-08T13:40:36.183Z - GET /available - 304 - 41643ms
2026-05-08T13:40:36.251Z - GET /volunteer - 304 - 11735ms
2026-05-08T13:40:36.995Z - GET /available - 200 - 12462ms
2026-05-08T13:40:58.819Z - GET /available - 304 - 315ms
2026-05-08T13:40:59.055Z - GET /volunteer - 304 - 557ms
2026-05-08T13:41:58.827Z - GET /available - 304 - 304ms
2026-05-08T13:41:59.217Z - GET /volunteer - 304 - 706ms
2026-05-08T13:43:00.468Z - GET /available - 304 - 1937ms
2026-05-08T13:43:01.300Z - GET /volunteer - 304 - 2810ms
2026-05-08T13:43:15.363Z - GET / - 304 - 2892ms
2026-05-08T13:43:18.608Z - GET /available - 304 - 5687ms
2026-05-08T13:43:20.989Z - GET /conversations - 304 - 8242ms
2026-05-08T13:43:22.759Z - GET /volunteer - 304 - 9840ms
2026-05-08T13:43:44.947Z - GET /available - 304 - 1423ms
2026-05-08T13:43:47.080Z - GET /volunteer - 304 - 3569ms
2026-05-08T13:44:13.866Z - GET /available - 304 - 380ms
2026-05-08T13:44:14.818Z - GET /volunteer - 304 - 1334ms
2026-05-08T13:44:43.663Z - GET /available - 304 - 166ms
2026-05-08T13:44:43.924Z - GET /volunteer - 304 - 430ms
2026-05-08T13:44:53.990Z - GET / - 304 - 2057ms
2026-05-08T13:44:54.106Z - GET /conversations - 304 - 2020ms
2026-05-08T13:44:55.475Z - GET /volunteer - 304 - 3319ms
2026-05-08T13:44:58.533Z - GET /available - 304 - 6375ms
2026-05-08T13:45:23.509Z - GET /available - 304 - 976ms
2026-05-08T13:45:27.878Z - GET /volunteer - 304 - 5366ms
2026-05-08T13:45:27.992Z - GET / - 304 - 3017ms
2026-05-08T13:45:28.080Z - GET /conversations - 304 - 2950ms
2026-05-08T13:45:28.134Z - GET /available - 304 - 2909ms
2026-05-08T13:45:29.980Z - GET /volunteer - 200 - 4757ms
2026-05-08T13:45:53.597Z - GET /matches - 500 - 14ms
2026-05-08T13:45:54.864Z - GET /volunteer/69d88f69b3060c2bfa29e45e - 304 - 1257ms
2026-05-08T13:45:54.889Z - GET /available - 304 - 1280ms
2026-05-08T13:45:55.344Z - GET /volunteer - 304 - 1742ms
2026-05-08T13:45:55.374Z - GET /volunteer/69d88f69b3060c2bfa29e45e - 304 - 496ms
2026-05-08T13:45:55.925Z - GET /volunteer/69d88f69b3060c2bfa29e45e - 304 - 534ms
2026-05-08T13:45:56.198Z - GET /volunteer - 304 - 814ms
2026-05-08T13:46:23.597Z - GET /matches - 500 - 5ms
2026-05-08T13:46:24.269Z - GET /volunteer/69d88f69b3060c2bfa29e45e - 304 - 664ms
2026-05-08T13:46:24.273Z - GET /available - 304 - 666ms
2026-05-08T13:46:25.530Z - GET /volunteer - 304 - 1929ms
2026-05-08T13:46:25.548Z - GET /volunteer/69d88f69b3060c2bfa29e45e - 304 - 1264ms
2026-05-08T13:46:26.059Z - GET /volunteer/69d88f69b3060c2bfa29e45e - 304 - 500ms
2026-05-08T13:46:26.903Z - GET /volunteer - 304 - 1361ms
2026-05-08T13:46:53.594Z - GET /matches - 500 - 6ms
2026-05-08T13:46:56.475Z - GET /volunteer/69d88f69b3060c2bfa29e45e - 304 - 2870ms
2026-05-08T13:46:56.503Z - GET /available - 304 - 2897ms
2026-05-08T13:46:56.739Z - GET /volunteer - 304 - 3137ms
2026-05-08T13:46:56.756Z - GET /volunteer/69d88f69b3060c2bfa29e45e - 304 - 270ms
2026-05-08T13:46:56.846Z - GET /volunteer/69d88f69b3060c2bfa29e45e - 304 - 81ms
2026-05-08T13:46:56.922Z - GET /volunteer - 304 - 171ms
2026-05-08T13:47:23.615Z - GET /matches - 500 - 4ms
2026-05-08T13:47:23.940Z - GET /volunteer/69d88f69b3060c2bfa29e45e - 304 - 316ms
2026-05-08T13:47:23.944Z - GET /available - 304 - 319ms
2026-05-08T13:47:24.362Z - GET /volunteer - 304 - 741ms
2026-05-08T13:47:24.367Z - GET /volunteer/69d88f69b3060c2bfa29e45e - 304 - 414ms
2026-05-08T13:47:24.798Z - GET /volunteer/69d88f69b3060c2bfa29e45e - 304 - 412ms
2026-05-08T13:47:26.029Z - GET /volunteer - 304 - 808ms
2026-05-08T13:47:54.287Z - GET /matches - 500 - 6ms
2026-05-08T13:47:54.714Z - GET /volunteer/69d88f69b3060c2bfa29e45e - 304 - 411ms
2026-05-08T13:47:54.724Z - GET /available - 304 - 419ms
2026-05-08T13:47:55.115Z - GET /volunteer - 304 - 818ms
2026-05-08T13:47:55.121Z - GET /volunteer/69d88f69b3060c2bfa29e45e - 304 - 389ms
2026-05-08T13:47:55.247Z - GET /volunteer/69d88f69b3060c2bfa29e45e - 304 - 115ms
2026-05-08T13:47:56.046Z - GET /volunteer - 304 - 820ms
2026-05-08T13:47:59.946Z - GET / - 304 - 316ms
2026-05-08T13:48:05.184Z - POST /login - 200 - 632ms
2026-05-08T13:48:05.275Z - GET /volunteer - 403 - 2ms
2026-05-08T13:48:05.344Z - GET / - 200 - 91ms
2026-05-08T13:48:05.490Z - GET /conversations - 200 - 221ms
2026-05-08T13:48:06.449Z - GET / - 304 - 1066ms
2026-05-08T13:48:06.510Z - GET /admin - 304 - 1108ms
2026-05-08T13:48:08.378Z - GET / - 304 - 1900ms
2026-05-08T13:48:10.235Z - GET /user-stats - 304 - 4830ms
2026-05-08T13:48:12.817Z - GET /me - 200 - 7311ms
2026-05-08T13:48:14.255Z - GET / - 304 - 1409ms
2026-05-08T13:48:14.428Z - GET /conversations - 304 - 1580ms
2026-05-08T13:48:14.439Z - GET /volunteer - 403 - 1ms
2026-05-08T13:48:16.183Z - GET /admin - 304 - 3326ms
2026-05-08T13:48:16.190Z - GET / - 304 - 3331ms
2026-05-08T13:48:16.236Z - GET /analytics?range=1week - 304 - 10790ms
2026-05-08T13:48:16.612Z - GET /users - 200 - 11214ms
2026-05-08T13:48:17.054Z - GET /analytics?range=1week - 304 - 809ms
2026-05-08T13:48:17.062Z - GET / - 304 - 856ms
2026-05-08T13:48:17.571Z - GET /user-stats - 304 - 3284ms
2026-05-08T13:48:23.581Z - GET /matches - 500 - 5ms
2026-05-08T13:48:23.587Z - GET /volunteer - 403 - 2ms
2026-05-08T13:48:23.661Z - GET /users - 200 - 6956ms
2026-05-08T13:48:23.796Z - GET /volunteer/69d88f69b3060c2bfa29e45e - 304 - 199ms
2026-05-08T13:48:25.228Z - GET /volunteer - 403 - 1ms
2026-05-08T13:48:35.257Z - GET /volunteer - 403 - 2ms
2026-05-08T13:48:42.879Z - GET /volunteer - 403 - 2ms
2026-05-08T13:48:53.607Z - GET /matches - 500 - 30ms
2026-05-08T13:48:53.617Z - GET /volunteer - 403 - 2ms
2026-05-08T13:48:54.069Z - GET /volunteer/69d88f69b3060c2bfa29e45e - 304 - 445ms
2026-05-08T13:48:55.224Z - GET /volunteer - 403 - 1ms
2026-05-08T13:49:05.249Z - GET /volunteer - 403 - 2ms
2026-05-08T13:49:06.055Z - GET / - 304 - 670ms
2026-05-08T13:49:06.159Z - GET /analytics?range=1week - 304 - 766ms
2026-05-08T13:49:06.266Z - GET /admin - 304 - 870ms
2026-05-08T13:49:06.993Z - GET / - 304 - 927ms
2026-05-08T13:49:13.478Z - GET /volunteer - 403 - 1ms
2026-05-08T13:49:17.680Z - GET /user-stats - 304 - 12258ms
2026-05-08T13:49:17.700Z - GET /users - 200 - 12311ms
2026-05-08T13:49:24.483Z - GET /matches - 500 - 5ms
2026-05-08T13:49:24.489Z - GET /volunteer - 403 - 2ms
2026-05-08T13:49:24.907Z - GET /volunteer/69d88f69b3060c2bfa29e45e - 304 - 401ms
2026-05-08T13:49:25.478Z - GET /volunteer - 403 - 1ms
2026-05-08T13:49:35.513Z - GET /volunteer - 403 - 1ms
2026-05-08T13:49:43.484Z - GET /volunteer - 403 - 2ms
2026-05-08T13:49:54.484Z - GET /matches - 500 - 6ms
2026-05-08T13:49:54.515Z - GET /volunteer - 403 - 2ms
2026-05-08T13:49:54.881Z - GET /volunteer/69d88f69b3060c2bfa29e45e - 304 - 340ms
2026-05-08T13:49:55.476Z - GET /volunteer - 403 - 2ms
2026-05-08T13:50:05.514Z - GET /volunteer - 403 - 2ms
2026-05-08T13:50:05.769Z - GET / - 304 - 261ms
2026-05-08T13:50:05.843Z - GET /analytics?range=1week - 304 - 318ms
2026-05-08T13:50:05.939Z - GET / - 304 - 161ms
2026-05-08T13:50:06.099Z - GET /user-stats - 304 - 575ms
2026-05-08T13:50:06.420Z - GET /admin - 304 - 899ms
2026-05-08T13:50:13.488Z - GET /volunteer - 403 - 2ms
2026-05-08T13:50:18.729Z - GET /users - 200 - 13213ms
2026-05-08T13:50:35.479Z - GET /volunteer - 403 - 2ms
2026-05-08T13:50:43.506Z - GET /volunteer - 403 - 1ms
2026-05-08T13:50:56.516Z - GET /matches - 500 - 6ms
2026-05-08T13:50:56.527Z - GET /volunteer - 403 - 3ms
2026-05-08T13:50:56.548Z - GET /volunteer - 403 - 1ms
2026-05-08T13:50:57.365Z - GET /volunteer/69d88f69b3060c2bfa29e45e - 304 - 830ms
2026-05-08T13:51:09.421Z - GET /admin - 304 - 3928ms
2026-05-08T13:51:10.916Z - GET / - 304 - 5442ms
2026-05-08T13:51:10.976Z - GET /analytics?range=1week - 304 - 5442ms
2026-05-08T13:51:11.867Z - GET /user-stats - 304 - 6337ms
2026-05-08T13:51:11.896Z - GET / - 304 - 968ms
2026-05-08T13:51:24.139Z - GET /users - 200 - 18656ms
2026-05-08T13:51:57.480Z - GET /volunteer - 403 - 2ms
2026-05-08T13:51:57.499Z - GET /volunteer - 403 - 2ms
2026-05-08T13:51:57.516Z - GET /matches - 500 - 7ms
2026-05-08T13:51:57.540Z - GET /volunteer - 403 - 2ms
2026-05-08T13:51:57.560Z - GET /volunteer - 403 - 2ms
2026-05-08T13:51:57.644Z - GET /volunteer/69d88f69b3060c2bfa29e45e - 304 - 92ms
2026-05-08T13:52:09.160Z - GET / - 304 - 3672ms
2026-05-08T13:52:09.168Z - GET /analytics?range=1week - 304 - 3639ms
2026-05-08T13:52:09.172Z - GET /admin - 304 - 3652ms
2026-05-08T13:52:10.216Z - GET / - 304 - 1012ms
2026-05-08T13:52:10.959Z - GET /user-stats - 304 - 5432ms
2026-05-08T13:52:12.313Z - GET /users - 200 - 6790ms
2026-05-08T13:52:58.516Z - GET /volunteer - 403 - 2ms
2026-05-08T13:52:58.527Z - GET /matches - 500 - 8ms
2026-05-08T13:52:58.548Z - GET /volunteer - 403 - 2ms
2026-05-08T13:52:58.562Z - GET /volunteer - 403 - 1ms
2026-05-08T13:52:58.586Z - GET /volunteer - 403 - 2ms
2026-05-08T13:52:59.559Z - GET /volunteer/69d88f69b3060c2bfa29e45e - 304 - 1029ms
2026-05-08T13:53:08.562Z - GET / - 304 - 3084ms
2026-05-08T13:53:08.599Z - GET /admin - 304 - 3103ms
2026-05-08T13:53:08.636Z - GET /analytics?range=1week - 304 - 3132ms
2026-05-08T13:53:11.320Z - GET / - 304 - 2747ms
2026-05-08T13:53:11.968Z - GET /user-stats - 304 - 6469ms
2026-05-08T13:53:12.464Z - GET /users - 200 - 6973ms
2026-05-08T13:53:58.495Z - GET /volunteer - 403 - 2ms
2026-05-08T13:53:58.537Z - GET /volunteer - 403 - 2ms
2026-05-08T13:53:58.551Z - GET /matches - 500 - 6ms
2026-05-08T13:53:58.557Z - GET /volunteer - 403 - 2ms
2026-05-08T13:53:58.606Z - GET /volunteer - 403 - 2ms
2026-05-08T13:53:58.969Z - GET /volunteer/69d88f69b3060c2bfa29e45e - 304 - 389ms
2026-05-08T13:54:08.044Z - GET / - 304 - 1888ms
2026-05-08T13:54:08.976Z - GET /admin - 304 - 2813ms
2026-05-08T13:54:09.458Z - GET /analytics?range=1week - 304 - 3288ms
2026-05-08T13:54:10.953Z - GET / - 304 - 2895ms
2026-05-08T13:54:13.297Z - GET /user-stats - 304 - 7131ms
2026-05-08T13:54:18.479Z - GET /me - 401 - 2ms
2026-05-08T13:54:21.084Z - GET /conversations - 304 - 1043ms
2026-05-08T13:54:21.110Z - GET / - 304 - 1093ms
2026-05-08T13:54:21.328Z - GET / - 304 - 1275ms
2026-05-08T13:54:21.418Z - GET /admin - 304 - 1355ms
2026-05-08T13:54:21.729Z - GET / - 304 - 326ms
2026-05-08T13:54:21.813Z - GET /user-stats - 304 - 1741ms
2026-05-08T13:54:23.065Z - GET /analytics?range=1week - 304 - 1931ms
2026-05-08T13:54:24.614Z - GET /me - 200 - 3343ms
2026-05-08T13:54:25.386Z - GET /users - 200 - 19227ms
2026-05-08T13:54:25.574Z - GET / - 304 - 882ms
2026-05-08T13:54:25.610Z - GET /conversations - 304 - 914ms
2026-05-08T13:54:26.332Z - GET / - 304 - 1632ms
2026-05-08T13:54:26.346Z - GET /admin - 304 - 1629ms
2026-05-08T13:54:27.444Z - GET /analytics?range=1week - 304 - 1858ms
2026-05-08T13:54:27.793Z - GET /me - 401 - 1ms
2026-05-08T13:54:28.543Z - GET / - 304 - 2172ms
2026-05-08T13:54:29.409Z - GET / - 304 - 1217ms
2026-05-08T13:54:29.440Z - GET /conversations - 304 - 1238ms
2026-05-08T13:54:29.980Z - GET /user-stats - 304 - 5244ms
2026-05-08T13:54:31.137Z - GET / - 200 - 2928ms
2026-05-08T13:54:31.362Z - GET /admin - 304 - 3136ms
2026-05-08T13:54:31.893Z - GET /users - 200 - 11837ms
2026-05-08T13:54:32.792Z - GET /me - 200 - 3345ms
2026-05-08T13:54:34.491Z - GET / - 304 - 1667ms
2026-05-08T13:54:34.536Z - GET /conversations - 304 - 1706ms
2026-05-08T13:54:35.175Z - GET / - 304 - 3759ms
2026-05-08T13:54:36.011Z - GET /user-stats - 200 - 7780ms
2026-05-08T13:54:36.633Z - GET /admin - 304 - 2132ms
2026-05-08T13:54:36.729Z - GET / - 304 - 1544ms
2026-05-08T13:54:37.931Z - GET /analytics?range=1week - 304 - 8513ms
2026-05-08T13:54:37.942Z - GET / - 304 - 1196ms
2026-05-08T13:54:38.203Z - GET /user-stats - 304 - 2170ms
2026-05-08T13:54:38.437Z - GET /analytics?range=1week - 304 - 488ms
2026-05-08T13:54:42.114Z - GET /users - 200 - 13898ms
2026-05-08T13:54:46.717Z - GET /users - 200 - 4578ms
2026-05-08T13:54:54.001Z - GET /me - 401 - 1ms
2026-05-08T13:54:55.734Z - GET / - 304 - 1339ms
2026-05-08T13:54:55.776Z - GET /conversations - 304 - 1379ms
2026-05-08T13:54:56.773Z - GET / - 304 - 2373ms
2026-05-08T13:54:56.873Z - GET /admin - 304 - 2467ms
2026-05-08T13:54:57.931Z - GET /me - 200 - 2147ms
2026-05-08T13:54:58.186Z - GET /analytics?range=1week - 304 - 2443ms
2026-05-08T13:54:59.100Z - GET / - 304 - 1144ms
2026-05-08T13:54:59.114Z - GET /conversations - 304 - 1155ms
2026-05-08T13:54:59.540Z - GET / - 304 - 2710ms
2026-05-08T13:55:00.992Z - GET /admin - 304 - 2797ms
2026-05-08T13:55:01.050Z - GET /user-stats - 304 - 6641ms
2026-05-08T13:55:01.115Z - GET /analytics?range=1week - 304 - 1994ms
2026-05-08T13:55:01.296Z - GET / - 304 - 1747ms
2026-05-08T13:55:01.849Z - GET / - 304 - 533ms
2026-05-08T13:55:02.001Z - GET /users - 200 - 7598ms
2026-05-08T13:55:02.077Z - GET /user-stats - 304 - 993ms
2026-05-08T13:55:06.886Z - GET /me - 401 - 1ms
2026-05-08T13:55:08.919Z - GET / - 304 - 1637ms
2026-05-08T13:55:09.858Z - GET /conversations - 304 - 2565ms
2026-05-08T13:55:10.209Z - GET /users - 200 - 8013ms
2026-05-08T13:55:10.809Z - GET /admin - 304 - 3502ms
2026-05-08T13:55:11.405Z - GET / - 304 - 4102ms
2026-05-08T13:55:12.067Z - GET /analytics?range=1week - 304 - 3135ms
2026-05-08T13:55:12.142Z - GET /me - 200 - 2272ms
2026-05-08T13:55:13.666Z - GET / - 304 - 1495ms
2026-05-08T13:55:13.677Z - GET /conversations - 304 - 1503ms
2026-05-08T13:55:16.189Z - GET / - 304 - 4766ms
2026-05-08T13:55:16.422Z - GET /admin - 304 - 4241ms
2026-05-08T13:55:18.067Z - GET /user-stats - 304 - 10757ms
2026-05-08T13:55:18.072Z - GET /analytics?range=1week - 304 - 4386ms
2026-05-08T13:55:18.463Z - GET / - 304 - 2263ms
2026-05-08T13:55:19.383Z - GET /users - 200 - 12079ms
2026-05-08T13:55:21.973Z - GET / - 304 - 3502ms
2026-05-08T13:55:24.916Z - GET /user-stats - 304 - 6832ms
2026-05-08T13:55:25.599Z - GET /users - 200 - 6162ms
2026-05-08T13:55:56.581Z - GET /me - 401 - 1ms
2026-05-08T13:56:00.008Z - GET / - 304 - 2966ms
2026-05-08T13:56:00.696Z - GET /conversations - 304 - 3648ms
2026-05-08T13:56:00.731Z - GET / - 304 - 3668ms
2026-05-08T13:56:00.741Z - GET /admin - 304 - 3672ms
2026-05-08T13:56:03.121Z - GET /me - 200 - 2412ms
2026-05-08T13:56:03.576Z - GET /users - 200 - 6511ms
2026-05-08T13:56:03.661Z - GET / - 304 - 2888ms
2026-05-08T13:56:03.961Z - GET /analytics?range=1week - 304 - 3918ms
2026-05-08T13:56:04.229Z - GET / - 304 - 1070ms
2026-05-08T13:56:04.258Z - GET /conversations - 304 - 1089ms
2026-05-08T13:56:05.683Z - GET /user-stats - 304 - 8607ms
2026-05-08T13:56:06.957Z - GET /admin - 304 - 3270ms
2026-05-08T13:56:07.467Z - GET / - 304 - 3497ms
2026-05-08T13:56:08.391Z - GET /analytics?range=1week - 304 - 4127ms
2026-05-08T13:56:09.084Z - GET / - 304 - 1608ms
2026-05-08T13:56:09.753Z - GET /users - 200 - 6061ms
2026-05-08T13:56:10.930Z - GET /user-stats - 304 - 5236ms
2026-05-08T13:56:19.156Z - GET /conversations - 304 - 1390ms
2026-05-08T13:56:38.333Z - POST /login - 200 - 3938ms
2026-05-08T13:56:38.598Z - GET / - 200 - 107ms
2026-05-08T13:56:38.753Z - GET /conversations - 200 - 251ms
2026-05-08T13:56:38.838Z - GET /matches - 500 - 12ms
2026-05-08T13:56:40.028Z - GET /volunteer/69d88f69b3060c2bfa29e45e - 304 - 1181ms
2026-05-08T13:56:40.058Z - GET /available - 304 - 1209ms
2026-05-08T13:56:40.953Z - GET /volunteer - 200 - 2111ms
2026-05-08T13:56:40.970Z - GET /volunteer/69d88f69b3060c2bfa29e45e - 304 - 885ms
2026-05-08T13:56:42.126Z - GET /volunteer/69d88f69b3060c2bfa29e45e - 304 - 1135ms
2026-05-08T13:56:49.715Z - GET /available - 304 - 282ms
2026-05-08T13:56:50.250Z - GET /volunteer - 304 - 826ms
2026-05-08T13:56:53.417Z - GET /volunteer/69d88f69b3060c2bfa29e45e - 304 - 168ms
2026-05-08T13:56:59.877Z - PUT /read/69d88c18b3060c2bfa29e408 - 200 - 871ms
2026-05-08T13:56:59.883Z - GET /69d88c18b3060c2bfa29e408 - 304 - 834ms
2026-05-08T13:57:00.358Z - GET /conversations - 304 - 452ms
2026-05-08T13:57:08.748Z - GET /matches - 500 - 13ms
2026-05-08T13:57:09.293Z - GET /volunteer/69d88f69b3060c2bfa29e45e - 304 - 528ms
2026-05-08T13:57:09.794Z - GET /volunteer - 304 - 1037ms
2026-05-08T13:57:10.093Z - GET /volunteer/69d88f69b3060c2bfa29e45e - 304 - 234ms
2026-05-08T13:57:20.098Z - GET /volunteer - 304 - 670ms
2026-05-08T13:57:23.460Z - GET /volunteer/69d88f69b3060c2bfa29e45e - 304 - 211ms
2026-05-08T13:57:39.089Z - GET /matches - 500 - 4ms
2026-05-08T13:57:39.444Z - GET /volunteer/69d88f69b3060c2bfa29e45e - 304 - 345ms
2026-05-08T13:57:39.790Z - GET /volunteer - 304 - 696ms
2026-05-08T13:57:40.488Z - GET /volunteer/69d88f69b3060c2bfa29e45e - 304 - 626ms
2026-05-08T13:57:50.502Z - GET /volunteer - 304 - 1027ms
2026-05-08T13:57:54.024Z - GET /volunteer/69d88f69b3060c2bfa29e45e - 304 - 524ms
2026-05-08T13:58:09.492Z - GET /matches - 500 - 6ms
2026-05-08T13:58:09.761Z - GET /volunteer/69d88f69b3060c2bfa29e45e - 304 - 257ms
2026-05-08T13:58:10.205Z - GET /volunteer - 304 - 706ms
2026-05-08T13:58:11.225Z - GET /volunteer/69d88f69b3060c2bfa29e45e - 304 - 748ms
2026-05-08T13:58:20.047Z - GET /volunteer - 304 - 562ms
2026-05-08T13:58:23.599Z - GET /volunteer/69d88f69b3060c2bfa29e45e - 304 - 120ms
2026-05-08T13:58:39.485Z - GET /matches - 500 - 7ms
2026-05-08T13:58:39.902Z - GET /volunteer/69d88f69b3060c2bfa29e45e - 304 - 403ms
2026-05-08T13:58:39.907Z - GET /volunteer - 304 - 412ms
2026-05-08T13:58:40.785Z - GET /volunteer/69d88f69b3060c2bfa29e45e - 304 - 297ms
2026-05-08T13:58:50.780Z - GET /volunteer - 304 - 1289ms
2026-05-08T13:58:53.755Z - GET /volunteer/69d88f69b3060c2bfa29e45e - 304 - 280ms
2026-05-08T13:59:09.509Z - GET /matches - 500 - 6ms
2026-05-08T13:59:09.889Z - GET /volunteer/69d88f69b3060c2bfa29e45e - 304 - 362ms
2026-05-08T13:59:10.016Z - GET /volunteer - 304 - 495ms
2026-05-08T13:59:11.110Z - GET /volunteer/69d88f69b3060c2bfa29e45e - 304 - 627ms
2026-05-08T13:59:20.248Z - GET /volunteer - 304 - 772ms
2026-05-08T13:59:23.927Z - GET /volunteer/69d88f69b3060c2bfa29e45e - 304 - 451ms
2026-05-08T13:59:58.501Z - GET /matches - 500 - 5ms
2026-05-08T13:59:59.999Z - GET /volunteer/69d88f69b3060c2bfa29e45e - 304 - 1487ms
2026-05-08T14:00:00.674Z - GET /volunteer - 304 - 2170ms
2026-05-08T14:00:00.681Z - GET /volunteer/69d88f69b3060c2bfa29e45e - 304 - 667ms
2026-05-08T14:00:01.110Z - GET /volunteer/69d88f69b3060c2bfa29e45e - 304 - 413ms
2026-05-08T14:00:01.748Z - GET /volunteer - 304 - 1058ms
2026-05-08T14:00:58.482Z - GET /matches - 500 - 6ms
2026-05-08T14:00:59.626Z - GET /volunteer/69d88f69b3060c2bfa29e45e - 304 - 1114ms
2026-05-08T14:01:00.054Z - GET /volunteer - 304 - 1569ms
2026-05-08T14:01:00.062Z - GET /volunteer/69d88f69b3060c2bfa29e45e - 304 - 407ms
2026-05-08T14:01:00.283Z - GET /volunteer/69d88f69b3060c2bfa29e45e - 304 - 203ms
2026-05-08T14:01:01.031Z - GET /volunteer - 304 - 955ms
2026-05-08T14:01:58.522Z - GET /matches - 500 - 8ms
2026-05-08T14:01:59.182Z - GET /volunteer/69d88f69b3060c2bfa29e45e - 304 - 641ms
2026-05-08T14:01:59.953Z - GET /volunteer - 304 - 1427ms
2026-05-08T14:01:59.958Z - GET /volunteer/69d88f69b3060c2bfa29e45e - 304 - 727ms
2026-05-08T14:02:00.513Z - GET /volunteer/69d88f69b3060c2bfa29e45e - 304 - 531ms
2026-05-08T14:02:01.265Z - GET /volunteer - 304 - 1285ms
2026-05-08T14:02:58.501Z - GET /matches - 500 - 9ms
2026-05-08T14:02:58.981Z - GET /volunteer/69d88f69b3060c2bfa29e45e - 304 - 470ms
2026-05-08T14:02:59.083Z - GET /volunteer - 304 - 578ms
2026-05-08T14:02:59.185Z - GET /volunteer/69d88f69b3060c2bfa29e45e - 304 - 174ms
2026-05-08T14:02:59.344Z - GET /volunteer/69d88f69b3060c2bfa29e45e - 304 - 147ms
2026-05-08T14:02:59.348Z - GET /volunteer - 304 - 251ms
2026-05-08T14:03:58.500Z - GET /matches - 500 - 5ms
2026-05-08T14:03:58.826Z - GET /volunteer/69d88f69b3060c2bfa29e45e - 304 - 317ms
2026-05-08T14:03:59.089Z - GET /volunteer - 304 - 584ms
2026-05-08T14:03:59.358Z - GET /volunteer/69d88f69b3060c2bfa29e45e - 304 - 515ms
2026-05-08T14:03:59.644Z - GET /volunteer - 304 - 520ms
2026-05-08T14:03:59.651Z - GET /volunteer/69d88f69b3060c2bfa29e45e - 304 - 276ms
2026-05-08T14:04:58.489Z - GET /matches - 500 - 4ms
2026-05-08T14:04:58.797Z - GET /volunteer/69d88f69b3060c2bfa29e45e - 304 - 299ms
2026-05-08T14:04:59.201Z - GET /volunteer - 304 - 708ms
2026-05-08T14:04:59.206Z - GET /volunteer/69d88f69b3060c2bfa29e45e - 304 - 396ms
2026-05-08T14:04:59.412Z - GET /volunteer/69d88f69b3060c2bfa29e45e - 304 - 177ms
2026-05-08T14:04:59.793Z - GET /volunteer - 304 - 561ms
2026-05-08T14:05:58.488Z - GET /matches - 500 - 13ms
2026-05-08T14:05:59.846Z - GET /volunteer/69d88f69b3060c2bfa29e45e - 304 - 1331ms
2026-05-08T14:06:01.176Z - GET /volunteer - 304 - 2681ms
2026-05-08T14:06:01.430Z - GET /volunteer/69d88f69b3060c2bfa29e45e - 304 - 1574ms
2026-05-08T14:06:02.906Z - GET /volunteer/69d88f69b3060c2bfa29e45e - 304 - 1465ms
2026-05-08T14:06:04.285Z - GET /volunteer - 304 - 3097ms
2026-05-08T14:06:58.515Z - GET /matches - 500 - 3ms
2026-05-08T14:06:59.925Z - GET /volunteer/69d88f69b3060c2bfa29e45e - 304 - 1406ms
2026-05-08T14:07:00.430Z - GET /volunteer - 304 - 1913ms
2026-05-08T14:07:00.471Z - GET /volunteer/69d88f69b3060c2bfa29e45e - 304 - 536ms
2026-05-08T14:07:01.521Z - GET /volunteer/69d88f69b3060c2bfa29e45e - 304 - 1039ms
2026-05-08T14:07:02.422Z - GET /volunteer - 304 - 1964ms
2026-05-08T14:07:58.493Z - GET /matches - 500 - 8ms
2026-05-08T14:08:01.535Z - GET /volunteer/69d88f69b3060c2bfa29e45e - 304 - 3031ms
2026-05-08T14:08:01.966Z - GET /volunteer - 304 - 3470ms
2026-05-08T14:08:01.975Z - GET /volunteer/69d88f69b3060c2bfa29e45e - 304 - 422ms
2026-05-08T14:08:02.146Z - GET /volunteer/69d88f69b3060c2bfa29e45e - 304 - 148ms
2026-05-08T14:08:02.335Z - GET /volunteer - 304 - 341ms
2026-05-08T14:08:58.496Z - GET /matches - 500 - 5ms
2026-05-08T14:08:59.103Z - GET /volunteer/69d88f69b3060c2bfa29e45e - 304 - 601ms
2026-05-08T14:08:59.713Z - GET /volunteer - 304 - 1214ms
2026-05-08T14:08:59.791Z - GET /volunteer/69d88f69b3060c2bfa29e45e - 304 - 678ms
2026-05-08T14:09:00.589Z - GET /volunteer/69d88f69b3060c2bfa29e45e - 304 - 788ms
2026-05-08T14:09:01.314Z - GET /volunteer - 304 - 1588ms
2026-05-08T14:09:58.493Z - GET /matches - 500 - 5ms
2026-05-08T14:10:00.789Z - GET /volunteer/69d88f69b3060c2bfa29e45e - 304 - 2282ms
2026-05-08T14:10:00.834Z - GET /volunteer - 304 - 2336ms
2026-05-08T14:10:01.636Z - GET /volunteer/69d88f69b3060c2bfa29e45e - 304 - 838ms
2026-05-08T14:10:02.140Z - GET /volunteer/69d88f69b3060c2bfa29e45e - 304 - 491ms
2026-05-08T14:10:02.224Z - GET /volunteer - 304 - 1381ms
2026-05-08T14:10:58.481Z - GET /matches - 500 - 5ms
2026-05-08T14:10:59.962Z - GET /volunteer/69d88f69b3060c2bfa29e45e - 304 - 1473ms
2026-05-08T14:11:01.284Z - GET /volunteer - 304 - 2798ms
2026-05-08T14:11:01.314Z - GET /volunteer/69d88f69b3060c2bfa29e45e - 304 - 1323ms
2026-05-08T14:11:02.488Z - GET /volunteer/69d88f69b3060c2bfa29e45e - 304 - 1167ms
2026-05-08T14:11:03.486Z - GET /volunteer - 304 - 2169ms
2026-05-08T14:11:58.490Z - GET /matches - 500 - 3ms
2026-05-08T14:11:59.897Z - GET /volunteer/69d88f69b3060c2bfa29e45e - 304 - 1401ms
2026-05-08T14:12:00.217Z - GET /volunteer - 304 - 1724ms
2026-05-08T14:12:00.234Z - GET /volunteer/69d88f69b3060c2bfa29e45e - 304 - 328ms
2026-05-08T14:12:00.338Z - GET /volunteer/69d88f69b3060c2bfa29e45e - 304 - 95ms
2026-05-08T14:12:00.375Z - GET /volunteer - 304 - 147ms
2026-05-08T14:12:58.485Z - GET /matches - 500 - 3ms
2026-05-08T14:12:58.612Z - GET /volunteer/69d88f69b3060c2bfa29e45e - 304 - 117ms
2026-05-08T14:12:58.721Z - GET /volunteer - 304 - 233ms
2026-05-08T14:12:58.774Z - GET /volunteer/69d88f69b3060c2bfa29e45e - 304 - 154ms
2026-05-08T14:12:58.882Z - GET /volunteer - 304 - 154ms
2026-05-08T14:12:58.888Z - GET /volunteer/69d88f69b3060c2bfa29e45e - 304 - 103ms
2026-05-08T14:13:58.509Z - GET /matches - 500 - 15ms
2026-05-08T14:13:58.874Z - GET /volunteer/69d88f69b3060c2bfa29e45e - 304 - 358ms
2026-05-08T14:13:59.234Z - GET /volunteer - 304 - 722ms
2026-05-08T14:13:59.453Z - GET /volunteer/69d88f69b3060c2bfa29e45e - 304 - 567ms
2026-05-08T14:13:59.685Z - GET /volunteer/69d88f69b3060c2bfa29e45e - 304 - 220ms
2026-05-08T14:13:59.733Z - GET /volunteer - 304 - 476ms
2026-05-08T14:14:58.505Z - GET /matches - 500 - 5ms
2026-05-08T14:14:59.041Z - GET /volunteer/69d88f69b3060c2bfa29e45e - 304 - 529ms
2026-05-08T14:14:59.166Z - GET /volunteer - 304 - 658ms
2026-05-08T14:14:59.488Z - GET /volunteer/69d88f69b3060c2bfa29e45e - 304 - 429ms
2026-05-08T14:14:59.662Z - GET /volunteer/69d88f69b3060c2bfa29e45e - 304 - 163ms
2026-05-08T14:14:59.835Z - GET /volunteer - 304 - 659ms
2026-05-08T14:15:58.481Z - GET /matches - 500 - 4ms
2026-05-08T14:15:59.185Z - GET /volunteer/69d88f69b3060c2bfa29e45e - 304 - 689ms
2026-05-08T14:15:59.465Z - GET /volunteer/69d88f69b3060c2bfa29e45e - 304 - 266ms
2026-05-08T14:15:59.468Z - GET /volunteer - 304 - 984ms
2026-05-08T14:15:59.745Z - GET /volunteer/69d88f69b3060c2bfa29e45e - 304 - 270ms
2026-05-08T14:15:59.924Z - GET /volunteer - 304 - 443ms
2026-05-08T14:16:58.503Z - GET /matches - 500 - 2ms
2026-05-08T14:16:58.781Z - GET /volunteer/69d88f69b3060c2bfa29e45e - 304 - 273ms
2026-05-08T14:16:59.296Z - GET /volunteer - 304 - 791ms
2026-05-08T14:16:59.300Z - GET /volunteer/69d88f69b3060c2bfa29e45e - 304 - 492ms
2026-05-08T14:16:59.914Z - GET /volunteer/69d88f69b3060c2bfa29e45e - 304 - 597ms
2026-05-08T14:17:00.216Z - GET /volunteer - 304 - 906ms
2026-05-08T14:17:58.481Z - GET /matches - 500 - 6ms
2026-05-08T14:17:59.933Z - GET /volunteer/69d88f69b3060c2bfa29e45e - 304 - 1420ms
2026-05-08T14:18:01.481Z - GET /volunteer/69d88f69b3060c2bfa29e45e - 304 - 1534ms
2026-05-08T14:18:01.505Z - GET /volunteer - 304 - 2996ms
2026-05-08T14:18:02.892Z - GET /volunteer/69d88f69b3060c2bfa29e45e - 304 - 1400ms
2026-05-08T14:18:04.285Z - GET /volunteer - 304 - 2772ms
2026-05-08T14:18:49.052Z - GET / - 304 - 2939ms
2026-05-08T14:18:51.842Z - GET /conversations - 304 - 2255ms
2026-05-08T14:18:51.903Z - GET /volunteer/69d88f69b3060c2bfa29e45e - 304 - 2085ms
2026-05-08T14:19:22.048Z - GET /volunteer/69d88f69b3060c2bfa29e45e - 304 - 1567ms
2026-05-08T14:19:35.701Z - GET / - 304 - 1521ms
2026-05-08T14:19:36.507Z - GET /conversations - 304 - 2168ms
2026-05-08T14:19:36.867Z - GET /volunteer/69d88f69b3060c2bfa29e45e - 304 - 2462ms
2026-05-08T14:20:35.514Z - GET /volunteer/69d88f69b3060c2bfa29e45e - 200 - 1009ms
2026-05-08T14:21:35.281Z - GET / - 401 - 26ms
2026-05-08T14:21:35.296Z - GET /volunteer/69d88f69b3060c2bfa29e45e - 200 - 725ms
2026-05-08T14:21:35.743Z - GET /conversations - 401 - 2ms
2026-05-08T14:21:37.482Z - GET /volunteer/69d88f69b3060c2bfa29e45e - 200 - 1557ms
2026-05-08T14:22:37.863Z - GET /volunteer/69d88f69b3060c2bfa29e45e - 200 - 1372ms
2026-05-08T14:23:06.868Z - GET /volunteer/69d88f69b3060c2bfa29e45e - 304 - 390ms
2026-05-08T14:23:36.943Z - GET /volunteer/69d88f69b3060c2bfa29e45e - 304 - 470ms
2026-05-08T14:24:06.626Z - GET /volunteer/69d88f69b3060c2bfa29e45e - 304 - 141ms
2026-05-08T14:24:36.894Z - GET /volunteer/69d88f69b3060c2bfa29e45e - 304 - 418ms
2026-05-08T14:25:37.674Z - GET /volunteer/69d88f69b3060c2bfa29e45e - 304 - 188ms
2026-05-08T14:26:22.287Z - GET / - 401 - 13ms
2026-05-08T14:26:22.657Z - GET /conversations - 401 - 7ms
2026-05-08T14:26:23.992Z - GET /volunteer/69d88f69b3060c2bfa29e45e - 304 - 1075ms
2026-05-08T14:26:41.802Z - PUT /read/69d88c18b3060c2bfa29e408 - 401 - 109ms
2026-05-08T14:26:41.809Z - GET /69d88c18b3060c2bfa29e408 - 401 - 3ms
2026-05-08T14:26:44.295Z - GET /volunteer/69d88f69b3060c2bfa29e45e - 304 - 101ms
2026-05-08T14:26:48.145Z - GET /volunteer - 401 - 5ms
2026-05-08T14:26:48.167Z - GET /available - 401 - 6ms
2026-05-08T14:26:52.221Z - GET /matches - 500 - 120ms
2026-05-08T14:26:52.229Z - GET /volunteer - 401 - 4ms
2026-05-08T14:26:52.246Z - GET /available - 401 - 5ms
2026-05-08T14:26:52.456Z - GET /volunteer/69d88f69b3060c2bfa29e45e - 304 - 221ms
2026-05-08T14:26:52.563Z - GET /volunteer/69d88f69b3060c2bfa29e45e - 304 - 100ms
2026-05-08T14:26:52.682Z - GET /volunteer/69d88f69b3060c2bfa29e45e - 304 - 107ms
2026-05-08T14:26:53.632Z - GET /volunteer/69d88f69b3060c2bfa29e45e - 304 - 97ms
2026-05-08T14:27:15.899Z - GET /volunteer/69d88f69b3060c2bfa29e45e - 304 - 1375ms
2026-05-08T14:27:18.502Z - GET /volunteer - 401 - 2ms
2026-05-08T14:27:22.479Z - GET /matches - 500 - 6ms
2026-05-08T14:27:22.485Z - GET /volunteer - 401 - 2ms
2026-05-08T14:27:22.491Z - GET /available - 401 - 1ms
2026-05-08T14:27:23.234Z - GET /volunteer/69d88f69b3060c2bfa29e45e - 304 - 746ms
2026-05-08T14:27:23.444Z - GET /volunteer/69d88f69b3060c2bfa29e45e - 304 - 125ms
2026-05-08T14:27:23.591Z - GET /volunteer/69d88f69b3060c2bfa29e45e - 304 - 140ms
2026-05-08T14:27:23.703Z - GET /volunteer/69d88f69b3060c2bfa29e45e - 304 - 104ms
2026-05-08T14:27:46.113Z - GET /volunteer/69d88f69b3060c2bfa29e45e - 304 - 1600ms
2026-05-08T14:27:48.476Z - GET /volunteer - 401 - 2ms
2026-05-08T14:27:52.516Z - GET /matches - 500 - 4ms
2026-05-08T14:27:52.556Z - GET /volunteer - 401 - 3ms
2026-05-08T14:27:52.565Z - GET /available - 401 - 4ms
2026-05-08T14:27:53.251Z - GET /volunteer/69d88f69b3060c2bfa29e45e - 304 - 692ms
2026-05-08T14:27:55.014Z - GET /volunteer/69d88f69b3060c2bfa29e45e - 304 - 1753ms
2026-05-08T14:27:55.958Z - GET /volunteer/69d88f69b3060c2bfa29e45e - 304 - 930ms
2026-05-08T14:27:56.854Z - GET /volunteer/69d88f69b3060c2bfa29e45e - 304 - 886ms
2026-05-08T14:28:16.053Z - GET /volunteer/69d88f69b3060c2bfa29e45e - 304 - 1572ms
2026-05-08T14:28:18.484Z - GET /volunteer - 401 - 2ms
2026-05-08T14:28:22.485Z - GET /matches - 500 - 7ms
2026-05-08T14:28:22.498Z - GET /volunteer - 401 - 3ms
2026-05-08T14:28:22.521Z - GET /available - 401 - 2ms
2026-05-08T14:28:22.616Z - GET /volunteer/69d88f69b3060c2bfa29e45e - 304 - 105ms
2026-05-08T14:28:22.722Z - GET /volunteer/69d88f69b3060c2bfa29e45e - 304 - 97ms
2026-05-08T14:28:22.839Z - GET /volunteer/69d88f69b3060c2bfa29e45e - 304 - 107ms
2026-05-08T14:28:23.624Z - GET /volunteer/69d88f69b3060c2bfa29e45e - 304 - 154ms
2026-05-08T14:28:45.864Z - GET /volunteer/69d88f69b3060c2bfa29e45e - 304 - 1356ms
2026-05-08T14:28:48.497Z - GET /volunteer - 401 - 1ms
